Vivado Simulator v2022.1
Copyright 1986-1999, 2001-2022 Xilinx, Inc. All Rights Reserved.
Running: C:/Xilinx/Vivado/2022.1/bin/unwrapped/win64.o/xelab.exe --incr --debug typical --relax --mt 2 --maxdelay -L xil_defaultlib -L simprims_ver -L secureip --snapshot tb_finalproject_time_synth -transport_int_delays -pulse_r 0 -pulse_int_r 0 -pulse_e 0 -pulse_int_e 0 xil_defaultlib.tb_finalproject xil_defaultlib.glbl -log elaborate.log 
Using 2 slave threads.
Starting static elaboration
Pass Through NonSizing Optimizer
Completed static elaboration
Starting simulation data flow analysis
Completed simulation data flow analysis
INFO: [XSIM 43-3451] SDF backannotation process started with SDF file "tb_finalproject_time_synth.sdf", for root module "tb_finalproject/dut".
INFO: [XSIM 43-3452] SDF backannotation was successful for SDF file "tb_finalproject_time_synth.sdf", for root module "tb_finalproject/dut".
Time Resolution for simulation is 1ps
Compiling module simprims_ver.OBUF
Compiling module simprims_ver.BUFG
Compiling module simprims_ver.IBUF
Compiling module simprims_ver.FDCE_default
Compiling module simprims_ver.x_lut1_mux2
Compiling module simprims_ver.LUT1
Compiling module simprims_ver.CARRY4
Compiling module simprims_ver.x_lut2_mux4
Compiling module simprims_ver.LUT2
Compiling module simprims_ver.LUT5
Compiling module simprims_ver.FDRE_default
Compiling module simprims_ver.LUT6
Compiling module simprims_ver.LUT4
Compiling module simprims_ver.x_lut3_mux8
Compiling module simprims_ver.LUT3
Compiling module simprims_ver.DSP48E1(ACASCREG=0,ALUMODEREG=0,...
Compiling module xil_defaultlib.CNN
Compiling module simprims_ver.FDSE_default
Compiling module simprims_ver.MUXF7
Compiling module simprims_ver.GND
Compiling module simprims_ver.RB36_INTERNAL_VLOG(RDADDR_COLLIS...
Compiling module simprims_ver.RAMB36E1(INIT_00=256'b0100010100...
Compiling module xil_defaultlib.Instruction_Memory
Compiling module xil_defaultlib.Simple_CPU
Compiling module simprims_ver.RB36_INTERNAL_VLOG(READ_WIDTH_A=...
Compiling module simprims_ver.RAMB36E1(READ_WIDTH_A=36,READ_WI...
Compiling module xil_defaultlib.Data_mem
Compiling module simprims_ver.MUXF8
Compiling module simprims_ver.RB18_INTERNAL_VLOG(RDADDR_COLLIS...
Compiling module simprims_ver.RAMB18E1(INITP_00=256'b010001111...
Compiling module simprims_ver.RB18_INTERNAL_VLOG(RDADDR_COLLIS...
Compiling module simprims_ver.RAMB18E1(RDADDR_COLLISION_HWCONF...
Compiling module simprims_ver.RB18_INTERNAL_VLOG(RDADDR_COLLIS...
Compiling module simprims_ver.RAMB18E1(INITP_00=256'b011001011...
Compiling module simprims_ver.RB18_INTERNAL_VLOG(RDADDR_COLLIS...
Compiling module simprims_ver.RAMB18E1(INITP_00=256'b011111100...
Compiling module simprims_ver.RB18_INTERNAL_VLOG(RDADDR_COLLIS...
Compiling module simprims_ver.RAMB18E1(INIT_00=256'b0110000111...
Compiling module xil_defaultlib.golden_rom
Compiling module simprims_ver.RB18_INTERNAL_VLOG(RDADDR_COLLIS...
Compiling module simprims_ver.RAMB18E1(INIT_00=256'b0110110000...
Compiling module simprims_ver.RB36_INTERNAL_VLOG(RDADDR_COLLIS...
Compiling module simprims_ver.RAMB36E1(INITP_00=256'b111110100...
Compiling module simprims_ver.RB36_INTERNAL_VLOG(RDADDR_COLLIS...
Compiling module simprims_ver.RAMB36E1(INITP_00=256'b111000111...
Compiling module simprims_ver.RB18_INTERNAL_VLOG(RDADDR_COLLIS...
Compiling module simprims_ver.RAMB18E1(INIT_00=256'b0101011000...
Compiling module simprims_ver.RB18_INTERNAL_VLOG(RDADDR_COLLIS...
Compiling module simprims_ver.RAMB18E1(INIT_00=256'b1111101000...
Compiling module simprims_ver.RB18_INTERNAL_VLOG(RDADDR_COLLIS...
Compiling module simprims_ver.RAMB18E1(INIT_00=256'b1001111011...
Compiling module simprims_ver.RB36_INTERNAL_VLOG(RDADDR_COLLIS...
Compiling module simprims_ver.RAMB36E1(INITP_00=256'b100010001...
Compiling module simprims_ver.RB36_INTERNAL_VLOG(RDADDR_COLLIS...
Compiling module simprims_ver.RAMB36E1(INITP_00=256'b111111110...
Compiling module simprims_ver.RB18_INTERNAL_VLOG(RDADDR_COLLIS...
Compiling module simprims_ver.RAMB18E1(INITP_00=256'b111010010...
Compiling module simprims_ver.RB36_INTERNAL_VLOG(RDADDR_COLLIS...
Compiling module simprims_ver.RAMB36E1(INITP_00=256'b100010001...
Compiling module simprims_ver.RB36_INTERNAL_VLOG(RDADDR_COLLIS...
Compiling module simprims_ver.RAMB36E1(INITP_00=256'b110000111...
Compiling module simprims_ver.RB36_INTERNAL_VLOG(RDADDR_COLLIS...
Compiling module simprims_ver.RAMB36E1(INITP_00=256'b011001010...
Compiling module xil_defaultlib.init_rom
Compiling module simprims_ver.DSP48E1(ACASCREG=0,ADREG=0,ALUMO...
Compiling module simprims_ver.FDPE_default
Compiling module xil_defaultlib.test_circuit
Compiling module xil_defaultlib.RISCV_CNN
Compiling module xil_defaultlib.tb_finalproject
Compiling module xil_defaultlib.glbl
Built simulation snapshot tb_finalproject_time_synth
