Vivado Simulator v2022.1
Copyright 1986-1999, 2001-2022 Xilinx, Inc. All Rights Reserved.
Running: C:/Xilinx/Vivado/2022.1/bin/unwrapped/win64.o/xelab.exe tb_finalproject glbl --timescale 1ns/1ps -debug typical -s tb_finalproject_sim 
Multi-threading is on. Using 14 slave threads.
Starting static elaboration
Pass Through NonSizing Optimizer
Completed static elaboration
Starting simulation data flow analysis
Completed simulation data flow analysis
Time Resolution for simulation is 1ps
Compiling module work.blk_mem_gen_v8_4_5_output_stage(...
Compiling module work.blk_mem_gen_v8_4_5_softecc_outpu...
Compiling module work.blk_mem_gen_v8_4_5_mem_module(C_...
Compiling module work.blk_mem_gen_v8_4_5(C_FAMILY="art...
Compiling module work.init_rom
Compiling module work.blk_mem_gen_v8_4_5_output_stage(...
Compiling module work.blk_mem_gen_v8_4_5_softecc_outpu...
Compiling module work.blk_mem_gen_v8_4_5_mem_module(C_...
Compiling module work.blk_mem_gen_v8_4_5(C_FAMILY="art...
Compiling module work.golden_rom
Compiling module work.test_circuit_default
Compiling module work.blk_mem_gen_v8_4_5_output_stage(...
Compiling module work.blk_mem_gen_v8_4_5_softecc_outpu...
Compiling module work.blk_mem_gen_v8_4_5_mem_module(C_...
Compiling module work.blk_mem_gen_v8_4_5(C_FAMILY="art...
Compiling module work.Instruction_Memory
Compiling module work.Simple_CPU
Compiling module work.CNN
Compiling module work.blk_mem_gen_v8_4_5_mem_module(C_...
Compiling module work.blk_mem_gen_v8_4_5(C_FAMILY="art...
Compiling module work.Data_mem
Compiling module work.RISCV_CNN
Compiling module work.tb_finalproject
Compiling module work.glbl
Built simulation snapshot tb_finalproject_sim
