#-----------------------------------------------------------
# xsim v2022.1 (64-bit)
# SW Build 3526262 on Mon Apr 18 15:48:16 MDT 2022
# IP Build 3524634 on Mon Apr 18 20:55:01 MDT 2022
# Start of session at: Tue May 19 13:22:20 2026
# Process ID: 47432
# Current directory: C:/Users/User/DSD_Lab/Final/DSD_final_project/final/final.sim/sim_1/behav/xsim_manual
# Command line: xsim.exe -mode tcl -source {xsim.dir/tb_finalproject_sim/xsim_script.tcl}
# Log file: C:/Users/User/DSD_Lab/Final/DSD_final_project/final/final.sim/sim_1/behav/xsim_manual/xsim.log
# Journal file: C:/Users/User/DSD_Lab/Final/DSD_final_project/final/final.sim/sim_1/behav/xsim_manual\xsim.jou
# Running On: MSI, OS: Windows, CPU Frequency: 1797 MHz, CPU Physical cores: 16, Host memory: 33677 MB
#-----------------------------------------------------------
source xsim.dir/tb_finalproject_sim/xsim_script.tcl
# xsim {tb_finalproject_sim} -autoloadwcfg -runall
Time resolution is 1 ps
run -all
 Block Memory Generator module loading initial data...
 Block Memory Generator data initialization complete.
Block Memory Generator module tb_finalproject.dut.u_test_circuit.init_rom_inst.inst.\native_mem_module.blk_mem_gen_v8_4_5_inst  is using a behavioral model for simulation which will not precisely model memory collision behavior.
 Block Memory Generator module loading initial data...
 Block Memory Generator data initialization complete.
Block Memory Generator module tb_finalproject.dut.u_test_circuit.golden_rom_inst.inst.\native_mem_module.blk_mem_gen_v8_4_5_inst  is using a behavioral model for simulation which will not precisely model memory collision behavior.
 Block Memory Generator module loading initial data...
 Block Memory Generator data initialization complete.
Block Memory Generator module tb_finalproject.dut.u_cpu.u_Instruction_Memory.inst.\native_mem_module.blk_mem_gen_v8_4_5_inst  is using a behavioral model for simulation which will not precisely model memory collision behavior.
Block Memory Generator module tb_finalproject.dut.u_data_mem.inst.\native_mem_module.blk_mem_gen_v8_4_5_inst  is using a behavioral model for simulation which will not precisely model memory collision behavior.
blk_mem_gen_v8_4_5 collision detected at time: 10000485000, Instance: tb_finalproject.dut.u_data_mem.inst.\native_mem_module.blk_mem_gen_v8_4_5_inst , A write address: 6, B  read address: 6
blk_mem_gen_v8_4_5 collision detected at time: 10010795000, Instance: tb_finalproject.dut.u_data_mem.inst.\native_mem_module.blk_mem_gen_v8_4_5_inst , A write address: 6, B  read address: 6
blk_mem_gen_v8_4_5 collision detected at time: 10032445000, Instance: tb_finalproject.dut.u_data_mem.inst.\native_mem_module.blk_mem_gen_v8_4_5_inst , A write address: 6, B  read address: 6
blk_mem_gen_v8_4_5 collision detected at time: 10032465000, Instance: tb_finalproject.dut.u_data_mem.inst.\native_mem_module.blk_mem_gen_v8_4_5_inst , A read address: 6, B write address: 6
blk_mem_gen_v8_4_5 collision detected at time: 10043855000, Instance: tb_finalproject.dut.u_data_mem.inst.\native_mem_module.blk_mem_gen_v8_4_5_inst , A write address: 6, B  read address: 6
blk_mem_gen_v8_4_5 collision detected at time: 10054165000, Instance: tb_finalproject.dut.u_data_mem.inst.\native_mem_module.blk_mem_gen_v8_4_5_inst , A write address: 6, B  read address: 6
blk_mem_gen_v8_4_5 collision detected at time: 10075815000, Instance: tb_finalproject.dut.u_data_mem.inst.\native_mem_module.blk_mem_gen_v8_4_5_inst , A write address: 6, B  read address: 6
blk_mem_gen_v8_4_5 collision detected at time: 10075835000, Instance: tb_finalproject.dut.u_data_mem.inst.\native_mem_module.blk_mem_gen_v8_4_5_inst , A read address: 6, B write address: 6
blk_mem_gen_v8_4_5 collision detected at time: 10092795000, Instance: tb_finalproject.dut.u_data_mem.inst.\native_mem_module.blk_mem_gen_v8_4_5_inst , A write address: 6, B  read address: 6
blk_mem_gen_v8_4_5 collision detected at time: 10103105000, Instance: tb_finalproject.dut.u_data_mem.inst.\native_mem_module.blk_mem_gen_v8_4_5_inst , A write address: 6, B  read address: 6
blk_mem_gen_v8_4_5 collision detected at time: 10124755000, Instance: tb_finalproject.dut.u_data_mem.inst.\native_mem_module.blk_mem_gen_v8_4_5_inst , A write address: 6, B  read address: 6
blk_mem_gen_v8_4_5 collision detected at time: 10124775000, Instance: tb_finalproject.dut.u_data_mem.inst.\native_mem_module.blk_mem_gen_v8_4_5_inst , A read address: 6, B write address: 6
blk_mem_gen_v8_4_5 collision detected at time: 10148805000, Instance: tb_finalproject.dut.u_data_mem.inst.\native_mem_module.blk_mem_gen_v8_4_5_inst , A write address: 6, B  read address: 6
blk_mem_gen_v8_4_5 collision detected at time: 10159115000, Instance: tb_finalproject.dut.u_data_mem.inst.\native_mem_module.blk_mem_gen_v8_4_5_inst , A write address: 6, B  read address: 6
blk_mem_gen_v8_4_5 collision detected at time: 10180765000, Instance: tb_finalproject.dut.u_data_mem.inst.\native_mem_module.blk_mem_gen_v8_4_5_inst , A write address: 6, B  read address: 6
blk_mem_gen_v8_4_5 collision detected at time: 10180785000, Instance: tb_finalproject.dut.u_data_mem.inst.\native_mem_module.blk_mem_gen_v8_4_5_inst , A read address: 6, B write address: 6
blk_mem_gen_v8_4_5 collision detected at time: 10213145000, Instance: tb_finalproject.dut.u_data_mem.inst.\native_mem_module.blk_mem_gen_v8_4_5_inst , A write address: 6, B  read address: 6
blk_mem_gen_v8_4_5 collision detected at time: 10223455000, Instance: tb_finalproject.dut.u_data_mem.inst.\native_mem_module.blk_mem_gen_v8_4_5_inst , A write address: 6, B  read address: 6
blk_mem_gen_v8_4_5 collision detected at time: 10245105000, Instance: tb_finalproject.dut.u_data_mem.inst.\native_mem_module.blk_mem_gen_v8_4_5_inst , A write address: 6, B  read address: 6
blk_mem_gen_v8_4_5 collision detected at time: 10245125000, Instance: tb_finalproject.dut.u_data_mem.inst.\native_mem_module.blk_mem_gen_v8_4_5_inst , A read address: 6, B write address: 6
blk_mem_gen_v8_4_5 collision detected at time: 10287315000, Instance: tb_finalproject.dut.u_data_mem.inst.\native_mem_module.blk_mem_gen_v8_4_5_inst , A write address: 6, B  read address: 6
blk_mem_gen_v8_4_5 collision detected at time: 10297625000, Instance: tb_finalproject.dut.u_data_mem.inst.\native_mem_module.blk_mem_gen_v8_4_5_inst , A write address: 6, B  read address: 6
blk_mem_gen_v8_4_5 collision detected at time: 10319275000, Instance: tb_finalproject.dut.u_data_mem.inst.\native_mem_module.blk_mem_gen_v8_4_5_inst , A write address: 6, B  read address: 6
blk_mem_gen_v8_4_5 collision detected at time: 10319295000, Instance: tb_finalproject.dut.u_data_mem.inst.\native_mem_module.blk_mem_gen_v8_4_5_inst , A read address: 6, B write address: 6
blk_mem_gen_v8_4_5 collision detected at time: 10372575000, Instance: tb_finalproject.dut.u_data_mem.inst.\native_mem_module.blk_mem_gen_v8_4_5_inst , A write address: 6, B  read address: 6
blk_mem_gen_v8_4_5 collision detected at time: 10382885000, Instance: tb_finalproject.dut.u_data_mem.inst.\native_mem_module.blk_mem_gen_v8_4_5_inst , A write address: 6, B  read address: 6
blk_mem_gen_v8_4_5 collision detected at time: 10404535000, Instance: tb_finalproject.dut.u_data_mem.inst.\native_mem_module.blk_mem_gen_v8_4_5_inst , A write address: 6, B  read address: 6
blk_mem_gen_v8_4_5 collision detected at time: 10404555000, Instance: tb_finalproject.dut.u_data_mem.inst.\native_mem_module.blk_mem_gen_v8_4_5_inst , A read address: 6, B write address: 6
blk_mem_gen_v8_4_5 collision detected at time: 10470995000, Instance: tb_finalproject.dut.u_data_mem.inst.\native_mem_module.blk_mem_gen_v8_4_5_inst , A write address: 6, B  read address: 6
blk_mem_gen_v8_4_5 collision detected at time: 10481305000, Instance: tb_finalproject.dut.u_data_mem.inst.\native_mem_module.blk_mem_gen_v8_4_5_inst , A write address: 6, B  read address: 6
blk_mem_gen_v8_4_5 collision detected at time: 10502955000, Instance: tb_finalproject.dut.u_data_mem.inst.\native_mem_module.blk_mem_gen_v8_4_5_inst , A write address: 6, B  read address: 6
blk_mem_gen_v8_4_5 collision detected at time: 10502975000, Instance: tb_finalproject.dut.u_data_mem.inst.\native_mem_module.blk_mem_gen_v8_4_5_inst , A read address: 6, B write address: 6
blk_mem_gen_v8_4_5 collision detected at time: 10584015000, Instance: tb_finalproject.dut.u_data_mem.inst.\native_mem_module.blk_mem_gen_v8_4_5_inst , A write address: 6, B  read address: 6
blk_mem_gen_v8_4_5 collision detected at time: 10594325000, Instance: tb_finalproject.dut.u_data_mem.inst.\native_mem_module.blk_mem_gen_v8_4_5_inst , A write address: 6, B  read address: 6
blk_mem_gen_v8_4_5 collision detected at time: 10615975000, Instance: tb_finalproject.dut.u_data_mem.inst.\native_mem_module.blk_mem_gen_v8_4_5_inst , A write address: 6, B  read address: 6
blk_mem_gen_v8_4_5 collision detected at time: 10615995000, Instance: tb_finalproject.dut.u_data_mem.inst.\native_mem_module.blk_mem_gen_v8_4_5_inst , A read address: 6, B write address: 6
blk_mem_gen_v8_4_5 collision detected at time: 10712505000, Instance: tb_finalproject.dut.u_data_mem.inst.\native_mem_module.blk_mem_gen_v8_4_5_inst , A write address: 6, B  read address: 6
blk_mem_gen_v8_4_5 collision detected at time: 10722815000, Instance: tb_finalproject.dut.u_data_mem.inst.\native_mem_module.blk_mem_gen_v8_4_5_inst , A write address: 6, B  read address: 6
blk_mem_gen_v8_4_5 collision detected at time: 10744465000, Instance: tb_finalproject.dut.u_data_mem.inst.\native_mem_module.blk_mem_gen_v8_4_5_inst , A write address: 6, B  read address: 6
blk_mem_gen_v8_4_5 collision detected at time: 10744485000, Instance: tb_finalproject.dut.u_data_mem.inst.\native_mem_module.blk_mem_gen_v8_4_5_inst , A read address: 6, B write address: 6
score_bcd = 0085
FINALPROJECT_SIM_FAIL score did not reach 0100
tc = 0, bcd = 0001
tc = 1, bcd = 0011
tc = 2, bcd = 0021
tc = 3, bcd = 0031
tc = 4, bcd = 0041
tc = 5, bcd = 0051
tc = 6, bcd = 0060
FINALPROJECT_SIM_FAIL tc = 6 expected 0061 got 0060
tc = 7, bcd = 0070
FINALPROJECT_SIM_FAIL tc = 7 expected 0071 got 0070
tc = 8, bcd = 0080
FINALPROJECT_SIM_FAIL tc = 8 expected 0081 got 0080
tc = 9, bcd = 0091
tc = a, bcd = 0101
tc = b, bcd = 0111
tc = c, bcd = 0121
tc = d, bcd = 0131
tc = e, bcd = 0141
FINALPROJECT_SIM_FAIL fail_count = 4
Fatal: 
Time: 45701395 ns  Iteration: 0  Process: /tb_finalproject/Initial103_85  Scope: tb_finalproject  File: C:/Users/User/DSD_Lab/Final/DSD_final_project/tb/tb_finalproject.v Line: 152
$finish called at time : 45701395 ns
run: Time (s): cpu = 00:00:06 ; elapsed = 00:02:54 . Memory (MB): peak = 1187.785 ; gain = 495.055
exit
INFO: xsimkernel Simulation Memory Usage: 11432 KB (Peak: 11432 KB), Simulation CPU Usage: 168577 ms
INFO: [Common 17-206] Exiting xsim at Tue May 19 13:25:17 2026...
