#-----------------------------------------------------------
# xsim v2022.1 (64-bit)
# SW Build 3526262 on Mon Apr 18 15:48:16 MDT 2022
# IP Build 3524634 on Mon Apr 18 20:55:01 MDT 2022
# Start of session at: Sun May 17 02:15:14 2026
# Process ID: 85044
# Current directory: C:/Users/User/DSD_Lab/Final/DSD_final_project/final/final.sim/sim_1/behav/xsim_manual
# Command line: xsim.exe -mode tcl -source {xsim.dir/tb_finalproject_sim/xsim_script.tcl}
# Log file: C:/Users/User/DSD_Lab/Final/DSD_final_project/final/final.sim/sim_1/behav/xsim_manual/xsim.log
# Journal file: C:/Users/User/DSD_Lab/Final/DSD_final_project/final/final.sim/sim_1/behav/xsim_manual\xsim.jou
# Running On: MSI, OS: Windows, CPU Frequency: 1797 MHz, CPU Physical cores: 16, Host memory: 33677 MB
#-----------------------------------------------------------
source xsim.dir/tb_finalproject_sim/xsim_script.tcl
# xsim {tb_finalproject_sim} -autoloadwcfg -runall
Time resolution is 1 ps
run -all
 Block Memory Generator module loading initial data...
 Block Memory Generator data initialization complete.
Block Memory Generator module tb_finalproject.dut.u_test_circuit.init_rom_inst.inst.\native_mem_module.blk_mem_gen_v8_4_5_inst  is using a behavioral model for simulation which will not precisely model memory collision behavior.
 Block Memory Generator module loading initial data...
 Block Memory Generator data initialization complete.
Block Memory Generator module tb_finalproject.dut.u_test_circuit.golden_rom_inst.inst.\native_mem_module.blk_mem_gen_v8_4_5_inst  is using a behavioral model for simulation which will not precisely model memory collision behavior.
 Block Memory Generator module loading initial data...
 Block Memory Generator data initialization complete.
Block Memory Generator module tb_finalproject.dut.u_cpu.u_instr_mem.inst.\native_mem_module.blk_mem_gen_v8_4_5_inst  is using a behavioral model for simulation which will not precisely model memory collision behavior.
Block Memory Generator module tb_finalproject.dut.u_data_mem.inst.\native_mem_module.blk_mem_gen_v8_4_5_inst  is using a behavioral model for simulation which will not precisely model memory collision behavior.
blk_mem_gen_v8_4_5 collision detected at time: 10000485000, Instance: tb_finalproject.dut.u_data_mem.inst.\native_mem_module.blk_mem_gen_v8_4_5_inst , A write address: 6, B  read address: 6
blk_mem_gen_v8_4_5 collision detected at time: 10010795000, Instance: tb_finalproject.dut.u_data_mem.inst.\native_mem_module.blk_mem_gen_v8_4_5_inst , A write address: 6, B  read address: 6
blk_mem_gen_v8_4_5 collision detected at time: 10032445000, Instance: tb_finalproject.dut.u_data_mem.inst.\native_mem_module.blk_mem_gen_v8_4_5_inst , A write address: 6, B  read address: 6
blk_mem_gen_v8_4_5 collision detected at time: 10032465000, Instance: tb_finalproject.dut.u_data_mem.inst.\native_mem_module.blk_mem_gen_v8_4_5_inst , A read address: 6, B write address: 6
blk_mem_gen_v8_4_5 collision detected at time: 10050975000, Instance: tb_finalproject.dut.u_data_mem.inst.\native_mem_module.blk_mem_gen_v8_4_5_inst , A write address: 6, B  read address: 6
blk_mem_gen_v8_4_5 collision detected at time: 10061285000, Instance: tb_finalproject.dut.u_data_mem.inst.\native_mem_module.blk_mem_gen_v8_4_5_inst , A write address: 6, B  read address: 6
blk_mem_gen_v8_4_5 collision detected at time: 10082935000, Instance: tb_finalproject.dut.u_data_mem.inst.\native_mem_module.blk_mem_gen_v8_4_5_inst , A write address: 6, B  read address: 6
blk_mem_gen_v8_4_5 collision detected at time: 10082955000, Instance: tb_finalproject.dut.u_data_mem.inst.\native_mem_module.blk_mem_gen_v8_4_5_inst , A read address: 6, B write address: 6
blk_mem_gen_v8_4_5 collision detected at time: 10111835000, Instance: tb_finalproject.dut.u_data_mem.inst.\native_mem_module.blk_mem_gen_v8_4_5_inst , A write address: 6, B  read address: 6
blk_mem_gen_v8_4_5 collision detected at time: 10122145000, Instance: tb_finalproject.dut.u_data_mem.inst.\native_mem_module.blk_mem_gen_v8_4_5_inst , A write address: 6, B  read address: 6
blk_mem_gen_v8_4_5 collision detected at time: 10143795000, Instance: tb_finalproject.dut.u_data_mem.inst.\native_mem_module.blk_mem_gen_v8_4_5_inst , A write address: 6, B  read address: 6
blk_mem_gen_v8_4_5 collision detected at time: 10143815000, Instance: tb_finalproject.dut.u_data_mem.inst.\native_mem_module.blk_mem_gen_v8_4_5_inst , A read address: 6, B write address: 6
blk_mem_gen_v8_4_5 collision detected at time: 10185965000, Instance: tb_finalproject.dut.u_data_mem.inst.\native_mem_module.blk_mem_gen_v8_4_5_inst , A write address: 6, B  read address: 6
blk_mem_gen_v8_4_5 collision detected at time: 10196275000, Instance: tb_finalproject.dut.u_data_mem.inst.\native_mem_module.blk_mem_gen_v8_4_5_inst , A write address: 6, B  read address: 6
blk_mem_gen_v8_4_5 collision detected at time: 10217925000, Instance: tb_finalproject.dut.u_data_mem.inst.\native_mem_module.blk_mem_gen_v8_4_5_inst , A write address: 6, B  read address: 6
blk_mem_gen_v8_4_5 collision detected at time: 10217945000, Instance: tb_finalproject.dut.u_data_mem.inst.\native_mem_module.blk_mem_gen_v8_4_5_inst , A read address: 6, B write address: 6
blk_mem_gen_v8_4_5 collision detected at time: 10275785000, Instance: tb_finalproject.dut.u_data_mem.inst.\native_mem_module.blk_mem_gen_v8_4_5_inst , A write address: 6, B  read address: 6
blk_mem_gen_v8_4_5 collision detected at time: 10286095000, Instance: tb_finalproject.dut.u_data_mem.inst.\native_mem_module.blk_mem_gen_v8_4_5_inst , A write address: 6, B  read address: 6
blk_mem_gen_v8_4_5 collision detected at time: 10307745000, Instance: tb_finalproject.dut.u_data_mem.inst.\native_mem_module.blk_mem_gen_v8_4_5_inst , A write address: 6, B  read address: 6
blk_mem_gen_v8_4_5 collision detected at time: 10307765000, Instance: tb_finalproject.dut.u_data_mem.inst.\native_mem_module.blk_mem_gen_v8_4_5_inst , A read address: 6, B write address: 6
blk_mem_gen_v8_4_5 collision detected at time: 10384195000, Instance: tb_finalproject.dut.u_data_mem.inst.\native_mem_module.blk_mem_gen_v8_4_5_inst , A write address: 6, B  read address: 6
blk_mem_gen_v8_4_5 collision detected at time: 10394505000, Instance: tb_finalproject.dut.u_data_mem.inst.\native_mem_module.blk_mem_gen_v8_4_5_inst , A write address: 6, B  read address: 6
blk_mem_gen_v8_4_5 collision detected at time: 10416155000, Instance: tb_finalproject.dut.u_data_mem.inst.\native_mem_module.blk_mem_gen_v8_4_5_inst , A write address: 6, B  read address: 6
blk_mem_gen_v8_4_5 collision detected at time: 10416175000, Instance: tb_finalproject.dut.u_data_mem.inst.\native_mem_module.blk_mem_gen_v8_4_5_inst , A read address: 6, B write address: 6
blk_mem_gen_v8_4_5 collision detected at time: 10513615000, Instance: tb_finalproject.dut.u_data_mem.inst.\native_mem_module.blk_mem_gen_v8_4_5_inst , A write address: 6, B  read address: 6
blk_mem_gen_v8_4_5 collision detected at time: 10523925000, Instance: tb_finalproject.dut.u_data_mem.inst.\native_mem_module.blk_mem_gen_v8_4_5_inst , A write address: 6, B  read address: 6
blk_mem_gen_v8_4_5 collision detected at time: 10545575000, Instance: tb_finalproject.dut.u_data_mem.inst.\native_mem_module.blk_mem_gen_v8_4_5_inst , A write address: 6, B  read address: 6
blk_mem_gen_v8_4_5 collision detected at time: 10545595000, Instance: tb_finalproject.dut.u_data_mem.inst.\native_mem_module.blk_mem_gen_v8_4_5_inst , A read address: 6, B write address: 6
blk_mem_gen_v8_4_5 collision detected at time: 10666945000, Instance: tb_finalproject.dut.u_data_mem.inst.\native_mem_module.blk_mem_gen_v8_4_5_inst , A write address: 6, B  read address: 6
blk_mem_gen_v8_4_5 collision detected at time: 10677255000, Instance: tb_finalproject.dut.u_data_mem.inst.\native_mem_module.blk_mem_gen_v8_4_5_inst , A write address: 6, B  read address: 6
blk_mem_gen_v8_4_5 collision detected at time: 10698905000, Instance: tb_finalproject.dut.u_data_mem.inst.\native_mem_module.blk_mem_gen_v8_4_5_inst , A write address: 6, B  read address: 6
blk_mem_gen_v8_4_5 collision detected at time: 10698925000, Instance: tb_finalproject.dut.u_data_mem.inst.\native_mem_module.blk_mem_gen_v8_4_5_inst , A read address: 6, B write address: 6
blk_mem_gen_v8_4_5 collision detected at time: 10846605000, Instance: tb_finalproject.dut.u_data_mem.inst.\native_mem_module.blk_mem_gen_v8_4_5_inst , A write address: 6, B  read address: 6
blk_mem_gen_v8_4_5 collision detected at time: 10856915000, Instance: tb_finalproject.dut.u_data_mem.inst.\native_mem_module.blk_mem_gen_v8_4_5_inst , A write address: 6, B  read address: 6
blk_mem_gen_v8_4_5 collision detected at time: 10878565000, Instance: tb_finalproject.dut.u_data_mem.inst.\native_mem_module.blk_mem_gen_v8_4_5_inst , A write address: 6, B  read address: 6
blk_mem_gen_v8_4_5 collision detected at time: 10878585000, Instance: tb_finalproject.dut.u_data_mem.inst.\native_mem_module.blk_mem_gen_v8_4_5_inst , A read address: 6, B write address: 6
blk_mem_gen_v8_4_5 collision detected at time: 11055495000, Instance: tb_finalproject.dut.u_data_mem.inst.\native_mem_module.blk_mem_gen_v8_4_5_inst , A write address: 6, B  read address: 6
blk_mem_gen_v8_4_5 collision detected at time: 11065805000, Instance: tb_finalproject.dut.u_data_mem.inst.\native_mem_module.blk_mem_gen_v8_4_5_inst , A write address: 6, B  read address: 6
blk_mem_gen_v8_4_5 collision detected at time: 11087455000, Instance: tb_finalproject.dut.u_data_mem.inst.\native_mem_module.blk_mem_gen_v8_4_5_inst , A write address: 6, B  read address: 6
blk_mem_gen_v8_4_5 collision detected at time: 11087475000, Instance: tb_finalproject.dut.u_data_mem.inst.\native_mem_module.blk_mem_gen_v8_4_5_inst , A read address: 6, B write address: 6
result_valid = 7fff
result_pass  = 7fff
cycle_count  = 27344
addr13       = 00000401
FINALPROJECT_RTL_PASS
$finish called at time : 11367485 ns : File "C:/Users/User/DSD_Lab/Final/DSD_final_project/tb/tb_finalproject.v" Line 60
run: Time (s): cpu = 00:00:02 ; elapsed = 00:00:12 . Memory (MB): peak = 1210.453 ; gain = 0.000
exit
INFO: xsimkernel Simulation Memory Usage: 11460 KB (Peak: 11460 KB), Simulation CPU Usage: 12327 ms
INFO: [Common 17-206] Exiting xsim at Sun May 17 02:15:28 2026...
