
*** Running vivado
    with args -log RISCV_CNN.vdi -applog -m64 -product Vivado -messageDb vivado.pb -mode batch -source RISCV_CNN.tcl -notrace



****** Vivado v2022.1 (64-bit)
  **** SW Build 3526262 on Mon Apr 18 15:48:16 MDT 2022
  **** IP Build 3524634 on Mon Apr 18 20:55:01 MDT 2022
    ** Copyright 1986-2022 Xilinx, Inc. All Rights Reserved.

source RISCV_CNN.tcl -notrace
Command: link_design -top RISCV_CNN -part xc7a35tcsg324-1
Design is defaulting to srcset: sources_1
Design is defaulting to constrset: constrs_1
INFO: [Device 21-403] Loading part xc7a35tcsg324-1
INFO: [Project 1-454] Reading design checkpoint 'c:/Users/User/DSD_Lab/Final/DSD_final_project/final/final.gen/sources_1/ip/Data_mem/Data_mem.dcp' for cell 'u_data_mem'
INFO: [Project 1-454] Reading design checkpoint 'c:/Users/User/DSD_Lab/Final/DSD_final_project/final/final.gen/sources_1/ip/instr_mem/instr_mem.dcp' for cell 'u_cpu/u_instr_mem'
INFO: [Project 1-454] Reading design checkpoint 'c:/Users/User/DSD_Lab/Final/DSD_final_project/final/final.gen/sources_1/ip/golden_rom/golden_rom.dcp' for cell 'u_test_circuit/golden_rom_inst'
INFO: [Project 1-454] Reading design checkpoint 'c:/Users/User/DSD_Lab/Final/DSD_final_project/final/final.gen/sources_1/ip/init_rom/init_rom.dcp' for cell 'u_test_circuit/init_rom_inst'
Netlist sorting complete. Time (s): cpu = 00:00:00 ; elapsed = 00:00:00.030 . Memory (MB): peak = 1285.129 ; gain = 0.000
INFO: [Netlist 29-17] Analyzing 485 Unisim elements for replacement
INFO: [Netlist 29-28] Unisim Transformation completed in 0 CPU seconds
INFO: [Project 1-479] Netlist was created with Vivado 2022.1
INFO: [Project 1-570] Preparing netlist for logic optimization
Parsing XDC File [C:/Users/User/DSD_Lab/Final/DSD_final_project/constraints/RISCV_CNN.xdc]
Finished Parsing XDC File [C:/Users/User/DSD_Lab/Final/DSD_final_project/constraints/RISCV_CNN.xdc]
INFO: [Opt 31-138] Pushed 0 inverter(s) to 0 load pin(s).
Netlist sorting complete. Time (s): cpu = 00:00:00 ; elapsed = 00:00:00.001 . Memory (MB): peak = 1285.129 ; gain = 0.000
INFO: [Project 1-111] Unisim Transformation Summary:
No Unisim elements were transformed.

11 Infos, 0 Warnings, 0 Critical Warnings and 0 Errors encountered.
link_design completed successfully
link_design: Time (s): cpu = 00:00:07 ; elapsed = 00:00:07 . Memory (MB): peak = 1285.129 ; gain = 0.000
Command: opt_design
Attempting to get a license for feature 'Implementation' and/or device 'xc7a35t'
INFO: [Common 17-349] Got license for feature 'Implementation' and/or device 'xc7a35t'
Running DRC as a precondition to command opt_design

Starting DRC Task
INFO: [DRC 23-27] Running DRC with 2 threads
INFO: [Project 1-461] DRC finished with 0 Errors
INFO: [Project 1-462] Please refer to the DRC report (report_drc) for more information.

Time (s): cpu = 00:00:01 ; elapsed = 00:00:01 . Memory (MB): peak = 1285.129 ; gain = 0.000

Starting Cache Timing Information Task
INFO: [Timing 38-35] Done setting XDC timing constraints.
Ending Cache Timing Information Task | Checksum: 162770cea

Time (s): cpu = 00:00:08 ; elapsed = 00:00:08 . Memory (MB): peak = 1434.086 ; gain = 148.957

Starting Logic Optimization Task

Phase 1 Retarget
INFO: [Opt 31-1287] Pulled Inverter u_cpu/regs[2][3]_i_8 into driver instance u_cpu/regs[2][31]_i_33, which resulted in an inversion of 32 pins
INFO: [Opt 31-138] Pushed 1 inverter(s) to 2 load pin(s).
In IDDR TRANSFORM
INFO: [Opt 31-49] Retargeted 0 cell(s).
Phase 1 Retarget | Checksum: 1dce4ee60

Time (s): cpu = 00:00:00 ; elapsed = 00:00:00.248 . Memory (MB): peak = 1746.352 ; gain = 0.000
INFO: [Opt 31-389] Phase Retarget created 4 cells and removed 10 cells

Phase 2 Constant propagation
INFO: [Opt 31-138] Pushed 0 inverter(s) to 0 load pin(s).
Phase 2 Constant propagation | Checksum: 196dca08d

Time (s): cpu = 00:00:00 ; elapsed = 00:00:00.288 . Memory (MB): peak = 1746.352 ; gain = 0.000
INFO: [Opt 31-389] Phase Constant propagation created 0 cells and removed 0 cells

Phase 3 Sweep
Phase 3 Sweep | Checksum: 1dad9f454

Time (s): cpu = 00:00:00 ; elapsed = 00:00:00.363 . Memory (MB): peak = 1746.352 ; gain = 0.000
INFO: [Opt 31-389] Phase Sweep created 0 cells and removed 0 cells

Phase 4 BUFG optimization
Phase 4 BUFG optimization | Checksum: 1dad9f454

Time (s): cpu = 00:00:01 ; elapsed = 00:00:00.437 . Memory (MB): peak = 1746.352 ; gain = 0.000
INFO: [Opt 31-662] Phase BUFG optimization created 0 cells of which 0 are BUFGs and removed 0 cells.

Phase 5 Shift Register Optimization
INFO: [Opt 31-1064] SRL Remap converted 0 SRLs to 0 registers and converted 0 registers of register chains to 0 SRLs
Phase 5 Shift Register Optimization | Checksum: 1dad9f454

Time (s): cpu = 00:00:01 ; elapsed = 00:00:00.443 . Memory (MB): peak = 1746.352 ; gain = 0.000
INFO: [Opt 31-389] Phase Shift Register Optimization created 0 cells and removed 0 cells

Phase 6 Post Processing Netlist
Phase 6 Post Processing Netlist | Checksum: 1dad9f454

Time (s): cpu = 00:00:01 ; elapsed = 00:00:00.462 . Memory (MB): peak = 1746.352 ; gain = 0.000
INFO: [Opt 31-389] Phase Post Processing Netlist created 0 cells and removed 0 cells
Opt_design Change Summary
=========================


-------------------------------------------------------------------------------------------------------------------------
|  Phase                        |  #Cells created  |  #Cells Removed  |  #Constrained objects preventing optimizations  |
-------------------------------------------------------------------------------------------------------------------------
|  Retarget                     |               4  |              10  |                                              0  |
|  Constant propagation         |               0  |               0  |                                              0  |
|  Sweep                        |               0  |               0  |                                              0  |
|  BUFG optimization            |               0  |               0  |                                              0  |
|  Shift Register Optimization  |               0  |               0  |                                              0  |
|  Post Processing Netlist      |               0  |               0  |                                              0  |
-------------------------------------------------------------------------------------------------------------------------



Starting Connectivity Check Task

Time (s): cpu = 00:00:00 ; elapsed = 00:00:00.015 . Memory (MB): peak = 1746.352 ; gain = 0.000
Ending Logic Optimization Task | Checksum: 19c0d363c

Time (s): cpu = 00:00:01 ; elapsed = 00:00:00.592 . Memory (MB): peak = 1746.352 ; gain = 0.000

Starting Power Optimization Task
INFO: [Pwropt 34-132] Skipping clock gating for clocks with a period < 2.00 ns.
INFO: [Timing 38-35] Done setting XDC timing constraints.
Running Vector-less Activity Propagation...

Finished Running Vector-less Activity Propagation
INFO: [Pwropt 34-9] Applying IDT optimizations ...
INFO: [Pwropt 34-10] Applying ODC optimizations ...


Starting PowerOpt Patch Enables Task
INFO: [Pwropt 34-162] WRITE_MODE attribute of 0 BRAM(s) out of a total of 18 has been updated to save power. Run report_power_opt to get a complete listing of the BRAMs updated.
INFO: [Pwropt 34-201] Structural ODC has moved 0 WE to EN ports
Number of BRAM Ports augmented: 0 newly gated: 3 Total Ports: 36
Number of Flops added for Enable Generation: 1

Ending PowerOpt Patch Enables Task | Checksum: 14dff9335

Time (s): cpu = 00:00:00 ; elapsed = 00:00:00.085 . Memory (MB): peak = 1915.855 ; gain = 0.000
Ending Power Optimization Task | Checksum: 14dff9335

Time (s): cpu = 00:00:04 ; elapsed = 00:00:03 . Memory (MB): peak = 1915.855 ; gain = 169.504

Starting Final Cleanup Task

Starting Logic Optimization Task
INFO: [Timing 38-35] Done setting XDC timing constraints.
Ending Logic Optimization Task | Checksum: 14fb2fe13

Time (s): cpu = 00:00:01 ; elapsed = 00:00:00.427 . Memory (MB): peak = 1915.855 ; gain = 0.000
Ending Final Cleanup Task | Checksum: 14fb2fe13

Time (s): cpu = 00:00:04 ; elapsed = 00:00:04 . Memory (MB): peak = 1915.855 ; gain = 0.000

Starting Netlist Obfuscation Task
Netlist sorting complete. Time (s): cpu = 00:00:00 ; elapsed = 00:00:00.002 . Memory (MB): peak = 1915.855 ; gain = 0.000
Ending Netlist Obfuscation Task | Checksum: 14fb2fe13

Time (s): cpu = 00:00:00 ; elapsed = 00:00:00.003 . Memory (MB): peak = 1915.855 ; gain = 0.000
INFO: [Common 17-83] Releasing license: Implementation
35 Infos, 0 Warnings, 0 Critical Warnings and 0 Errors encountered.
opt_design completed successfully
opt_design: Time (s): cpu = 00:00:21 ; elapsed = 00:00:20 . Memory (MB): peak = 1915.855 ; gain = 630.727
INFO: [Timing 38-480] Writing timing data to binary archive.
Writing XDEF routing.
Writing XDEF routing logical nets.
Writing XDEF routing special nets.
Write XDEF Complete: Time (s): cpu = 00:00:00 ; elapsed = 00:00:00.051 . Memory (MB): peak = 1915.855 ; gain = 0.000
INFO: [Common 17-1381] The checkpoint 'C:/Users/User/DSD_Lab/Final/DSD_final_project/final/final.runs/impl_1/RISCV_CNN_opt.dcp' has been generated.
INFO: [runtcl-4] Executing : report_drc -file RISCV_CNN_drc_opted.rpt -pb RISCV_CNN_drc_opted.pb -rpx RISCV_CNN_drc_opted.rpx
Command: report_drc -file RISCV_CNN_drc_opted.rpt -pb RISCV_CNN_drc_opted.pb -rpx RISCV_CNN_drc_opted.rpx
INFO: [IP_Flow 19-1839] IP Catalog is up to date.
INFO: [Timing 38-35] Done setting XDC timing constraints.
INFO: [DRC 23-27] Running DRC with 2 threads
INFO: [Vivado_Tcl 2-168] The results of DRC are in file C:/Users/User/DSD_Lab/Final/DSD_final_project/final/final.runs/impl_1/RISCV_CNN_drc_opted.rpt.
report_drc completed successfully
Command: place_design
Attempting to get a license for feature 'Implementation' and/or device 'xc7a35t'
INFO: [Common 17-349] Got license for feature 'Implementation' and/or device 'xc7a35t'
INFO: [DRC 23-27] Running DRC with 2 threads
INFO: [Vivado_Tcl 4-198] DRC finished with 0 Errors
INFO: [Vivado_Tcl 4-199] Please refer to the DRC report (report_drc) for more information.
Running DRC as a precondition to command place_design
INFO: [DRC 23-27] Running DRC with 2 threads
INFO: [Vivado_Tcl 4-198] DRC finished with 0 Errors, 42 Warnings
INFO: [Vivado_Tcl 4-199] Please refer to the DRC report (report_drc) for more information.

Starting Placer Task
INFO: [Place 30-611] Multithreading enabled for place_design using a maximum of 2 CPUs

Phase 1 Placer Initialization

Phase 1.1 Placer Initialization Netlist Sorting
Netlist sorting complete. Time (s): cpu = 00:00:00 ; elapsed = 00:00:00.001 . Memory (MB): peak = 1915.855 ; gain = 0.000
Phase 1.1 Placer Initialization Netlist Sorting | Checksum: 821d3c0b

Time (s): cpu = 00:00:00 ; elapsed = 00:00:00.007 . Memory (MB): peak = 1915.855 ; gain = 0.000
Netlist sorting complete. Time (s): cpu = 00:00:00 ; elapsed = 00:00:00.001 . Memory (MB): peak = 1915.855 ; gain = 0.000

Phase 1.2 IO Placement/ Clock Placement/ Build Placer Device
Phase 1.2 IO Placement/ Clock Placement/ Build Placer Device | Checksum: 14f8dd37c

Time (s): cpu = 00:00:00 ; elapsed = 00:00:00.410 . Memory (MB): peak = 1915.855 ; gain = 0.000

Phase 1.3 Build Placer Netlist Model
Phase 1.3 Build Placer Netlist Model | Checksum: 169c8e3c5

Time (s): cpu = 00:00:02 ; elapsed = 00:00:02 . Memory (MB): peak = 1915.855 ; gain = 0.000

Phase 1.4 Constrain Clocks/Macros
Phase 1.4 Constrain Clocks/Macros | Checksum: 169c8e3c5

Time (s): cpu = 00:00:02 ; elapsed = 00:00:02 . Memory (MB): peak = 1915.855 ; gain = 0.000
Phase 1 Placer Initialization | Checksum: 169c8e3c5

Time (s): cpu = 00:00:02 ; elapsed = 00:00:02 . Memory (MB): peak = 1915.855 ; gain = 0.000

Phase 2 Global Placement

Phase 2.1 Floorplanning
Phase 2.1 Floorplanning | Checksum: 1e48990e4

Time (s): cpu = 00:00:03 ; elapsed = 00:00:02 . Memory (MB): peak = 1915.855 ; gain = 0.000

Phase 2.2 Update Timing before SLR Path Opt
Phase 2.2 Update Timing before SLR Path Opt | Checksum: 204198aae

Time (s): cpu = 00:00:03 ; elapsed = 00:00:02 . Memory (MB): peak = 1915.855 ; gain = 0.000

Phase 2.3 Post-Processing in Floorplanning
Phase 2.3 Post-Processing in Floorplanning | Checksum: 204198aae

Time (s): cpu = 00:00:03 ; elapsed = 00:00:02 . Memory (MB): peak = 1915.855 ; gain = 0.000

Phase 2.4 Global Placement Core

Phase 2.4.1 Physical Synthesis In Placer
INFO: [Physopt 32-1035] Found 1 LUTNM shape to break, 66 LUT instances to create LUTNM shape
INFO: [Physopt 32-1044] Break lutnm for timing: one critical 1, two critical 0, total 1, new lutff created 0
INFO: [Physopt 32-1138] End 1 Pass. Optimized 22 nets or LUTs. Breaked 1 LUT, combined 21 existing LUTs and moved 0 existing LUT
INFO: [Physopt 32-65] No nets found for high-fanout optimization.
INFO: [Physopt 32-232] Optimized 0 net. Created 0 new instance.
INFO: [Physopt 32-775] End 1 Pass. Optimized 0 net or cell. Created 0 new cell, deleted 0 existing cell and moved 0 existing cell
INFO: [Physopt 32-456] No candidate cells for DSP register optimization found in the design.
INFO: [Physopt 32-775] End 2 Pass. Optimized 0 net or cell. Created 0 new cell, deleted 0 existing cell and moved 0 existing cell
INFO: [Physopt 32-1123] No candidate cells found for Shift Register to Pipeline optimization
INFO: [Physopt 32-775] End 1 Pass. Optimized 0 net or cell. Created 0 new cell, deleted 0 existing cell and moved 0 existing cell
INFO: [Physopt 32-677] No candidate cells for Shift Register optimization found in the design
INFO: [Physopt 32-775] End 1 Pass. Optimized 0 net or cell. Created 0 new cell, deleted 0 existing cell and moved 0 existing cell
INFO: [Physopt 32-526] No candidate cells for BRAM register optimization found in the design
INFO: [Physopt 32-775] End 1 Pass. Optimized 0 net or cell. Created 0 new cell, deleted 0 existing cell and moved 0 existing cell
INFO: [Physopt 32-846] No candidate cells for URAM register optimization found in the design
INFO: [Physopt 32-775] End 2 Pass. Optimized 0 net or cell. Created 0 new cell, deleted 0 existing cell and moved 0 existing cell
INFO: [Physopt 32-949] No candidate nets found for dynamic/static region interface net replication
INFO: [Physopt 32-775] End 1 Pass. Optimized 0 net or cell. Created 0 new cell, deleted 0 existing cell and moved 0 existing cell
Netlist sorting complete. Time (s): cpu = 00:00:00 ; elapsed = 00:00:00.002 . Memory (MB): peak = 1915.855 ; gain = 0.000

Summary of Physical Synthesis Optimizations
============================================


-----------------------------------------------------------------------------------------------------------------------------------------------------------
|  Optimization                                     |  Added Cells  |  Removed Cells  |  Optimized Cells/Nets  |  Dont Touch  |  Iterations  |  Elapsed   |
-----------------------------------------------------------------------------------------------------------------------------------------------------------
|  LUT Combining                                    |            1  |             21  |                    22  |           0  |           1  |  00:00:00  |
|  Retime                                           |            0  |              0  |                     0  |           0  |           1  |  00:00:00  |
|  Very High Fanout                                 |            0  |              0  |                     0  |           0  |           1  |  00:00:00  |
|  DSP Register                                     |            0  |              0  |                     0  |           0  |           1  |  00:00:00  |
|  Shift Register to Pipeline                       |            0  |              0  |                     0  |           0  |           1  |  00:00:00  |
|  Shift Register                                   |            0  |              0  |                     0  |           0  |           1  |  00:00:00  |
|  BRAM Register                                    |            0  |              0  |                     0  |           0  |           1  |  00:00:00  |
|  URAM Register                                    |            0  |              0  |                     0  |           0  |           1  |  00:00:00  |
|  Dynamic/Static Region Interface Net Replication  |            0  |              0  |                     0  |           0  |           1  |  00:00:00  |
|  Total                                            |            1  |             21  |                    22  |           0  |           9  |  00:00:00  |
-----------------------------------------------------------------------------------------------------------------------------------------------------------


Phase 2.4.1 Physical Synthesis In Placer | Checksum: 15c8dc5a4

Time (s): cpu = 00:00:12 ; elapsed = 00:00:08 . Memory (MB): peak = 1915.855 ; gain = 0.000
Phase 2.4 Global Placement Core | Checksum: 2361a25ec

Time (s): cpu = 00:00:12 ; elapsed = 00:00:08 . Memory (MB): peak = 1915.855 ; gain = 0.000
Phase 2 Global Placement | Checksum: 2361a25ec

Time (s): cpu = 00:00:12 ; elapsed = 00:00:08 . Memory (MB): peak = 1915.855 ; gain = 0.000

Phase 3 Detail Placement

Phase 3.1 Commit Multi Column Macros
Phase 3.1 Commit Multi Column Macros | Checksum: 2807e574b

Time (s): cpu = 00:00:13 ; elapsed = 00:00:09 . Memory (MB): peak = 1915.855 ; gain = 0.000

Phase 3.2 Commit Most Macros & LUTRAMs
Phase 3.2 Commit Most Macros & LUTRAMs | Checksum: 189a0592f

Time (s): cpu = 00:00:14 ; elapsed = 00:00:10 . Memory (MB): peak = 1915.855 ; gain = 0.000

Phase 3.3 Area Swap Optimization
Phase 3.3 Area Swap Optimization | Checksum: 1601c1334

Time (s): cpu = 00:00:14 ; elapsed = 00:00:10 . Memory (MB): peak = 1915.855 ; gain = 0.000

Phase 3.4 Pipeline Register Optimization
Phase 3.4 Pipeline Register Optimization | Checksum: 1ce04f3b9

Time (s): cpu = 00:00:14 ; elapsed = 00:00:10 . Memory (MB): peak = 1915.855 ; gain = 0.000

Phase 3.5 Fast Optimization
Phase 3.5 Fast Optimization | Checksum: 1e74e39bf

Time (s): cpu = 00:00:16 ; elapsed = 00:00:11 . Memory (MB): peak = 1915.855 ; gain = 0.000

Phase 3.6 Small Shape Detail Placement
Phase 3.6 Small Shape Detail Placement | Checksum: 15b9c5cfa

Time (s): cpu = 00:00:19 ; elapsed = 00:00:15 . Memory (MB): peak = 1915.855 ; gain = 0.000

Phase 3.7 Re-assign LUT pins
Phase 3.7 Re-assign LUT pins | Checksum: 12130ee48

Time (s): cpu = 00:00:19 ; elapsed = 00:00:15 . Memory (MB): peak = 1915.855 ; gain = 0.000

Phase 3.8 Pipeline Register Optimization
Phase 3.8 Pipeline Register Optimization | Checksum: 1cac9cedd

Time (s): cpu = 00:00:19 ; elapsed = 00:00:15 . Memory (MB): peak = 1915.855 ; gain = 0.000

Phase 3.9 Fast Optimization
Phase 3.9 Fast Optimization | Checksum: 19085760e

Time (s): cpu = 00:00:22 ; elapsed = 00:00:17 . Memory (MB): peak = 1915.855 ; gain = 0.000
Phase 3 Detail Placement | Checksum: 19085760e

Time (s): cpu = 00:00:22 ; elapsed = 00:00:17 . Memory (MB): peak = 1915.855 ; gain = 0.000

Phase 4 Post Placement Optimization and Clean-Up

Phase 4.1 Post Commit Optimization
INFO: [Timing 38-35] Done setting XDC timing constraints.

Phase 4.1.1 Post Placement Optimization
Post Placement Optimization Initialization | Checksum: 1d51c2010

Phase 4.1.1.1 BUFG Insertion

Starting Physical Synthesis Task

Phase 1 Physical Synthesis Initialization
INFO: [Physopt 32-721] Multithreading enabled for phys_opt_design using a maximum of 2 CPUs
INFO: [Physopt 32-619] Estimated Timing Summary | WNS=-0.046 | TNS=-0.059 |
Phase 1 Physical Synthesis Initialization | Checksum: 25cb5afbd

Time (s): cpu = 00:00:00 ; elapsed = 00:00:00.256 . Memory (MB): peak = 1915.855 ; gain = 0.000
INFO: [Place 46-33] Processed net u_test_circuit/sys_rstn, BUFG insertion was skipped due to placement/routing conflicts.
INFO: [Place 46-56] BUFG insertion identified 1 candidate nets. Inserted BUFG: 0, Replicated BUFG Driver: 0, Skipped due to Placement/Routing Conflicts: 1, Skipped due to Timing Degradation: 0, Skipped due to Illegal Netlist: 0.
Ending Physical Synthesis Task | Checksum: 1d97f784b

Time (s): cpu = 00:00:01 ; elapsed = 00:00:00.445 . Memory (MB): peak = 1915.855 ; gain = 0.000
Phase 4.1.1.1 BUFG Insertion | Checksum: 1d51c2010

Time (s): cpu = 00:00:25 ; elapsed = 00:00:19 . Memory (MB): peak = 1915.855 ; gain = 0.000

Phase 4.1.1.2 Post Placement Timing Optimization
INFO: [Place 30-746] Post Placement Timing Summary WNS=0.473. For the most accurate timing information please run report_timing.
Phase 4.1.1.2 Post Placement Timing Optimization | Checksum: 1ba2e2e96

Time (s): cpu = 00:00:37 ; elapsed = 00:00:32 . Memory (MB): peak = 1915.855 ; gain = 0.000

Time (s): cpu = 00:00:37 ; elapsed = 00:00:32 . Memory (MB): peak = 1915.855 ; gain = 0.000
Phase 4.1 Post Commit Optimization | Checksum: 1ba2e2e96

Time (s): cpu = 00:00:37 ; elapsed = 00:00:32 . Memory (MB): peak = 1915.855 ; gain = 0.000

Phase 4.2 Post Placement Cleanup
Phase 4.2 Post Placement Cleanup | Checksum: 1ba2e2e96

Time (s): cpu = 00:00:37 ; elapsed = 00:00:32 . Memory (MB): peak = 1915.855 ; gain = 0.000

Phase 4.3 Placer Reporting

Phase 4.3.1 Print Estimated Congestion
INFO: [Place 30-612] Post-Placement Estimated Congestion 
 ____________________________________________________
|           | Global Congestion | Short Congestion  |
| Direction | Region Size       | Region Size       |
|___________|___________________|___________________|
|      North|                1x1|                2x2|
|___________|___________________|___________________|
|      South|                1x1|                1x1|
|___________|___________________|___________________|
|       East|                1x1|                1x1|
|___________|___________________|___________________|
|       West|                1x1|                1x1|
|___________|___________________|___________________|

Phase 4.3.1 Print Estimated Congestion | Checksum: 1ba2e2e96

Time (s): cpu = 00:00:37 ; elapsed = 00:00:32 . Memory (MB): peak = 1915.855 ; gain = 0.000
Phase 4.3 Placer Reporting | Checksum: 1ba2e2e96

Time (s): cpu = 00:00:37 ; elapsed = 00:00:32 . Memory (MB): peak = 1915.855 ; gain = 0.000

Phase 4.4 Final Placement Cleanup
Netlist sorting complete. Time (s): cpu = 00:00:00 ; elapsed = 00:00:00.002 . Memory (MB): peak = 1915.855 ; gain = 0.000

Time (s): cpu = 00:00:37 ; elapsed = 00:00:32 . Memory (MB): peak = 1915.855 ; gain = 0.000
Phase 4 Post Placement Optimization and Clean-Up | Checksum: 1c3a5445c

Time (s): cpu = 00:00:37 ; elapsed = 00:00:32 . Memory (MB): peak = 1915.855 ; gain = 0.000
Ending Placer Task | Checksum: 11dd8d96d

Time (s): cpu = 00:00:37 ; elapsed = 00:00:32 . Memory (MB): peak = 1915.855 ; gain = 0.000
INFO: [Common 17-83] Releasing license: Implementation
76 Infos, 0 Warnings, 0 Critical Warnings and 0 Errors encountered.
place_design completed successfully
place_design: Time (s): cpu = 00:00:39 ; elapsed = 00:00:33 . Memory (MB): peak = 1915.855 ; gain = 0.000
INFO: [Timing 38-480] Writing timing data to binary archive.
Writing XDEF routing.
Writing XDEF routing logical nets.
Writing XDEF routing special nets.
Write XDEF Complete: Time (s): cpu = 00:00:02 ; elapsed = 00:00:00.556 . Memory (MB): peak = 1915.855 ; gain = 0.000
INFO: [Common 17-1381] The checkpoint 'C:/Users/User/DSD_Lab/Final/DSD_final_project/final/final.runs/impl_1/RISCV_CNN_placed.dcp' has been generated.
INFO: [runtcl-4] Executing : report_io -file RISCV_CNN_io_placed.rpt
report_io: Time (s): cpu = 00:00:00 ; elapsed = 00:00:00.060 . Memory (MB): peak = 1915.855 ; gain = 0.000
INFO: [runtcl-4] Executing : report_utilization -file RISCV_CNN_utilization_placed.rpt -pb RISCV_CNN_utilization_placed.pb
INFO: [runtcl-4] Executing : report_control_sets -verbose -file RISCV_CNN_control_sets_placed.rpt
report_control_sets: Time (s): cpu = 00:00:00 ; elapsed = 00:00:00.014 . Memory (MB): peak = 1915.855 ; gain = 0.000
Command: phys_opt_design
Attempting to get a license for feature 'Implementation' and/or device 'xc7a35t'
INFO: [Common 17-349] Got license for feature 'Implementation' and/or device 'xc7a35t'
INFO: [Vivado_Tcl 4-383] Design worst setup slack (WNS) is greater than or equal to 0.000 ns. Skipping all physical synthesis optimizations.
INFO: [Vivado_Tcl 4-232] No setup violation found. The netlist was not modified.
INFO: [Common 17-83] Releasing license: Implementation
85 Infos, 0 Warnings, 0 Critical Warnings and 0 Errors encountered.
phys_opt_design completed successfully
INFO: [Timing 38-480] Writing timing data to binary archive.
Writing XDEF routing.
Writing XDEF routing logical nets.
Writing XDEF routing special nets.
Write XDEF Complete: Time (s): cpu = 00:00:01 ; elapsed = 00:00:00.538 . Memory (MB): peak = 1915.855 ; gain = 0.000
INFO: [Common 17-1381] The checkpoint 'C:/Users/User/DSD_Lab/Final/DSD_final_project/final/final.runs/impl_1/RISCV_CNN_physopt.dcp' has been generated.
Command: route_design
Attempting to get a license for feature 'Implementation' and/or device 'xc7a35t'
INFO: [Common 17-349] Got license for feature 'Implementation' and/or device 'xc7a35t'
Running DRC as a precondition to command route_design
INFO: [DRC 23-27] Running DRC with 2 threads
INFO: [Vivado_Tcl 4-198] DRC finished with 0 Errors
INFO: [Vivado_Tcl 4-199] Please refer to the DRC report (report_drc) for more information.


Starting Routing Task
INFO: [Route 35-254] Multithreading enabled for route_design using a maximum of 2 CPUs

Phase 1 Build RT Design
Checksum: PlaceDB: 4e743fbf ConstDB: 0 ShapeSum: cf6499ae RouteDB: 0
Post Restoration Checksum: NetGraph: 359e16c1 NumContArr: a5d1b852 Constraints: 0 Timing: 0
Phase 1 Build RT Design | Checksum: db6fcf13

Time (s): cpu = 00:00:24 ; elapsed = 00:00:21 . Memory (MB): peak = 1915.855 ; gain = 0.000

Phase 2 Router Initialization

Phase 2.1 Fix Topology Constraints
Phase 2.1 Fix Topology Constraints | Checksum: db6fcf13

Time (s): cpu = 00:00:24 ; elapsed = 00:00:21 . Memory (MB): peak = 1919.422 ; gain = 3.566

Phase 2.2 Pre Route Cleanup
Phase 2.2 Pre Route Cleanup | Checksum: db6fcf13

Time (s): cpu = 00:00:24 ; elapsed = 00:00:21 . Memory (MB): peak = 1919.422 ; gain = 3.566
 Number of Nodes with overlaps = 0

Phase 2.3 Update Timing
Phase 2.3 Update Timing | Checksum: 27b533ae2

Time (s): cpu = 00:00:27 ; elapsed = 00:00:23 . Memory (MB): peak = 1928.430 ; gain = 12.574
INFO: [Route 35-416] Intermediate Timing Summary | WNS=0.586  | TNS=0.000  | WHS=-0.214 | THS=-21.943|


Router Utilization Summary
  Global Vertical Routing Utilization    = 0 %
  Global Horizontal Routing Utilization  = 0 %
  Routable Net Status*
  *Does not include unroutable nets such as driverless and loadless.
  Run report_route_status for detailed report.
  Number of Failed Nets               = 4540
    (Failed Nets is the sum of unrouted and partially routed nets)
  Number of Unrouted Nets             = 4540
  Number of Partially Routed Nets     = 0
  Number of Node Overlaps             = 0

Phase 2 Router Initialization | Checksum: 2985ef9a1

Time (s): cpu = 00:00:28 ; elapsed = 00:00:24 . Memory (MB): peak = 1941.695 ; gain = 25.840

Phase 3 Initial Routing

Phase 3.1 Global Routing
Phase 3.1 Global Routing | Checksum: 2985ef9a1

Time (s): cpu = 00:00:28 ; elapsed = 00:00:24 . Memory (MB): peak = 1941.695 ; gain = 25.840
Phase 3 Initial Routing | Checksum: 1b34d0b69

Time (s): cpu = 00:00:31 ; elapsed = 00:00:25 . Memory (MB): peak = 1943.219 ; gain = 27.363

Phase 4 Rip-up And Reroute

Phase 4.1 Global Iteration 0
 Number of Nodes with overlaps = 1616
 Number of Nodes with overlaps = 675
 Number of Nodes with overlaps = 289
 Number of Nodes with overlaps = 136
 Number of Nodes with overlaps = 93
 Number of Nodes with overlaps = 52
 Number of Nodes with overlaps = 51
 Number of Nodes with overlaps = 19
 Number of Nodes with overlaps = 15
 Number of Nodes with overlaps = 6
 Number of Nodes with overlaps = 6
 Number of Nodes with overlaps = 6
 Number of Nodes with overlaps = 1
 Number of Nodes with overlaps = 6
 Number of Nodes with overlaps = 0
INFO: [Route 35-416] Intermediate Timing Summary | WNS=-0.400 | TNS=-8.193 | WHS=N/A    | THS=N/A    |

Phase 4.1 Global Iteration 0 | Checksum: 190a732b1

Time (s): cpu = 00:00:59 ; elapsed = 00:00:44 . Memory (MB): peak = 1943.219 ; gain = 27.363

Phase 4.2 Global Iteration 1
 Number of Nodes with overlaps = 312
 Number of Nodes with overlaps = 173
 Number of Nodes with overlaps = 96
 Number of Nodes with overlaps = 62
 Number of Nodes with overlaps = 31
 Number of Nodes with overlaps = 27
 Number of Nodes with overlaps = 20
 Number of Nodes with overlaps = 10
 Number of Nodes with overlaps = 7
 Number of Nodes with overlaps = 6
 Number of Nodes with overlaps = 1
 Number of Nodes with overlaps = 0
INFO: [Route 35-416] Intermediate Timing Summary | WNS=0.076  | TNS=0.000  | WHS=N/A    | THS=N/A    |

Phase 4.2 Global Iteration 1 | Checksum: 172498daf

Time (s): cpu = 00:01:13 ; elapsed = 00:00:54 . Memory (MB): peak = 1943.219 ; gain = 27.363
Phase 4 Rip-up And Reroute | Checksum: 172498daf

Time (s): cpu = 00:01:13 ; elapsed = 00:00:54 . Memory (MB): peak = 1943.219 ; gain = 27.363

Phase 5 Delay and Skew Optimization

Phase 5.1 Delay CleanUp
Phase 5.1 Delay CleanUp | Checksum: 172498daf

Time (s): cpu = 00:01:13 ; elapsed = 00:00:54 . Memory (MB): peak = 1943.219 ; gain = 27.363

Phase 5.2 Clock Skew Optimization
Phase 5.2 Clock Skew Optimization | Checksum: 172498daf

Time (s): cpu = 00:01:13 ; elapsed = 00:00:54 . Memory (MB): peak = 1943.219 ; gain = 27.363
Phase 5 Delay and Skew Optimization | Checksum: 172498daf

Time (s): cpu = 00:01:13 ; elapsed = 00:00:54 . Memory (MB): peak = 1943.219 ; gain = 27.363

Phase 6 Post Hold Fix

Phase 6.1 Hold Fix Iter

Phase 6.1.1 Update Timing
Phase 6.1.1 Update Timing | Checksum: 1e21f4f39

Time (s): cpu = 00:01:14 ; elapsed = 00:00:55 . Memory (MB): peak = 1943.219 ; gain = 27.363
INFO: [Route 35-416] Intermediate Timing Summary | WNS=0.165  | TNS=0.000  | WHS=0.039  | THS=0.000  |

Phase 6.1 Hold Fix Iter | Checksum: 1d3b443a4

Time (s): cpu = 00:01:14 ; elapsed = 00:00:55 . Memory (MB): peak = 1943.219 ; gain = 27.363
Phase 6 Post Hold Fix | Checksum: 1d3b443a4

Time (s): cpu = 00:01:14 ; elapsed = 00:00:55 . Memory (MB): peak = 1943.219 ; gain = 27.363

Phase 7 Route finalize

Router Utilization Summary
  Global Vertical Routing Utilization    = 1.95073 %
  Global Horizontal Routing Utilization  = 2.44612 %
  Routable Net Status*
  *Does not include unroutable nets such as driverless and loadless.
  Run report_route_status for detailed report.
  Number of Failed Nets               = 0
    (Failed Nets is the sum of unrouted and partially routed nets)
  Number of Unrouted Nets             = 0
  Number of Partially Routed Nets     = 0
  Number of Node Overlaps             = 0

Phase 7 Route finalize | Checksum: 20dc1e42d

Time (s): cpu = 00:01:14 ; elapsed = 00:00:55 . Memory (MB): peak = 1943.219 ; gain = 27.363

Phase 8 Verifying routed nets

 Verification completed successfully
Phase 8 Verifying routed nets | Checksum: 20dc1e42d

Time (s): cpu = 00:01:14 ; elapsed = 00:00:55 . Memory (MB): peak = 1943.219 ; gain = 27.363

Phase 9 Depositing Routes
Phase 9 Depositing Routes | Checksum: 1fd95776c

Time (s): cpu = 00:01:14 ; elapsed = 00:00:55 . Memory (MB): peak = 1943.219 ; gain = 27.363

Phase 10 Post Router Timing
INFO: [Route 35-57] Estimated Timing Summary | WNS=0.165  | TNS=0.000  | WHS=0.039  | THS=0.000  |

INFO: [Route 35-327] The final timing numbers are based on the router estimated timing analysis. For a complete and accurate timing signoff, please run report_timing_summary.
Phase 10 Post Router Timing | Checksum: 1fd95776c

Time (s): cpu = 00:01:15 ; elapsed = 00:00:56 . Memory (MB): peak = 1943.219 ; gain = 27.363
INFO: [Route 35-16] Router Completed Successfully

Time (s): cpu = 00:01:15 ; elapsed = 00:00:56 . Memory (MB): peak = 1943.219 ; gain = 27.363

Routing Is Done.
INFO: [Common 17-83] Releasing license: Implementation
100 Infos, 0 Warnings, 0 Critical Warnings and 0 Errors encountered.
route_design completed successfully
route_design: Time (s): cpu = 00:01:19 ; elapsed = 00:00:58 . Memory (MB): peak = 1943.219 ; gain = 27.363
INFO: [Timing 38-480] Writing timing data to binary archive.
Writing XDEF routing.
Writing XDEF routing logical nets.
Writing XDEF routing special nets.
Write XDEF Complete: Time (s): cpu = 00:00:02 ; elapsed = 00:00:00.895 . Memory (MB): peak = 1963.750 ; gain = 20.531
INFO: [Common 17-1381] The checkpoint 'C:/Users/User/DSD_Lab/Final/DSD_final_project/final/final.runs/impl_1/RISCV_CNN_routed.dcp' has been generated.
INFO: [runtcl-4] Executing : report_drc -file RISCV_CNN_drc_routed.rpt -pb RISCV_CNN_drc_routed.pb -rpx RISCV_CNN_drc_routed.rpx
Command: report_drc -file RISCV_CNN_drc_routed.rpt -pb RISCV_CNN_drc_routed.pb -rpx RISCV_CNN_drc_routed.rpx
INFO: [IP_Flow 19-1839] IP Catalog is up to date.
INFO: [DRC 23-27] Running DRC with 2 threads
INFO: [Vivado_Tcl 2-168] The results of DRC are in file C:/Users/User/DSD_Lab/Final/DSD_final_project/final/final.runs/impl_1/RISCV_CNN_drc_routed.rpt.
report_drc completed successfully
INFO: [runtcl-4] Executing : report_methodology -file RISCV_CNN_methodology_drc_routed.rpt -pb RISCV_CNN_methodology_drc_routed.pb -rpx RISCV_CNN_methodology_drc_routed.rpx
Command: report_methodology -file RISCV_CNN_methodology_drc_routed.rpt -pb RISCV_CNN_methodology_drc_routed.pb -rpx RISCV_CNN_methodology_drc_routed.rpx
INFO: [Timing 38-35] Done setting XDC timing constraints.
INFO: [DRC 23-133] Running Methodology with 2 threads
INFO: [Vivado_Tcl 2-1520] The results of Report Methodology are in file C:/Users/User/DSD_Lab/Final/DSD_final_project/final/final.runs/impl_1/RISCV_CNN_methodology_drc_routed.rpt.
report_methodology completed successfully
INFO: [runtcl-4] Executing : report_power -file RISCV_CNN_power_routed.rpt -pb RISCV_CNN_power_summary_routed.pb -rpx RISCV_CNN_power_routed.rpx
Command: report_power -file RISCV_CNN_power_routed.rpt -pb RISCV_CNN_power_summary_routed.pb -rpx RISCV_CNN_power_routed.rpx
INFO: [Timing 38-35] Done setting XDC timing constraints.
Running Vector-less Activity Propagation...

Finished Running Vector-less Activity Propagation
WARNING: [Power 33-332] Found switching activity that implies high-fanout reset nets being asserted for excessive periods of time which may result in inaccurate power analysis.
Resolution: To review and fix problems, please run Power Constraints Advisor in the GUI from Tools > Power Constraints Advisor or run report_power with the -advisory option to generate a text report.
112 Infos, 1 Warnings, 0 Critical Warnings and 0 Errors encountered.
report_power completed successfully
INFO: [runtcl-4] Executing : report_route_status -file RISCV_CNN_route_status.rpt -pb RISCV_CNN_route_status.pb
INFO: [runtcl-4] Executing : report_timing_summary -max_paths 10 -report_unconstrained -file RISCV_CNN_timing_summary_routed.rpt -pb RISCV_CNN_timing_summary_routed.pb -rpx RISCV_CNN_timing_summary_routed.rpx -warn_on_violation 
INFO: [Timing 38-91] UpdateTimingParams: Speed grade: -1, Delay Type: min_max.
INFO: [Timing 38-191] Multithreading enabled for timing update using a maximum of 2 CPUs
INFO: [runtcl-4] Executing : report_incremental_reuse -file RISCV_CNN_incremental_reuse_routed.rpt
INFO: [Vivado_Tcl 4-1062] Incremental flow is disabled. No incremental reuse Info to report.
INFO: [runtcl-4] Executing : report_clock_utilization -file RISCV_CNN_clock_utilization_routed.rpt
INFO: [runtcl-4] Executing : report_bus_skew -warn_on_violation -file RISCV_CNN_bus_skew_routed.rpt -pb RISCV_CNN_bus_skew_routed.pb -rpx RISCV_CNN_bus_skew_routed.rpx
INFO: [Timing 38-91] UpdateTimingParams: Speed grade: -1, Delay Type: min_max.
INFO: [Timing 38-191] Multithreading enabled for timing update using a maximum of 2 CPUs
INFO: [Common 17-206] Exiting Vivado at Mon May 18 20:44:15 2026...
