Copyright 1986-2022 Xilinx, Inc. All Rights Reserved.
---------------------------------------------------------------------------------------------------------------------------------------------------------
| Tool Version : Vivado v.2022.1 (win64) Build 3526262 Mon Apr 18 15:48:16 MDT 2022
| Date         : Mon May 25 16:47:51 2026
| Host         : MSI running 64-bit major release  (build 9200)
| Command      : report_timing_summary -file C:/Users/User/DSD_Lab/Final/DSD_final_project/reports/bit_temp/at_fullcache_20260525_164220_timing_impl.rpt
| Design       : RISCV_CNN
| Device       : 7a35t-csg324
| Speed File   : -1  PRODUCTION 1.23 2018-06-13
---------------------------------------------------------------------------------------------------------------------------------------------------------

Timing Summary Report

------------------------------------------------------------------------------------------------
| Timer Settings
| --------------
------------------------------------------------------------------------------------------------

  Enable Multi Corner Analysis               :  Yes
  Enable Pessimism Removal                   :  Yes
  Pessimism Removal Resolution               :  Nearest Common Node
  Enable Input Delay Default Clock           :  No
  Enable Preset / Clear Arcs                 :  No
  Disable Flight Delays                      :  No
  Ignore I/O Paths                           :  No
  Timing Early Launch at Borrowing Latches   :  No
  Borrow Time for Max Delay Exceptions       :  Yes
  Merge Timing Exceptions                    :  Yes

  Corner  Analyze    Analyze    
  Name    Max Paths  Min Paths  
  ------  ---------  ---------  
  Slow    Yes        Yes        
  Fast    Yes        Yes        


------------------------------------------------------------------------------------------------
| Report Methodology
| ------------------
------------------------------------------------------------------------------------------------

No report available as report_methodology has not been run prior. Run report_methodology on the current design for the summary of methodology violations.



check_timing report

Table of Contents
-----------------
1. checking no_clock (0)
2. checking constant_clock (0)
3. checking pulse_width_clock (0)
4. checking unconstrained_internal_endpoints (0)
5. checking no_input_delay (7)
6. checking no_output_delay (12)
7. checking multiple_clock (0)
8. checking generated_clocks (0)
9. checking loops (0)
10. checking partial_input_delay (0)
11. checking partial_output_delay (0)
12. checking latch_loops (0)

1. checking no_clock (0)
------------------------
 There are 0 register/latch pins with no clock.


2. checking constant_clock (0)
------------------------------
 There are 0 register/latch pins with constant_clock.


3. checking pulse_width_clock (0)
---------------------------------
 There are 0 register/latch pins which need pulse_width check


4. checking unconstrained_internal_endpoints (0)
------------------------------------------------
 There are 0 pins that are not constrained for maximum delay.

 There are 0 pins that are not constrained for maximum delay due to constant clock.


5. checking no_input_delay (7)
------------------------------
 There are 7 input ports with no input delay specified. (HIGH)

 There are 0 input ports with no input delay but user has a false path constraint.


6. checking no_output_delay (12)
--------------------------------
 There are 12 ports with no output delay specified. (HIGH)

 There are 0 ports with no output delay but user has a false path constraint

 There are 0 ports with no output delay but with a timing clock defined on it or propagating through it


7. checking multiple_clock (0)
------------------------------
 There are 0 register/latch pins with multiple clocks.


8. checking generated_clocks (0)
--------------------------------
 There are 0 generated clocks that are not connected to a clock source.


9. checking loops (0)
---------------------
 There are 0 combinational loops in the design.


10. checking partial_input_delay (0)
------------------------------------
 There are 0 input ports with partial input delay specified.


11. checking partial_output_delay (0)
-------------------------------------
 There are 0 ports with partial output delay specified.


12. checking latch_loops (0)
----------------------------
 There are 0 combinational latch loops in the design through latch input



------------------------------------------------------------------------------------------------
| Design Timing Summary
| ---------------------
------------------------------------------------------------------------------------------------

    WNS(ns)      TNS(ns)  TNS Failing Endpoints  TNS Total Endpoints      WHS(ns)      THS(ns)  THS Failing Endpoints  THS Total Endpoints     WPWS(ns)     TPWS(ns)  TPWS Failing Endpoints  TPWS Total Endpoints  
    -------      -------  ---------------------  -------------------      -------      -------  ---------------------  -------------------     --------     --------  ----------------------  --------------------  
      0.983        0.000                      0                 6432        0.038        0.000                      0                 6432        4.500        0.000                       0                  2118  


All user specified timing constraints are met.


------------------------------------------------------------------------------------------------
| Clock Summary
| -------------
------------------------------------------------------------------------------------------------

Clock    Waveform(ns)       Period(ns)      Frequency(MHz)
-----    ------------       ----------      --------------
sys_clk  {0.000 5.000}      10.000          100.000         


------------------------------------------------------------------------------------------------
| Intra Clock Table
| -----------------
------------------------------------------------------------------------------------------------

Clock             WNS(ns)      TNS(ns)  TNS Failing Endpoints  TNS Total Endpoints      WHS(ns)      THS(ns)  THS Failing Endpoints  THS Total Endpoints     WPWS(ns)     TPWS(ns)  TPWS Failing Endpoints  TPWS Total Endpoints  
-----             -------      -------  ---------------------  -------------------      -------      -------  ---------------------  -------------------     --------     --------  ----------------------  --------------------  
sys_clk             0.983        0.000                      0                 6142        0.038        0.000                      0                 6142        4.500        0.000                       0                  2118  


------------------------------------------------------------------------------------------------
| Inter Clock Table
| -----------------
------------------------------------------------------------------------------------------------

From Clock    To Clock          WNS(ns)      TNS(ns)  TNS Failing Endpoints  TNS Total Endpoints      WHS(ns)      THS(ns)  THS Failing Endpoints  THS Total Endpoints  
----------    --------          -------      -------  ---------------------  -------------------      -------      -------  ---------------------  -------------------  


------------------------------------------------------------------------------------------------
| Other Path Groups Table
| -----------------------
------------------------------------------------------------------------------------------------

Path Group         From Clock         To Clock               WNS(ns)      TNS(ns)  TNS Failing Endpoints  TNS Total Endpoints      WHS(ns)      THS(ns)  THS Failing Endpoints  THS Total Endpoints  
----------         ----------         --------               -------      -------  ---------------------  -------------------      -------      -------  ---------------------  -------------------  
**async_default**  sys_clk            sys_clk                  4.423        0.000                      0                  290        0.477        0.000                      0                  290  


------------------------------------------------------------------------------------------------
| Timing Details
| --------------
------------------------------------------------------------------------------------------------


---------------------------------------------------------------------------------------------------
From Clock:  sys_clk
  To Clock:  sys_clk

Setup :            0  Failing Endpoints,  Worst Slack        0.983ns,  Total Violation        0.000ns
Hold  :            0  Failing Endpoints,  Worst Slack        0.038ns,  Total Violation        0.000ns
PW    :            0  Failing Endpoints,  Worst Slack        4.500ns,  Total Violation        0.000ns
---------------------------------------------------------------------------------------------------


Max Delay Paths
--------------------------------------------------------------------------------------
Slack (MET) :             0.983ns  (required time - arrival time)
  Source:                 u_cpu/instr_reg_reg[20]_rep/C
                            (rising edge-triggered cell FDRE clocked by sys_clk  {rise@0.000ns fall@5.000ns period=10.000ns})
  Destination:            u_cpu/regs_reg[15][25]/D
                            (rising edge-triggered cell FDRE clocked by sys_clk  {rise@0.000ns fall@5.000ns period=10.000ns})
  Path Group:             sys_clk
  Path Type:              Setup (Max at Slow Process Corner)
  Requirement:            10.000ns  (sys_clk rise@10.000ns - sys_clk rise@0.000ns)
  Data Path Delay:        8.790ns  (logic 2.887ns (32.843%)  route 5.903ns (67.157%))
  Logic Levels:           12  (CARRY4=7 LUT3=1 LUT5=1 LUT6=2 MUXF7=1)
  Clock Path Skew:        -0.125ns (DCD - SCD + CPR)
    Destination Clock Delay (DCD):    4.810ns = ( 14.810 - 10.000 ) 
    Source Clock Delay      (SCD):    5.113ns
    Clock Pessimism Removal (CPR):    0.179ns
  Clock Uncertainty:      0.035ns  ((TSJ^2 + TIJ^2)^1/2 + DJ) / 2 + PE
    Total System Jitter     (TSJ):    0.071ns
    Total Input Jitter      (TIJ):    0.000ns
    Discrete Jitter          (DJ):    0.000ns
    Phase Error              (PE):    0.000ns

    Location             Delay type                Incr(ns)  Path(ns)    Netlist Resource(s)
  -------------------------------------------------------------------    -------------------
                         (clock sys_clk rise edge)    0.000     0.000 r  
    P17                                               0.000     0.000 r  FPGA_clk (IN)
                         net (fo=0)                   0.000     0.000    FPGA_clk
    P17                  IBUF (Prop_ibuf_I_O)         1.478     1.478 r  FPGA_clk_IBUF_inst/O
                         net (fo=1, routed)           1.972     3.450    FPGA_clk_IBUF
    BUFGCTRL_X0Y0        BUFG (Prop_bufg_I_O)         0.096     3.546 r  FPGA_clk_IBUF_BUFG_inst/O
                         net (fo=2117, routed)        1.567     5.113    u_cpu/FPGA_clk_IBUF_BUFG
    SLICE_X46Y43         FDRE                                         r  u_cpu/instr_reg_reg[20]_rep/C
  -------------------------------------------------------------------    -------------------
    SLICE_X46Y43         FDRE (Prop_fdre_C_Q)         0.518     5.631 r  u_cpu/instr_reg_reg[20]_rep/Q
                         net (fo=97, routed)          1.710     7.341    u_cpu/instr_reg_reg[20]_rep_n_0
    SLICE_X59Y48         LUT6 (Prop_lut6_I4_O)        0.124     7.465 r  u_cpu/dmem_wdata[2]_i_12/O
                         net (fo=1, routed)           0.000     7.465    u_cpu/dmem_wdata[2]_i_12_n_0
    SLICE_X59Y48         MUXF7 (Prop_muxf7_I1_O)      0.217     7.682 r  u_cpu/dmem_wdata_reg[2]_i_5/O
                         net (fo=1, routed)           0.888     8.569    u_cpu/dmem_wdata_reg[2]_i_5_n_0
    SLICE_X56Y48         LUT6 (Prop_lut6_I3_O)        0.299     8.868 r  u_cpu/dmem_wdata[2]_i_2/O
                         net (fo=6, routed)           1.339    10.208    u_cpu/dmem_wdata[2]_i_2_n_0
    SLICE_X45Y39         LUT3 (Prop_lut3_I1_O)        0.124    10.332 r  u_cpu/regs[2][3]_i_11/O
                         net (fo=1, routed)           0.000    10.332    u_cpu/regs[2][3]_i_11_n_0
    SLICE_X45Y39         CARRY4 (Prop_carry4_S[2]_CO[3])
                                                      0.398    10.730 r  u_cpu/regs_reg[2][3]_i_2/CO[3]
                         net (fo=1, routed)           0.000    10.730    u_cpu/regs_reg[2][3]_i_2_n_0
    SLICE_X45Y40         CARRY4 (Prop_carry4_CI_CO[3])
                                                      0.114    10.844 r  u_cpu/regs_reg[2][7]_i_2/CO[3]
                         net (fo=1, routed)           0.000    10.844    u_cpu/regs_reg[2][7]_i_2_n_0
    SLICE_X45Y41         CARRY4 (Prop_carry4_CI_CO[3])
                                                      0.114    10.958 r  u_cpu/regs_reg[2][11]_i_2/CO[3]
                         net (fo=1, routed)           0.000    10.958    u_cpu/regs_reg[2][11]_i_2_n_0
    SLICE_X45Y42         CARRY4 (Prop_carry4_CI_CO[3])
                                                      0.114    11.072 r  u_cpu/regs_reg[2][15]_i_2/CO[3]
                         net (fo=1, routed)           0.000    11.072    u_cpu/regs_reg[2][15]_i_2_n_0
    SLICE_X45Y43         CARRY4 (Prop_carry4_CI_CO[3])
                                                      0.114    11.186 r  u_cpu/regs_reg[2][19]_i_2/CO[3]
                         net (fo=1, routed)           0.000    11.186    u_cpu/regs_reg[2][19]_i_2_n_0
    SLICE_X45Y44         CARRY4 (Prop_carry4_CI_CO[3])
                                                      0.114    11.300 r  u_cpu/regs_reg[2][23]_i_2/CO[3]
                         net (fo=1, routed)           0.000    11.300    u_cpu/regs_reg[2][23]_i_2_n_0
    SLICE_X45Y45         CARRY4 (Prop_carry4_CI_O[1])
                                                      0.334    11.634 r  u_cpu/regs_reg[2][27]_i_2/O[1]
                         net (fo=1, routed)           0.609    12.243    u_cpu/regs_reg[2][27]_i_2_n_6
    SLICE_X46Y45         LUT5 (Prop_lut5_I0_O)        0.303    12.546 r  u_cpu/regs[2][25]_i_1/O
                         net (fo=31, routed)          1.358    13.904    u_cpu/regs[2][25]_i_1_n_0
    SLICE_X57Y55         FDRE                                         r  u_cpu/regs_reg[15][25]/D
  -------------------------------------------------------------------    -------------------

                         (clock sys_clk rise edge)   10.000    10.000 r  
    P17                                               0.000    10.000 r  FPGA_clk (IN)
                         net (fo=0)                   0.000    10.000    FPGA_clk
    P17                  IBUF (Prop_ibuf_I_O)         1.408    11.408 r  FPGA_clk_IBUF_inst/O
                         net (fo=1, routed)           1.868    13.276    FPGA_clk_IBUF
    BUFGCTRL_X0Y0        BUFG (Prop_bufg_I_O)         0.091    13.367 r  FPGA_clk_IBUF_BUFG_inst/O
                         net (fo=2117, routed)        1.443    14.810    u_cpu/FPGA_clk_IBUF_BUFG
    SLICE_X57Y55         FDRE                                         r  u_cpu/regs_reg[15][25]/C
                         clock pessimism              0.179    14.989    
                         clock uncertainty           -0.035    14.953    
    SLICE_X57Y55         FDRE (Setup_fdre_C_D)       -0.067    14.886    u_cpu/regs_reg[15][25]
  -------------------------------------------------------------------
                         required time                         14.886    
                         arrival time                         -13.904    
  -------------------------------------------------------------------
                         slack                                  0.983    





Min Delay Paths
--------------------------------------------------------------------------------------
Slack (MET) :             0.038ns  (arrival time - required time)
  Source:                 u_cnn/dinb_reg[9]/C
                            (rising edge-triggered cell FDRE clocked by sys_clk  {rise@0.000ns fall@5.000ns period=10.000ns})
  Destination:            u_data_mem/U0/inst_blk_mem_gen/gnbram.gnativebmg.native_blk_mem_gen/valid.cstr/ramloop[0].ram.r/prim_noinit.ram/DEVICE_7SERIES.NO_BMM_INFO.TRUE_DP.SIMPLE_PRIM36.ram/DIBDI[9]
                            (rising edge-triggered cell RAMB36E1 clocked by sys_clk  {rise@0.000ns fall@5.000ns period=10.000ns})
  Path Group:             sys_clk
  Path Type:              Hold (Min at Fast Process Corner)
  Requirement:            0.000ns  (sys_clk rise@0.000ns - sys_clk rise@0.000ns)
  Data Path Delay:        0.247ns  (logic 0.141ns (57.072%)  route 0.106ns (42.928%))
  Logic Levels:           0  
  Clock Path Skew:        0.054ns (DCD - SCD - CPR)
    Destination Clock Delay (DCD):    2.021ns
    Source Clock Delay      (SCD):    1.467ns
    Clock Pessimism Removal (CPR):    0.499ns

    Location             Delay type                Incr(ns)  Path(ns)    Netlist Resource(s)
  -------------------------------------------------------------------    -------------------
                         (clock sys_clk rise edge)    0.000     0.000 r  
    P17                                               0.000     0.000 r  FPGA_clk (IN)
                         net (fo=0)                   0.000     0.000    FPGA_clk
    P17                  IBUF (Prop_ibuf_I_O)         0.246     0.246 r  FPGA_clk_IBUF_inst/O
                         net (fo=1, routed)           0.634     0.880    FPGA_clk_IBUF
    BUFGCTRL_X0Y0        BUFG (Prop_bufg_I_O)         0.026     0.906 r  FPGA_clk_IBUF_BUFG_inst/O
                         net (fo=2117, routed)        0.561     1.467    u_cnn/FPGA_clk_IBUF_BUFG
    SLICE_X49Y33         FDRE                                         r  u_cnn/dinb_reg[9]/C
  -------------------------------------------------------------------    -------------------
    SLICE_X49Y33         FDRE (Prop_fdre_C_Q)         0.141     1.608 r  u_cnn/dinb_reg[9]/Q
                         net (fo=1, routed)           0.106     1.714    u_data_mem/U0/inst_blk_mem_gen/gnbram.gnativebmg.native_blk_mem_gen/valid.cstr/ramloop[0].ram.r/prim_noinit.ram/dinb[9]
    RAMB36_X1Y6          RAMB36E1                                     r  u_data_mem/U0/inst_blk_mem_gen/gnbram.gnativebmg.native_blk_mem_gen/valid.cstr/ramloop[0].ram.r/prim_noinit.ram/DEVICE_7SERIES.NO_BMM_INFO.TRUE_DP.SIMPLE_PRIM36.ram/DIBDI[9]
  -------------------------------------------------------------------    -------------------

                         (clock sys_clk rise edge)    0.000     0.000 r  
    P17                                               0.000     0.000 r  FPGA_clk (IN)
                         net (fo=0)                   0.000     0.000    FPGA_clk
    P17                  IBUF (Prop_ibuf_I_O)         0.434     0.434 r  FPGA_clk_IBUF_inst/O
                         net (fo=1, routed)           0.689     1.123    FPGA_clk_IBUF
    BUFGCTRL_X0Y0        BUFG (Prop_bufg_I_O)         0.029     1.152 r  FPGA_clk_IBUF_BUFG_inst/O
                         net (fo=2117, routed)        0.869     2.021    u_data_mem/U0/inst_blk_mem_gen/gnbram.gnativebmg.native_blk_mem_gen/valid.cstr/ramloop[0].ram.r/prim_noinit.ram/clka
    RAMB36_X1Y6          RAMB36E1                                     r  u_data_mem/U0/inst_blk_mem_gen/gnbram.gnativebmg.native_blk_mem_gen/valid.cstr/ramloop[0].ram.r/prim_noinit.ram/DEVICE_7SERIES.NO_BMM_INFO.TRUE_DP.SIMPLE_PRIM36.ram/CLKBWRCLK
                         clock pessimism             -0.499     1.521    
    RAMB36_X1Y6          RAMB36E1 (Hold_ramb36e1_CLKBWRCLK_DIBDI[9])
                                                      0.155     1.676    u_data_mem/U0/inst_blk_mem_gen/gnbram.gnativebmg.native_blk_mem_gen/valid.cstr/ramloop[0].ram.r/prim_noinit.ram/DEVICE_7SERIES.NO_BMM_INFO.TRUE_DP.SIMPLE_PRIM36.ram
  -------------------------------------------------------------------
                         required time                         -1.676    
                         arrival time                           1.714    
  -------------------------------------------------------------------
                         slack                                  0.038    





Pulse Width Checks
--------------------------------------------------------------------------------------
Clock Name:         sys_clk
Waveform(ns):       { 0.000 5.000 }
Period(ns):         10.000
Sources:            { FPGA_clk }

Check Type        Corner  Lib Pin             Reference Pin  Required(ns)  Actual(ns)  Slack(ns)  Location      Pin
Min Period        n/a     RAMB36E1/CLKARDCLK  n/a            2.944         10.000      7.056      RAMB36_X1Y6   u_data_mem/U0/inst_blk_mem_gen/gnbram.gnativebmg.native_blk_mem_gen/valid.cstr/ramloop[0].ram.r/prim_noinit.ram/DEVICE_7SERIES.NO_BMM_INFO.TRUE_DP.SIMPLE_PRIM36.ram/CLKARDCLK
Low Pulse Width   Slow    FDCE/C              n/a            0.500         5.000       4.500      SLICE_X42Y30  cnn_start_latched_reg/C
High Pulse Width  Slow    FDCE/C              n/a            0.500         5.000       4.500      SLICE_X42Y30  cnn_start_latched_reg/C



---------------------------------------------------------------------------------------------------
Path Group:  **async_default**
From Clock:  sys_clk
  To Clock:  sys_clk

Setup :            0  Failing Endpoints,  Worst Slack        4.423ns,  Total Violation        0.000ns
Hold  :            0  Failing Endpoints,  Worst Slack        0.477ns,  Total Violation        0.000ns
---------------------------------------------------------------------------------------------------


Max Delay Paths
--------------------------------------------------------------------------------------
Slack (MET) :             4.423ns  (required time - arrival time)
  Source:                 rstn_sync1_reg/C
                            (rising edge-triggered cell FDCE clocked by sys_clk  {rise@0.000ns fall@5.000ns period=10.000ns})
  Destination:            u_test_circuit/scan_counter_reg[12]/CLR
                            (recovery check against rising-edge clock sys_clk  {rise@0.000ns fall@5.000ns period=10.000ns})
  Path Group:             **async_default**
  Path Type:              Recovery (Max at Slow Process Corner)
  Requirement:            10.000ns  (sys_clk rise@10.000ns - sys_clk rise@0.000ns)
  Data Path Delay:        5.104ns  (logic 0.580ns (11.364%)  route 4.524ns (88.636%))
  Logic Levels:           1  (LUT1=1)
  Clock Path Skew:        -0.033ns (DCD - SCD + CPR)
    Destination Clock Delay (DCD):    4.807ns = ( 14.807 - 10.000 ) 
    Source Clock Delay      (SCD):    5.099ns
    Clock Pessimism Removal (CPR):    0.259ns
  Clock Uncertainty:      0.035ns  ((TSJ^2 + TIJ^2)^1/2 + DJ) / 2 + PE
    Total System Jitter     (TSJ):    0.071ns
    Total Input Jitter      (TIJ):    0.000ns
    Discrete Jitter          (DJ):    0.000ns
    Phase Error              (PE):    0.000ns

    Location             Delay type                Incr(ns)  Path(ns)    Netlist Resource(s)
  -------------------------------------------------------------------    -------------------
                         (clock sys_clk rise edge)    0.000     0.000 r  
    P17                                               0.000     0.000 r  FPGA_clk (IN)
                         net (fo=0)                   0.000     0.000    FPGA_clk
    P17                  IBUF (Prop_ibuf_I_O)         1.478     1.478 r  FPGA_clk_IBUF_inst/O
                         net (fo=1, routed)           1.972     3.450    FPGA_clk_IBUF
    BUFGCTRL_X0Y0        BUFG (Prop_bufg_I_O)         0.096     3.546 r  FPGA_clk_IBUF_BUFG_inst/O
                         net (fo=2117, routed)        1.553     5.099    FPGA_clk_IBUF_BUFG
    SLICE_X39Y30         FDCE                                         r  rstn_sync1_reg/C
  -------------------------------------------------------------------    -------------------
    SLICE_X39Y30         FDCE (Prop_fdce_C_Q)         0.456     5.555 r  rstn_sync1_reg/Q
                         net (fo=1, routed)           0.656     6.211    u_test_circuit/rstn_sync1
    SLICE_X39Y30         LUT1 (Prop_lut1_I0_O)        0.124     6.335 f  u_test_circuit/start_sync0_i_1/O
                         net (fo=290, routed)         3.868    10.203    u_test_circuit/start_sync0_i_1_n_0
    SLICE_X36Y14         FDCE                                         f  u_test_circuit/scan_counter_reg[12]/CLR
  -------------------------------------------------------------------    -------------------

                         (clock sys_clk rise edge)   10.000    10.000 r  
    P17                                               0.000    10.000 r  FPGA_clk (IN)
                         net (fo=0)                   0.000    10.000    FPGA_clk
    P17                  IBUF (Prop_ibuf_I_O)         1.408    11.408 r  FPGA_clk_IBUF_inst/O
                         net (fo=1, routed)           1.868    13.276    FPGA_clk_IBUF
    BUFGCTRL_X0Y0        BUFG (Prop_bufg_I_O)         0.091    13.367 r  FPGA_clk_IBUF_BUFG_inst/O
                         net (fo=2117, routed)        1.440    14.807    u_test_circuit/FPGA_clk_IBUF_BUFG
    SLICE_X36Y14         FDCE                                         r  u_test_circuit/scan_counter_reg[12]/C
                         clock pessimism              0.259    15.066    
                         clock uncertainty           -0.035    15.031    
    SLICE_X36Y14         FDCE (Recov_fdce_C_CLR)     -0.405    14.626    u_test_circuit/scan_counter_reg[12]
  -------------------------------------------------------------------
                         required time                         14.626    
                         arrival time                         -10.203    
  -------------------------------------------------------------------
                         slack                                  4.423    





Min Delay Paths
--------------------------------------------------------------------------------------
Slack (MET) :             0.477ns  (arrival time - required time)
  Source:                 rstn_sync1_reg/C
                            (rising edge-triggered cell FDCE clocked by sys_clk  {rise@0.000ns fall@5.000ns period=10.000ns})
  Destination:            u_test_circuit/cycle_counter_reg[15]/CLR
                            (removal check against rising-edge clock sys_clk  {rise@0.000ns fall@5.000ns period=10.000ns})
  Path Group:             **async_default**
  Path Type:              Removal (Min at Fast Process Corner)
  Requirement:            0.000ns  (sys_clk rise@0.000ns - sys_clk rise@0.000ns)
  Data Path Delay:        0.670ns  (logic 0.186ns (27.766%)  route 0.484ns (72.234%))
  Logic Levels:           1  (LUT1=1)
  Clock Path Skew:        0.260ns (DCD - SCD - CPR)
    Destination Clock Delay (DCD):    1.971ns
    Source Clock Delay      (SCD):    1.461ns
    Clock Pessimism Removal (CPR):    0.250ns

    Location             Delay type                Incr(ns)  Path(ns)    Netlist Resource(s)
  -------------------------------------------------------------------    -------------------
                         (clock sys_clk rise edge)    0.000     0.000 r  
    P17                                               0.000     0.000 r  FPGA_clk (IN)
                         net (fo=0)                   0.000     0.000    FPGA_clk
    P17                  IBUF (Prop_ibuf_I_O)         0.246     0.246 r  FPGA_clk_IBUF_inst/O
                         net (fo=1, routed)           0.634     0.880    FPGA_clk_IBUF
    BUFGCTRL_X0Y0        BUFG (Prop_bufg_I_O)         0.026     0.906 r  FPGA_clk_IBUF_BUFG_inst/O
                         net (fo=2117, routed)        0.555     1.461    FPGA_clk_IBUF_BUFG
    SLICE_X39Y30         FDCE                                         r  rstn_sync1_reg/C
  -------------------------------------------------------------------    -------------------
    SLICE_X39Y30         FDCE (Prop_fdce_C_Q)         0.141     1.602 r  rstn_sync1_reg/Q
                         net (fo=1, routed)           0.219     1.821    u_test_circuit/rstn_sync1
    SLICE_X39Y30         LUT1 (Prop_lut1_I0_O)        0.045     1.866 f  u_test_circuit/start_sync0_i_1/O
                         net (fo=290, routed)         0.265     2.131    u_test_circuit/start_sync0_i_1_n_0
    SLICE_X34Y29         FDCE                                         f  u_test_circuit/cycle_counter_reg[15]/CLR
  -------------------------------------------------------------------    -------------------

                         (clock sys_clk rise edge)    0.000     0.000 r  
    P17                                               0.000     0.000 r  FPGA_clk (IN)
                         net (fo=0)                   0.000     0.000    FPGA_clk
    P17                  IBUF (Prop_ibuf_I_O)         0.434     0.434 r  FPGA_clk_IBUF_inst/O
                         net (fo=1, routed)           0.689     1.123    FPGA_clk_IBUF
    BUFGCTRL_X0Y0        BUFG (Prop_bufg_I_O)         0.029     1.152 r  FPGA_clk_IBUF_BUFG_inst/O
                         net (fo=2117, routed)        0.820     1.971    u_test_circuit/FPGA_clk_IBUF_BUFG
    SLICE_X34Y29         FDCE                                         r  u_test_circuit/cycle_counter_reg[15]/C
                         clock pessimism             -0.250     1.721    
    SLICE_X34Y29         FDCE (Remov_fdce_C_CLR)     -0.067     1.654    u_test_circuit/cycle_counter_reg[15]
  -------------------------------------------------------------------
                         required time                         -1.654    
                         arrival time                           2.131    
  -------------------------------------------------------------------
                         slack                                  0.477    





