Copyright 1986-2022 Xilinx, Inc. All Rights Reserved.
-----------------------------------------------------------------------------------------------------------------------------------------------------------------------
| Tool Version : Vivado v.2022.1 (win64) Build 3526262 Mon Apr 18 15:48:16 MDT 2022
| Date         : Mon May 25 23:34:33 2026
| Host         : MSI running 64-bit major release  (build 9200)
| Command      : report_timing_summary -file C:/Users/User/DSD_Lab/Final/DSD_final_project/reports/bit_temp/at_rank1_adopted_pipeline_20260525_233131_timing_synth.rpt
| Design       : RISCV_CNN
| Device       : 7a35t-csg324
| Speed File   : -1  PRODUCTION 1.23 2018-06-13
-----------------------------------------------------------------------------------------------------------------------------------------------------------------------

Timing Summary Report

------------------------------------------------------------------------------------------------
| Timer Settings
| --------------
------------------------------------------------------------------------------------------------

  Enable Multi Corner Analysis               :  Yes
  Enable Pessimism Removal                   :  Yes
  Pessimism Removal Resolution               :  Nearest Common Node
  Enable Input Delay Default Clock           :  No
  Enable Preset / Clear Arcs                 :  No
  Disable Flight Delays                      :  No
  Ignore I/O Paths                           :  No
  Timing Early Launch at Borrowing Latches   :  No
  Borrow Time for Max Delay Exceptions       :  Yes
  Merge Timing Exceptions                    :  Yes

  Corner  Analyze    Analyze    
  Name    Max Paths  Min Paths  
  ------  ---------  ---------  
  Slow    Yes        Yes        
  Fast    Yes        Yes        


------------------------------------------------------------------------------------------------
| Report Methodology
| ------------------
------------------------------------------------------------------------------------------------

No report available as report_methodology has not been run prior. Run report_methodology on the current design for the summary of methodology violations.



check_timing report

Table of Contents
-----------------
1. checking no_clock (0)
2. checking constant_clock (0)
3. checking pulse_width_clock (0)
4. checking unconstrained_internal_endpoints (0)
5. checking no_input_delay (7)
6. checking no_output_delay (12)
7. checking multiple_clock (0)
8. checking generated_clocks (0)
9. checking loops (0)
10. checking partial_input_delay (0)
11. checking partial_output_delay (0)
12. checking latch_loops (0)

1. checking no_clock (0)
------------------------
 There are 0 register/latch pins with no clock.


2. checking constant_clock (0)
------------------------------
 There are 0 register/latch pins with constant_clock.


3. checking pulse_width_clock (0)
---------------------------------
 There are 0 register/latch pins which need pulse_width check


4. checking unconstrained_internal_endpoints (0)
------------------------------------------------
 There are 0 pins that are not constrained for maximum delay.

 There are 0 pins that are not constrained for maximum delay due to constant clock.


5. checking no_input_delay (7)
------------------------------
 There are 7 input ports with no input delay specified. (HIGH)

 There are 0 input ports with no input delay but user has a false path constraint.


6. checking no_output_delay (12)
--------------------------------
 There are 12 ports with no output delay specified. (HIGH)

 There are 0 ports with no output delay but user has a false path constraint

 There are 0 ports with no output delay but with a timing clock defined on it or propagating through it


7. checking multiple_clock (0)
------------------------------
 There are 0 register/latch pins with multiple clocks.


8. checking generated_clocks (0)
--------------------------------
 There are 0 generated clocks that are not connected to a clock source.


9. checking loops (0)
---------------------
 There are 0 combinational loops in the design.


10. checking partial_input_delay (0)
------------------------------------
 There are 0 input ports with partial input delay specified.


11. checking partial_output_delay (0)
-------------------------------------
 There are 0 ports with partial output delay specified.


12. checking latch_loops (0)
----------------------------
 There are 0 combinational latch loops in the design through latch input



------------------------------------------------------------------------------------------------
| Design Timing Summary
| ---------------------
------------------------------------------------------------------------------------------------

    WNS(ns)      TNS(ns)  TNS Failing Endpoints  TNS Total Endpoints      WHS(ns)      THS(ns)  THS Failing Endpoints  THS Total Endpoints     WPWS(ns)     TPWS(ns)  TPWS Failing Endpoints  TPWS Total Endpoints  
    -------      -------  ---------------------  -------------------      -------      -------  ---------------------  -------------------     --------     --------  ----------------------  --------------------  
     -0.674      -43.159                     64                 6391        0.131        0.000                      0                 6391        4.500        0.000                       0                  2105  


Timing constraints are not met.


------------------------------------------------------------------------------------------------
| Clock Summary
| -------------
------------------------------------------------------------------------------------------------

Clock    Waveform(ns)       Period(ns)      Frequency(MHz)
-----    ------------       ----------      --------------
sys_clk  {0.000 5.000}      10.000          100.000         


------------------------------------------------------------------------------------------------
| Intra Clock Table
| -----------------
------------------------------------------------------------------------------------------------

Clock             WNS(ns)      TNS(ns)  TNS Failing Endpoints  TNS Total Endpoints      WHS(ns)      THS(ns)  THS Failing Endpoints  THS Total Endpoints     WPWS(ns)     TPWS(ns)  TPWS Failing Endpoints  TPWS Total Endpoints  
-----             -------      -------  ---------------------  -------------------      -------      -------  ---------------------  -------------------     --------     --------  ----------------------  --------------------  
sys_clk            -0.674      -43.159                     64                 6101        0.131        0.000                      0                 6101        4.500        0.000                       0                  2105  


------------------------------------------------------------------------------------------------
| Inter Clock Table
| -----------------
------------------------------------------------------------------------------------------------

From Clock    To Clock          WNS(ns)      TNS(ns)  TNS Failing Endpoints  TNS Total Endpoints      WHS(ns)      THS(ns)  THS Failing Endpoints  THS Total Endpoints  
----------    --------          -------      -------  ---------------------  -------------------      -------      -------  ---------------------  -------------------  


------------------------------------------------------------------------------------------------
| Other Path Groups Table
| -----------------------
------------------------------------------------------------------------------------------------

Path Group         From Clock         To Clock               WNS(ns)      TNS(ns)  TNS Failing Endpoints  TNS Total Endpoints      WHS(ns)      THS(ns)  THS Failing Endpoints  THS Total Endpoints  
----------         ----------         --------               -------      -------  ---------------------  -------------------      -------      -------  ---------------------  -------------------  
**async_default**  sys_clk            sys_clk                  7.447        0.000                      0                  290        0.699        0.000                      0                  290  


------------------------------------------------------------------------------------------------
| Timing Details
| --------------
------------------------------------------------------------------------------------------------


---------------------------------------------------------------------------------------------------
From Clock:  sys_clk
  To Clock:  sys_clk

Setup :           64  Failing Endpoints,  Worst Slack       -0.674ns,  Total Violation      -43.159ns
Hold  :            0  Failing Endpoints,  Worst Slack        0.131ns,  Total Violation        0.000ns
PW    :            0  Failing Endpoints,  Worst Slack        4.500ns,  Total Violation        0.000ns
---------------------------------------------------------------------------------------------------


Max Delay Paths
--------------------------------------------------------------------------------------
Slack (VIOLATED) :        -0.674ns  (required time - arrival time)
  Source:                 u_cnn/prod2_reg_reg[1]/C
                            (rising edge-triggered cell FDRE clocked by sys_clk  {rise@0.000ns fall@5.000ns period=10.000ns})
  Destination:            u_cnn/dinb_reg[0]/D
                            (rising edge-triggered cell FDRE clocked by sys_clk  {rise@0.000ns fall@5.000ns period=10.000ns})
  Path Group:             sys_clk
  Path Type:              Setup (Max at Slow Process Corner)
  Requirement:            10.000ns  (sys_clk rise@10.000ns - sys_clk rise@0.000ns)
  Data Path Delay:        10.523ns  (logic 6.191ns (58.833%)  route 4.332ns (41.167%))
  Logic Levels:           16  (CARRY4=10 LUT2=4 LUT3=1 LUT6=1)
  Clock Path Skew:        -0.145ns (DCD - SCD + CPR)
    Destination Clock Delay (DCD):    2.698ns = ( 12.698 - 10.000 ) 
    Source Clock Delay      (SCD):    2.958ns
    Clock Pessimism Removal (CPR):    0.116ns
  Clock Uncertainty:      0.035ns  ((TSJ^2 + TIJ^2)^1/2 + DJ) / 2 + PE
    Total System Jitter     (TSJ):    0.071ns
    Total Input Jitter      (TIJ):    0.000ns
    Discrete Jitter          (DJ):    0.000ns
    Phase Error              (PE):    0.000ns

    Location             Delay type                Incr(ns)  Path(ns)    Netlist Resource(s)
  -------------------------------------------------------------------    -------------------
                         (clock sys_clk rise edge)    0.000     0.000 r  
    P17                                               0.000     0.000 r  FPGA_clk (IN)
                         net (fo=0)                   0.000     0.000    FPGA_clk
    P17                  IBUF (Prop_ibuf_I_O)         1.478     1.478 r  FPGA_clk_IBUF_inst/O
                         net (fo=1, unplaced)         0.800     2.278    FPGA_clk_IBUF
                         BUFG (Prop_bufg_I_O)         0.096     2.374 r  FPGA_clk_IBUF_BUFG_inst/O
                         net (fo=2104, unplaced)      0.584     2.958    u_cnn/FPGA_clk_IBUF_BUFG
                         FDRE                                         r  u_cnn/prod2_reg_reg[1]/C
  -------------------------------------------------------------------    -------------------
                         FDRE (Prop_fdre_C_Q)         0.456     3.414 r  u_cnn/prod2_reg_reg[1]/Q
                         net (fo=2, unplaced)         0.481     3.895    u_cnn/prod2_reg[1]
                         LUT2 (Prop_lut2_I0_O)        0.295     4.190 r  u_cnn/accum[3]_i_15/O
                         net (fo=1, unplaced)         0.000     4.190    u_cnn/accum[3]_i_15_n_0
                         CARRY4 (Prop_carry4_S[1]_CO[3])
                                                      0.550     4.740 r  u_cnn/accum_reg[3]_i_12/CO[3]
                         net (fo=1, unplaced)         0.009     4.749    u_cnn/accum_reg[3]_i_12_n_0
                         CARRY4 (Prop_carry4_CI_O[3])
                                                      0.329     5.078 r  u_cnn/accum_reg[7]_i_12/O[3]
                         net (fo=1, unplaced)         0.618     5.696    u_cnn/C__0[7]
                         LUT2 (Prop_lut2_I1_O)        0.307     6.003 r  u_cnn/accum[7]_i_8/O
                         net (fo=1, unplaced)         0.000     6.003    u_cnn/accum[7]_i_8_n_0
                         CARRY4 (Prop_carry4_S[3]_CO[3])
                                                      0.401     6.404 r  u_cnn/accum_reg[7]_i_7/CO[3]
                         net (fo=1, unplaced)         0.000     6.404    u_cnn/accum_reg[7]_i_7_n_0
                         CARRY4 (Prop_carry4_CI_O[3])
                                                      0.329     6.733 r  u_cnn/accum_reg[11]_i_7/O[3]
                         net (fo=1, unplaced)         0.618     7.351    u_cnn/PCIN[11]
                         LUT2 (Prop_lut2_I1_O)        0.307     7.658 r  u_cnn/accum[11]_i_3/O
                         net (fo=1, unplaced)         0.000     7.658    u_cnn/accum[11]_i_3_n_0
                         CARRY4 (Prop_carry4_S[3]_CO[3])
                                                      0.401     8.059 r  u_cnn/accum_reg[11]_i_2/CO[3]
                         net (fo=1, unplaced)         0.000     8.059    u_cnn/accum_reg[11]_i_2_n_0
                         CARRY4 (Prop_carry4_CI_O[0])
                                                      0.235     8.294 r  u_cnn/accum_reg[15]_i_2/O[0]
                         net (fo=2, unplaced)         0.985     9.279    u_cnn/accum_reg[15]_i_2_n_7
                         CARRY4 (Prop_carry4_S[2]_CO[3])
                                                      0.693     9.972 r  u_cnn/pack_word_reg[31]_i_6/CO[3]
                         net (fo=1, unplaced)         0.000     9.972    u_cnn/pack_word_reg[31]_i_6_n_0
                         CARRY4 (Prop_carry4_CI_O[1])
                                                      0.348    10.320 f  u_cnn/pack_word_reg[31]_i_25/O[1]
                         net (fo=4, unplaced)         0.635    10.955    u_cnn/pack_word_reg[31]_i_25_n_6
                         LUT2 (Prop_lut2_I0_O)        0.306    11.261 r  u_cnn/pack_word[31]_i_31/O
                         net (fo=1, unplaced)         0.000    11.261    u_cnn/pack_word[31]_i_31_n_0
                         CARRY4 (Prop_carry4_S[1]_CO[3])
                                                      0.550    11.811 r  u_cnn/pack_word_reg[31]_i_14/CO[3]
                         net (fo=1, unplaced)         0.009    11.820    u_cnn/pack_word_reg[31]_i_14_n_0
                         CARRY4 (Prop_carry4_CI_CO[2])
                                                      0.250    12.070 r  u_cnn/pack_word_reg[31]_i_8/CO[2]
                         net (fo=8, unplaced)         0.490    12.560    u_cnn/round_sat_q12_to_q611_in
                         LUT3 (Prop_lut3_I2_O)        0.310    12.870 r  u_cnn/pack_word[24]_i_2/O
                         net (fo=8, unplaced)         0.487    13.357    u_cnn/pack_word[24]_i_2_n_0
                         LUT6 (Prop_lut6_I2_O)        0.124    13.481 r  u_cnn/dinb[0]_i_1/O
                         net (fo=1, unplaced)         0.000    13.481    u_cnn/p_2_in[0]
                         FDRE                                         r  u_cnn/dinb_reg[0]/D
  -------------------------------------------------------------------    -------------------

                         (clock sys_clk rise edge)   10.000    10.000 r  
    P17                                               0.000    10.000 r  FPGA_clk (IN)
                         net (fo=0)                   0.000    10.000    FPGA_clk
    P17                  IBUF (Prop_ibuf_I_O)         1.408    11.408 r  FPGA_clk_IBUF_inst/O
                         net (fo=1, unplaced)         0.760    12.168    FPGA_clk_IBUF
                         BUFG (Prop_bufg_I_O)         0.091    12.259 r  FPGA_clk_IBUF_BUFG_inst/O
                         net (fo=2104, unplaced)      0.439    12.698    u_cnn/FPGA_clk_IBUF_BUFG
                         FDRE                                         r  u_cnn/dinb_reg[0]/C
                         clock pessimism              0.116    12.813    
                         clock uncertainty           -0.035    12.778    
                         FDRE (Setup_fdre_C_D)        0.029    12.807    u_cnn/dinb_reg[0]
  -------------------------------------------------------------------
                         required time                         12.807    
                         arrival time                         -13.481    
  -------------------------------------------------------------------
                         slack                                 -0.674    





Min Delay Paths
--------------------------------------------------------------------------------------
Slack (MET) :             0.131ns  (arrival time - required time)
  Source:                 u_test_circuit/scan_counter_reg[0]/C
                            (rising edge-triggered cell FDCE clocked by sys_clk  {rise@0.000ns fall@5.000ns period=10.000ns})
  Destination:            u_test_circuit/scan_counter_reg[0]/D
                            (rising edge-triggered cell FDCE clocked by sys_clk  {rise@0.000ns fall@5.000ns period=10.000ns})
  Path Group:             sys_clk
  Path Type:              Hold (Min at Fast Process Corner)
  Requirement:            0.000ns  (sys_clk rise@0.000ns - sys_clk rise@0.000ns)
  Data Path Delay:        0.381ns  (logic 0.256ns (67.158%)  route 0.125ns (32.842%))
  Logic Levels:           2  (CARRY4=1 LUT1=1)
  Clock Path Skew:        0.145ns (DCD - SCD - CPR)
    Destination Clock Delay (DCD):    1.077ns
    Source Clock Delay      (SCD):    0.723ns
    Clock Pessimism Removal (CPR):    0.209ns

    Location             Delay type                Incr(ns)  Path(ns)    Netlist Resource(s)
  -------------------------------------------------------------------    -------------------
                         (clock sys_clk rise edge)    0.000     0.000 r  
    P17                                               0.000     0.000 r  FPGA_clk (IN)
                         net (fo=0)                   0.000     0.000    FPGA_clk
    P17                  IBUF (Prop_ibuf_I_O)         0.246     0.246 r  FPGA_clk_IBUF_inst/O
                         net (fo=1, unplaced)         0.337     0.583    FPGA_clk_IBUF
                         BUFG (Prop_bufg_I_O)         0.026     0.609 r  FPGA_clk_IBUF_BUFG_inst/O
                         net (fo=2104, unplaced)      0.114     0.723    u_test_circuit/FPGA_clk_IBUF_BUFG
                         FDCE                                         r  u_test_circuit/scan_counter_reg[0]/C
  -------------------------------------------------------------------    -------------------
                         FDCE (Prop_fdce_C_Q)         0.141     0.864 f  u_test_circuit/scan_counter_reg[0]/Q
                         net (fo=1, unplaced)         0.125     0.990    u_test_circuit/scan_counter_reg_n_0_[0]
                         LUT1 (Prop_lut1_I0_O)        0.045     1.035 r  u_test_circuit/scan_counter[0]_i_2/O
                         net (fo=1, unplaced)         0.000     1.035    u_test_circuit/scan_counter[0]_i_2_n_0
                         CARRY4 (Prop_carry4_S[0]_O[0])
                                                      0.070     1.105 r  u_test_circuit/scan_counter_reg[0]_i_1/O[0]
                         net (fo=1, unplaced)         0.000     1.105    u_test_circuit/scan_counter_reg[0]_i_1_n_7
                         FDCE                                         r  u_test_circuit/scan_counter_reg[0]/D
  -------------------------------------------------------------------    -------------------

                         (clock sys_clk rise edge)    0.000     0.000 r  
    P17                                               0.000     0.000 r  FPGA_clk (IN)
                         net (fo=0)                   0.000     0.000    FPGA_clk
    P17                  IBUF (Prop_ibuf_I_O)         0.434     0.434 r  FPGA_clk_IBUF_inst/O
                         net (fo=1, unplaced)         0.355     0.789    FPGA_clk_IBUF
                         BUFG (Prop_bufg_I_O)         0.029     0.818 r  FPGA_clk_IBUF_BUFG_inst/O
                         net (fo=2104, unplaced)      0.259     1.077    u_test_circuit/FPGA_clk_IBUF_BUFG
                         FDCE                                         r  u_test_circuit/scan_counter_reg[0]/C
                         clock pessimism             -0.209     0.868    
                         FDCE (Hold_fdce_C_D)         0.105     0.973    u_test_circuit/scan_counter_reg[0]
  -------------------------------------------------------------------
                         required time                         -0.973    
                         arrival time                           1.105    
  -------------------------------------------------------------------
                         slack                                  0.131    





Pulse Width Checks
--------------------------------------------------------------------------------------
Clock Name:         sys_clk
Waveform(ns):       { 0.000 5.000 }
Period(ns):         10.000
Sources:            { FPGA_clk }

Check Type        Corner  Lib Pin             Reference Pin  Required(ns)  Actual(ns)  Slack(ns)  Location  Pin
Min Period        n/a     RAMB36E1/CLKARDCLK  n/a            2.944         10.000      7.056                u_data_mem/U0/inst_blk_mem_gen/gnbram.gnativebmg.native_blk_mem_gen/valid.cstr/ramloop[0].ram.r/prim_noinit.ram/DEVICE_7SERIES.NO_BMM_INFO.TRUE_DP.SIMPLE_PRIM36.ram/CLKARDCLK
Low Pulse Width   Slow    FDCE/C              n/a            0.500         5.000       4.500                cnn_start_latched_reg/C
High Pulse Width  Slow    FDCE/C              n/a            0.500         5.000       4.500                cnn_start_latched_reg/C



---------------------------------------------------------------------------------------------------
Path Group:  **async_default**
From Clock:  sys_clk
  To Clock:  sys_clk

Setup :            0  Failing Endpoints,  Worst Slack        7.447ns,  Total Violation        0.000ns
Hold  :            0  Failing Endpoints,  Worst Slack        0.699ns,  Total Violation        0.000ns
---------------------------------------------------------------------------------------------------


Max Delay Paths
--------------------------------------------------------------------------------------
Slack (MET) :             7.447ns  (required time - arrival time)
  Source:                 rstn_sync1_reg/C
                            (rising edge-triggered cell FDCE clocked by sys_clk  {rise@0.000ns fall@5.000ns period=10.000ns})
  Destination:            u_test_circuit/addr_counter_q_reg[0]/CLR
                            (recovery check against rising-edge clock sys_clk  {rise@0.000ns fall@5.000ns period=10.000ns})
  Path Group:             **async_default**
  Path Type:              Recovery (Max at Slow Process Corner)
  Requirement:            10.000ns  (sys_clk rise@10.000ns - sys_clk rise@0.000ns)
  Data Path Delay:        1.964ns  (logic 0.751ns (38.238%)  route 1.213ns (61.762%))
  Logic Levels:           1  (LUT1=1)
  Clock Path Skew:        -0.145ns (DCD - SCD + CPR)
    Destination Clock Delay (DCD):    2.698ns = ( 12.698 - 10.000 ) 
    Source Clock Delay      (SCD):    2.958ns
    Clock Pessimism Removal (CPR):    0.116ns
  Clock Uncertainty:      0.035ns  ((TSJ^2 + TIJ^2)^1/2 + DJ) / 2 + PE
    Total System Jitter     (TSJ):    0.071ns
    Total Input Jitter      (TIJ):    0.000ns
    Discrete Jitter          (DJ):    0.000ns
    Phase Error              (PE):    0.000ns

    Location             Delay type                Incr(ns)  Path(ns)    Netlist Resource(s)
  -------------------------------------------------------------------    -------------------
                         (clock sys_clk rise edge)    0.000     0.000 r  
    P17                                               0.000     0.000 r  FPGA_clk (IN)
                         net (fo=0)                   0.000     0.000    FPGA_clk
    P17                  IBUF (Prop_ibuf_I_O)         1.478     1.478 r  FPGA_clk_IBUF_inst/O
                         net (fo=1, unplaced)         0.800     2.278    FPGA_clk_IBUF
                         BUFG (Prop_bufg_I_O)         0.096     2.374 r  FPGA_clk_IBUF_BUFG_inst/O
                         net (fo=2104, unplaced)      0.584     2.958    FPGA_clk_IBUF_BUFG
                         FDCE                                         r  rstn_sync1_reg/C
  -------------------------------------------------------------------    -------------------
                         FDCE (Prop_fdce_C_Q)         0.456     3.414 r  rstn_sync1_reg/Q
                         net (fo=1, unplaced)         0.311     3.725    u_test_circuit/rstn_sync1
                         LUT1 (Prop_lut1_I0_O)        0.295     4.020 f  u_test_circuit/start_sync0_i_1/O
                         net (fo=290, unplaced)       0.902     4.922    u_test_circuit/start_sync0_i_1_n_0
                         FDCE                                         f  u_test_circuit/addr_counter_q_reg[0]/CLR
  -------------------------------------------------------------------    -------------------

                         (clock sys_clk rise edge)   10.000    10.000 r  
    P17                                               0.000    10.000 r  FPGA_clk (IN)
                         net (fo=0)                   0.000    10.000    FPGA_clk
    P17                  IBUF (Prop_ibuf_I_O)         1.408    11.408 r  FPGA_clk_IBUF_inst/O
                         net (fo=1, unplaced)         0.760    12.168    FPGA_clk_IBUF
                         BUFG (Prop_bufg_I_O)         0.091    12.259 r  FPGA_clk_IBUF_BUFG_inst/O
                         net (fo=2104, unplaced)      0.439    12.698    u_test_circuit/FPGA_clk_IBUF_BUFG
                         FDCE                                         r  u_test_circuit/addr_counter_q_reg[0]/C
                         clock pessimism              0.116    12.813    
                         clock uncertainty           -0.035    12.778    
                         FDCE (Recov_fdce_C_CLR)     -0.409    12.369    u_test_circuit/addr_counter_q_reg[0]
  -------------------------------------------------------------------
                         required time                         12.369    
                         arrival time                          -4.922    
  -------------------------------------------------------------------
                         slack                                  7.447    





Min Delay Paths
--------------------------------------------------------------------------------------
Slack (MET) :             0.699ns  (arrival time - required time)
  Source:                 rstn_sync1_reg/C
                            (rising edge-triggered cell FDCE clocked by sys_clk  {rise@0.000ns fall@5.000ns period=10.000ns})
  Destination:            u_test_circuit/addr_counter_q_reg[0]/CLR
                            (removal check against rising-edge clock sys_clk  {rise@0.000ns fall@5.000ns period=10.000ns})
  Path Group:             **async_default**
  Path Type:              Removal (Min at Fast Process Corner)
  Requirement:            0.000ns  (sys_clk rise@0.000ns - sys_clk rise@0.000ns)
  Data Path Delay:        0.750ns  (logic 0.239ns (31.854%)  route 0.511ns (68.146%))
  Logic Levels:           1  (LUT1=1)
  Clock Path Skew:        0.145ns (DCD - SCD - CPR)
    Destination Clock Delay (DCD):    1.077ns
    Source Clock Delay      (SCD):    0.723ns
    Clock Pessimism Removal (CPR):    0.209ns

    Location             Delay type                Incr(ns)  Path(ns)    Netlist Resource(s)
  -------------------------------------------------------------------    -------------------
                         (clock sys_clk rise edge)    0.000     0.000 r  
    P17                                               0.000     0.000 r  FPGA_clk (IN)
                         net (fo=0)                   0.000     0.000    FPGA_clk
    P17                  IBUF (Prop_ibuf_I_O)         0.246     0.246 r  FPGA_clk_IBUF_inst/O
                         net (fo=1, unplaced)         0.337     0.583    FPGA_clk_IBUF
                         BUFG (Prop_bufg_I_O)         0.026     0.609 r  FPGA_clk_IBUF_BUFG_inst/O
                         net (fo=2104, unplaced)      0.114     0.723    FPGA_clk_IBUF_BUFG
                         FDCE                                         r  rstn_sync1_reg/C
  -------------------------------------------------------------------    -------------------
                         FDCE (Prop_fdce_C_Q)         0.141     0.864 r  rstn_sync1_reg/Q
                         net (fo=1, unplaced)         0.131     0.995    u_test_circuit/rstn_sync1
                         LUT1 (Prop_lut1_I0_O)        0.098     1.093 f  u_test_circuit/start_sync0_i_1/O
                         net (fo=290, unplaced)       0.380     1.474    u_test_circuit/start_sync0_i_1_n_0
                         FDCE                                         f  u_test_circuit/addr_counter_q_reg[0]/CLR
  -------------------------------------------------------------------    -------------------

                         (clock sys_clk rise edge)    0.000     0.000 r  
    P17                                               0.000     0.000 r  FPGA_clk (IN)
                         net (fo=0)                   0.000     0.000    FPGA_clk
    P17                  IBUF (Prop_ibuf_I_O)         0.434     0.434 r  FPGA_clk_IBUF_inst/O
                         net (fo=1, unplaced)         0.355     0.789    FPGA_clk_IBUF
                         BUFG (Prop_bufg_I_O)         0.029     0.818 r  FPGA_clk_IBUF_BUFG_inst/O
                         net (fo=2104, unplaced)      0.259     1.077    u_test_circuit/FPGA_clk_IBUF_BUFG
                         FDCE                                         r  u_test_circuit/addr_counter_q_reg[0]/C
                         clock pessimism             -0.209     0.868    
                         FDCE (Remov_fdce_C_CLR)     -0.094     0.774    u_test_circuit/addr_counter_q_reg[0]
  -------------------------------------------------------------------
                         required time                         -0.774    
                         arrival time                           1.474    
  -------------------------------------------------------------------
                         slack                                  0.699    





