Copyright 1986-2022 Xilinx, Inc. All Rights Reserved.
----------------------------------------------------------------------------------------------------------------------------------------------------------------------
| Tool Version : Vivado v.2022.1 (win64) Build 3526262 Mon Apr 18 15:48:16 MDT 2022
| Date         : Mon May 25 23:38:59 2026
| Host         : MSI running 64-bit major release  (build 9200)
| Command      : report_timing_summary -file C:/Users/User/DSD_Lab/Final/DSD_final_project/reports/bit_temp/at_rank1_adopted_pipeline_20260525_233131_timing_impl.rpt
| Design       : RISCV_CNN
| Device       : 7a35t-csg324
| Speed File   : -1  PRODUCTION 1.23 2018-06-13
----------------------------------------------------------------------------------------------------------------------------------------------------------------------

Timing Summary Report

------------------------------------------------------------------------------------------------
| Timer Settings
| --------------
------------------------------------------------------------------------------------------------

  Enable Multi Corner Analysis               :  Yes
  Enable Pessimism Removal                   :  Yes
  Pessimism Removal Resolution               :  Nearest Common Node
  Enable Input Delay Default Clock           :  No
  Enable Preset / Clear Arcs                 :  No
  Disable Flight Delays                      :  No
  Ignore I/O Paths                           :  No
  Timing Early Launch at Borrowing Latches   :  No
  Borrow Time for Max Delay Exceptions       :  Yes
  Merge Timing Exceptions                    :  Yes

  Corner  Analyze    Analyze    
  Name    Max Paths  Min Paths  
  ------  ---------  ---------  
  Slow    Yes        Yes        
  Fast    Yes        Yes        


------------------------------------------------------------------------------------------------
| Report Methodology
| ------------------
------------------------------------------------------------------------------------------------

No report available as report_methodology has not been run prior. Run report_methodology on the current design for the summary of methodology violations.



check_timing report

Table of Contents
-----------------
1. checking no_clock (0)
2. checking constant_clock (0)
3. checking pulse_width_clock (0)
4. checking unconstrained_internal_endpoints (0)
5. checking no_input_delay (7)
6. checking no_output_delay (12)
7. checking multiple_clock (0)
8. checking generated_clocks (0)
9. checking loops (0)
10. checking partial_input_delay (0)
11. checking partial_output_delay (0)
12. checking latch_loops (0)

1. checking no_clock (0)
------------------------
 There are 0 register/latch pins with no clock.


2. checking constant_clock (0)
------------------------------
 There are 0 register/latch pins with constant_clock.


3. checking pulse_width_clock (0)
---------------------------------
 There are 0 register/latch pins which need pulse_width check


4. checking unconstrained_internal_endpoints (0)
------------------------------------------------
 There are 0 pins that are not constrained for maximum delay.

 There are 0 pins that are not constrained for maximum delay due to constant clock.


5. checking no_input_delay (7)
------------------------------
 There are 7 input ports with no input delay specified. (HIGH)

 There are 0 input ports with no input delay but user has a false path constraint.


6. checking no_output_delay (12)
--------------------------------
 There are 12 ports with no output delay specified. (HIGH)

 There are 0 ports with no output delay but user has a false path constraint

 There are 0 ports with no output delay but with a timing clock defined on it or propagating through it


7. checking multiple_clock (0)
------------------------------
 There are 0 register/latch pins with multiple clocks.


8. checking generated_clocks (0)
--------------------------------
 There are 0 generated clocks that are not connected to a clock source.


9. checking loops (0)
---------------------
 There are 0 combinational loops in the design.


10. checking partial_input_delay (0)
------------------------------------
 There are 0 input ports with partial input delay specified.


11. checking partial_output_delay (0)
-------------------------------------
 There are 0 ports with partial output delay specified.


12. checking latch_loops (0)
----------------------------
 There are 0 combinational latch loops in the design through latch input



------------------------------------------------------------------------------------------------
| Design Timing Summary
| ---------------------
------------------------------------------------------------------------------------------------

    WNS(ns)      TNS(ns)  TNS Failing Endpoints  TNS Total Endpoints      WHS(ns)      THS(ns)  THS Failing Endpoints  THS Total Endpoints     WPWS(ns)     TPWS(ns)  TPWS Failing Endpoints  TPWS Total Endpoints  
    -------      -------  ---------------------  -------------------      -------      -------  ---------------------  -------------------     --------     --------  ----------------------  --------------------  
      0.013        0.000                      0                 6392        0.072        0.000                      0                 6392        4.500        0.000                       0                  2107  


All user specified timing constraints are met.


------------------------------------------------------------------------------------------------
| Clock Summary
| -------------
------------------------------------------------------------------------------------------------

Clock    Waveform(ns)       Period(ns)      Frequency(MHz)
-----    ------------       ----------      --------------
sys_clk  {0.000 5.000}      10.000          100.000         


------------------------------------------------------------------------------------------------
| Intra Clock Table
| -----------------
------------------------------------------------------------------------------------------------

Clock             WNS(ns)      TNS(ns)  TNS Failing Endpoints  TNS Total Endpoints      WHS(ns)      THS(ns)  THS Failing Endpoints  THS Total Endpoints     WPWS(ns)     TPWS(ns)  TPWS Failing Endpoints  TPWS Total Endpoints  
-----             -------      -------  ---------------------  -------------------      -------      -------  ---------------------  -------------------     --------     --------  ----------------------  --------------------  
sys_clk             0.013        0.000                      0                 6102        0.072        0.000                      0                 6102        4.500        0.000                       0                  2107  


------------------------------------------------------------------------------------------------
| Inter Clock Table
| -----------------
------------------------------------------------------------------------------------------------

From Clock    To Clock          WNS(ns)      TNS(ns)  TNS Failing Endpoints  TNS Total Endpoints      WHS(ns)      THS(ns)  THS Failing Endpoints  THS Total Endpoints  
----------    --------          -------      -------  ---------------------  -------------------      -------      -------  ---------------------  -------------------  


------------------------------------------------------------------------------------------------
| Other Path Groups Table
| -----------------------
------------------------------------------------------------------------------------------------

Path Group         From Clock         To Clock               WNS(ns)      TNS(ns)  TNS Failing Endpoints  TNS Total Endpoints      WHS(ns)      THS(ns)  THS Failing Endpoints  THS Total Endpoints  
----------         ----------         --------               -------      -------  ---------------------  -------------------      -------      -------  ---------------------  -------------------  
**async_default**  sys_clk            sys_clk                  4.901        0.000                      0                  290        0.532        0.000                      0                  290  


------------------------------------------------------------------------------------------------
| Timing Details
| --------------
------------------------------------------------------------------------------------------------


---------------------------------------------------------------------------------------------------
From Clock:  sys_clk
  To Clock:  sys_clk

Setup :            0  Failing Endpoints,  Worst Slack        0.013ns,  Total Violation        0.000ns
Hold  :            0  Failing Endpoints,  Worst Slack        0.072ns,  Total Violation        0.000ns
PW    :            0  Failing Endpoints,  Worst Slack        4.500ns,  Total Violation        0.000ns
---------------------------------------------------------------------------------------------------


Max Delay Paths
--------------------------------------------------------------------------------------
Slack (MET) :             0.013ns  (required time - arrival time)
  Source:                 u_cnn/prod2_reg_reg[0]/C
                            (rising edge-triggered cell FDRE clocked by sys_clk  {rise@0.000ns fall@5.000ns period=10.000ns})
  Destination:            u_cnn/pack_word_reg[19]/D
                            (rising edge-triggered cell FDRE clocked by sys_clk  {rise@0.000ns fall@5.000ns period=10.000ns})
  Path Group:             sys_clk
  Path Type:              Setup (Max at Slow Process Corner)
  Requirement:            10.000ns  (sys_clk rise@10.000ns - sys_clk rise@0.000ns)
  Data Path Delay:        10.308ns  (logic 6.236ns (60.496%)  route 4.072ns (39.504%))
  Logic Levels:           15  (CARRY4=9 LUT2=4 LUT3=1 LUT6=1)
  Clock Path Skew:        0.326ns (DCD - SCD + CPR)
    Destination Clock Delay (DCD):    5.247ns = ( 15.247 - 10.000 ) 
    Source Clock Delay      (SCD):    5.100ns
    Clock Pessimism Removal (CPR):    0.179ns
  Clock Uncertainty:      0.035ns  ((TSJ^2 + TIJ^2)^1/2 + DJ) / 2 + PE
    Total System Jitter     (TSJ):    0.071ns
    Total Input Jitter      (TIJ):    0.000ns
    Discrete Jitter          (DJ):    0.000ns
    Phase Error              (PE):    0.000ns

    Location             Delay type                Incr(ns)  Path(ns)    Netlist Resource(s)
  -------------------------------------------------------------------    -------------------
                         (clock sys_clk rise edge)    0.000     0.000 r  
    P17                                               0.000     0.000 r  FPGA_clk (IN)
                         net (fo=0)                   0.000     0.000    FPGA_clk
    P17                  IBUF (Prop_ibuf_I_O)         1.478     1.478 r  FPGA_clk_IBUF_inst/O
                         net (fo=1, routed)           1.972     3.450    FPGA_clk_IBUF
    BUFGCTRL_X0Y2        BUFG (Prop_bufg_I_O)         0.096     3.546 r  FPGA_clk_IBUF_BUFG_inst_replica_1/O
                         net (fo=14, routed)          1.554     5.100    u_cnn/FPGA_clk_IBUF_BUFG_repN_1_alias
    SLICE_X51Y64         FDRE                                         r  u_cnn/prod2_reg_reg[0]/C
  -------------------------------------------------------------------    -------------------
    SLICE_X51Y64         FDRE (Prop_fdre_C_Q)         0.456     5.556 r  u_cnn/prod2_reg_reg[0]/Q
                         net (fo=2, routed)           0.419     5.975    u_cnn/prod2_reg[0]
    SLICE_X52Y65         LUT2 (Prop_lut2_I0_O)        0.124     6.099 r  u_cnn/accum[3]_i_16/O
                         net (fo=1, routed)           0.000     6.099    u_cnn/accum[3]_i_16_n_0
    SLICE_X52Y65         CARRY4 (Prop_carry4_S[0]_CO[3])
                                                      0.513     6.612 r  u_cnn/accum_reg[3]_i_12/CO[3]
                         net (fo=1, routed)           0.000     6.612    u_cnn/accum_reg[3]_i_12_n_0
    SLICE_X52Y66         CARRY4 (Prop_carry4_CI_O[1])
                                                      0.323     6.935 r  u_cnn/accum_reg[7]_i_12/O[1]
                         net (fo=1, routed)           0.571     7.507    u_cnn/C__0[5]
    SLICE_X51Y62         LUT2 (Prop_lut2_I1_O)        0.306     7.813 r  u_cnn/accum[7]_i_10/O
                         net (fo=1, routed)           0.000     7.813    u_cnn/accum[7]_i_10_n_0
    SLICE_X51Y62         CARRY4 (Prop_carry4_S[1]_CO[3])
                                                      0.550     8.363 r  u_cnn/accum_reg[7]_i_7/CO[3]
                         net (fo=1, routed)           0.000     8.363    u_cnn/accum_reg[7]_i_7_n_0
    SLICE_X51Y63         CARRY4 (Prop_carry4_CI_O[1])
                                                      0.334     8.697 r  u_cnn/accum_reg[11]_i_7/O[1]
                         net (fo=1, routed)           0.594     9.291    u_cnn/PCIN[9]
    SLICE_X50Y60         LUT2 (Prop_lut2_I1_O)        0.303     9.594 r  u_cnn/accum[11]_i_5/O
                         net (fo=1, routed)           0.000     9.594    u_cnn/accum[11]_i_5_n_0
    SLICE_X50Y60         CARRY4 (Prop_carry4_S[1]_O[3])
                                                      0.643    10.237 r  u_cnn/accum_reg[11]_i_2/O[3]
                         net (fo=2, routed)           0.658    10.895    u_cnn/accum_reg[11]_i_2_n_4
    SLICE_X50Y64         CARRY4 (Prop_carry4_S[1]_CO[3])
                                                      0.840    11.735 r  u_cnn/pack_word_reg[31]_i_6/CO[3]
                         net (fo=1, routed)           0.000    11.735    u_cnn/pack_word_reg[31]_i_6_n_0
    SLICE_X50Y65         CARRY4 (Prop_carry4_CI_O[1])
                                                      0.323    12.058 r  u_cnn/pack_word_reg[31]_i_25/O[1]
                         net (fo=4, routed)           0.703    12.761    u_cnn/pack_word_reg[31]_i_25_n_6
    SLICE_X51Y66         LUT2 (Prop_lut2_I1_O)        0.306    13.067 r  u_cnn/pack_word[31]_i_23/O
                         net (fo=1, routed)           0.000    13.067    u_cnn/pack_word[31]_i_23_n_0
    SLICE_X51Y66         CARRY4 (Prop_carry4_S[1]_CO[3])
                                                      0.550    13.617 r  u_cnn/pack_word_reg[31]_i_9/CO[3]
                         net (fo=1, routed)           0.000    13.617    u_cnn/pack_word_reg[31]_i_9_n_0
    SLICE_X51Y67         CARRY4 (Prop_carry4_CI_CO[2])
                                                      0.228    13.845 f  u_cnn/pack_word_reg[31]_i_7/CO[2]
                         net (fo=20, routed)          0.528    14.373    u_cnn/round_sat_q12_to_q61
    SLICE_X51Y68         LUT3 (Prop_lut3_I0_O)        0.313    14.686 r  u_cnn/pack_word[27]_i_2/O
                         net (fo=8, routed)           0.598    15.284    u_cnn/pack_word[27]_i_2_n_0
    SLICE_X53Y68         LUT6 (Prop_lut6_I1_O)        0.124    15.408 r  u_cnn/pack_word[19]_i_1/O
                         net (fo=1, routed)           0.000    15.408    u_cnn/pack_word[19]_i_1_n_0
    SLICE_X53Y68         FDRE                                         r  u_cnn/pack_word_reg[19]/D
  -------------------------------------------------------------------    -------------------

                         (clock sys_clk rise edge)   10.000    10.000 r  
    P17                                               0.000    10.000 r  FPGA_clk (IN)
                         net (fo=0)                   0.000    10.000    FPGA_clk
    P17                  IBUF (Prop_ibuf_I_O)         1.408    11.408 r  FPGA_clk_IBUF_inst/O
                         net (fo=1, routed)           1.868    13.276    FPGA_clk_IBUF
    BUFGCTRL_X0Y2        BUFG (Prop_bufg_I_O)         0.091    13.367 r  FPGA_clk_IBUF_BUFG_inst_replica_1/O
                         net (fo=14, routed)          0.133    13.500    FPGA_clk_IBUF_BUFG_repN_1
    BUFGCTRL_X0Y1        BUFG (Prop_bufg_I_O)         0.091    13.591 r  FPGA_clk_IBUF_BUFG_inst_replica/O
                         net (fo=9, routed)           0.133    13.724    FPGA_clk_IBUF_BUFG_repN
    BUFGCTRL_X0Y0        BUFG (Prop_bufg_I_O)         0.091    13.815 r  FPGA_clk_IBUF_BUFG_inst/O
                         net (fo=2083, routed)        1.432    15.247    u_cnn/FPGA_clk_IBUF_BUFG
    SLICE_X53Y68         FDRE                                         r  u_cnn/pack_word_reg[19]/C
                         clock pessimism              0.179    15.426    
                         clock uncertainty           -0.035    15.390    
    SLICE_X53Y68         FDRE (Setup_fdre_C_D)        0.031    15.421    u_cnn/pack_word_reg[19]
  -------------------------------------------------------------------
                         required time                         15.421    
                         arrival time                         -15.408    
  -------------------------------------------------------------------
                         slack                                  0.013    





Min Delay Paths
--------------------------------------------------------------------------------------
Slack (MET) :             0.072ns  (arrival time - required time)
  Source:                 u_cnn/fmap_size_reg[0]/C
                            (rising edge-triggered cell FDRE clocked by sys_clk  {rise@0.000ns fall@5.000ns period=10.000ns})
  Destination:            u_cnn/in_w_reg[0]/D
                            (rising edge-triggered cell FDRE clocked by sys_clk  {rise@0.000ns fall@5.000ns period=10.000ns})
  Path Group:             sys_clk
  Path Type:              Hold (Min at Fast Process Corner)
  Requirement:            0.000ns  (sys_clk rise@0.000ns - sys_clk rise@0.000ns)
  Data Path Delay:        0.414ns  (logic 0.141ns (34.025%)  route 0.273ns (65.975%))
  Logic Levels:           0  
  Clock Path Skew:        0.273ns (DCD - SCD - CPR)
    Destination Clock Delay (DCD):    2.113ns
    Source Clock Delay      (SCD):    1.583ns
    Clock Pessimism Removal (CPR):    0.257ns

    Location             Delay type                Incr(ns)  Path(ns)    Netlist Resource(s)
  -------------------------------------------------------------------    -------------------
                         (clock sys_clk rise edge)    0.000     0.000 r  
    P17                                               0.000     0.000 r  FPGA_clk (IN)
                         net (fo=0)                   0.000     0.000    FPGA_clk
    P17                  IBUF (Prop_ibuf_I_O)         0.246     0.246 r  FPGA_clk_IBUF_inst/O
                         net (fo=1, routed)           0.634     0.880    FPGA_clk_IBUF
    BUFGCTRL_X0Y2        BUFG (Prop_bufg_I_O)         0.026     0.906 r  FPGA_clk_IBUF_BUFG_inst_replica_1/O
                         net (fo=14, routed)          0.030     0.936    FPGA_clk_IBUF_BUFG_repN_1
    BUFGCTRL_X0Y1        BUFG (Prop_bufg_I_O)         0.026     0.962 r  FPGA_clk_IBUF_BUFG_inst_replica/O
                         net (fo=9, routed)           0.030     0.992    FPGA_clk_IBUF_BUFG_repN
    BUFGCTRL_X0Y0        BUFG (Prop_bufg_I_O)         0.026     1.018 r  FPGA_clk_IBUF_BUFG_inst/O
                         net (fo=2083, routed)        0.565     1.583    u_cnn/FPGA_clk_IBUF_BUFG
    SLICE_X57Y57         FDRE                                         r  u_cnn/fmap_size_reg[0]/C
  -------------------------------------------------------------------    -------------------
    SLICE_X57Y57         FDRE (Prop_fdre_C_Q)         0.141     1.724 r  u_cnn/fmap_size_reg[0]/Q
                         net (fo=3, routed)           0.273     1.997    u_cnn/fmap_size[0]
    SLICE_X57Y47         FDRE                                         r  u_cnn/in_w_reg[0]/D
  -------------------------------------------------------------------    -------------------

                         (clock sys_clk rise edge)    0.000     0.000 r  
    P17                                               0.000     0.000 r  FPGA_clk (IN)
                         net (fo=0)                   0.000     0.000    FPGA_clk
    P17                  IBUF (Prop_ibuf_I_O)         0.434     0.434 r  FPGA_clk_IBUF_inst/O
                         net (fo=1, routed)           0.689     1.123    FPGA_clk_IBUF
    BUFGCTRL_X0Y2        BUFG (Prop_bufg_I_O)         0.029     1.152 r  FPGA_clk_IBUF_BUFG_inst_replica_1/O
                         net (fo=14, routed)          0.033     1.185    FPGA_clk_IBUF_BUFG_repN_1
    BUFGCTRL_X0Y1        BUFG (Prop_bufg_I_O)         0.029     1.214 r  FPGA_clk_IBUF_BUFG_inst_replica/O
                         net (fo=9, routed)           0.033     1.247    FPGA_clk_IBUF_BUFG_repN
    BUFGCTRL_X0Y0        BUFG (Prop_bufg_I_O)         0.029     1.276 r  FPGA_clk_IBUF_BUFG_inst/O
                         net (fo=2083, routed)        0.838     2.113    u_cnn/FPGA_clk_IBUF_BUFG
    SLICE_X57Y47         FDRE                                         r  u_cnn/in_w_reg[0]/C
                         clock pessimism             -0.257     1.856    
    SLICE_X57Y47         FDRE (Hold_fdre_C_D)         0.070     1.926    u_cnn/in_w_reg[0]
  -------------------------------------------------------------------
                         required time                         -1.926    
                         arrival time                           1.997    
  -------------------------------------------------------------------
                         slack                                  0.072    





Pulse Width Checks
--------------------------------------------------------------------------------------
Clock Name:         sys_clk
Waveform(ns):       { 0.000 5.000 }
Period(ns):         10.000
Sources:            { FPGA_clk }

Check Type        Corner  Lib Pin             Reference Pin  Required(ns)  Actual(ns)  Slack(ns)  Location      Pin
Min Period        n/a     RAMB36E1/CLKARDCLK  n/a            2.944         10.000      7.056      RAMB36_X1Y12  u_data_mem/U0/inst_blk_mem_gen/gnbram.gnativebmg.native_blk_mem_gen/valid.cstr/ramloop[0].ram.r/prim_noinit.ram/DEVICE_7SERIES.NO_BMM_INFO.TRUE_DP.SIMPLE_PRIM36.ram/CLKARDCLK
Low Pulse Width   Slow    FDCE/C              n/a            0.500         5.000       4.500      SLICE_X44Y61  cnn_start_latched_reg/C
High Pulse Width  Slow    FDCE/C              n/a            0.500         5.000       4.500      SLICE_X44Y61  cnn_start_latched_reg/C



---------------------------------------------------------------------------------------------------
Path Group:  **async_default**
From Clock:  sys_clk
  To Clock:  sys_clk

Setup :            0  Failing Endpoints,  Worst Slack        4.901ns,  Total Violation        0.000ns
Hold  :            0  Failing Endpoints,  Worst Slack        0.532ns,  Total Violation        0.000ns
---------------------------------------------------------------------------------------------------


Max Delay Paths
--------------------------------------------------------------------------------------
Slack (MET) :             4.901ns  (required time - arrival time)
  Source:                 rstn_sync1_reg/C
                            (rising edge-triggered cell FDCE clocked by sys_clk  {rise@0.000ns fall@5.000ns period=10.000ns})
  Destination:            u_test_circuit/captured_ofmap_start_reg[8]/CLR
                            (recovery check against rising-edge clock sys_clk  {rise@0.000ns fall@5.000ns period=10.000ns})
  Path Group:             **async_default**
  Path Type:              Recovery (Max at Slow Process Corner)
  Requirement:            10.000ns  (sys_clk rise@10.000ns - sys_clk rise@0.000ns)
  Data Path Delay:        4.631ns  (logic 0.642ns (13.864%)  route 3.989ns (86.136%))
  Logic Levels:           1  (LUT1=1)
  Clock Path Skew:        -0.028ns (DCD - SCD + CPR)
    Destination Clock Delay (DCD):    5.256ns = ( 15.256 - 10.000 ) 
    Source Clock Delay      (SCD):    5.565ns
    Clock Pessimism Removal (CPR):    0.281ns
  Clock Uncertainty:      0.035ns  ((TSJ^2 + TIJ^2)^1/2 + DJ) / 2 + PE
    Total System Jitter     (TSJ):    0.071ns
    Total Input Jitter      (TIJ):    0.000ns
    Discrete Jitter          (DJ):    0.000ns
    Phase Error              (PE):    0.000ns

    Location             Delay type                Incr(ns)  Path(ns)    Netlist Resource(s)
  -------------------------------------------------------------------    -------------------
                         (clock sys_clk rise edge)    0.000     0.000 r  
    P17                                               0.000     0.000 r  FPGA_clk (IN)
                         net (fo=0)                   0.000     0.000    FPGA_clk
    P17                  IBUF (Prop_ibuf_I_O)         1.478     1.478 r  FPGA_clk_IBUF_inst/O
                         net (fo=1, routed)           1.972     3.450    FPGA_clk_IBUF
    BUFGCTRL_X0Y2        BUFG (Prop_bufg_I_O)         0.096     3.546 r  FPGA_clk_IBUF_BUFG_inst_replica_1/O
                         net (fo=14, routed)          0.140     3.686    FPGA_clk_IBUF_BUFG_repN_1
    BUFGCTRL_X0Y1        BUFG (Prop_bufg_I_O)         0.096     3.782 r  FPGA_clk_IBUF_BUFG_inst_replica/O
                         net (fo=9, routed)           0.140     3.922    FPGA_clk_IBUF_BUFG_repN
    BUFGCTRL_X0Y0        BUFG (Prop_bufg_I_O)         0.096     4.018 r  FPGA_clk_IBUF_BUFG_inst/O
                         net (fo=2083, routed)        1.547     5.565    FPGA_clk_IBUF_BUFG
    SLICE_X42Y65         FDCE                                         r  rstn_sync1_reg/C
  -------------------------------------------------------------------    -------------------
    SLICE_X42Y65         FDCE (Prop_fdce_C_Q)         0.518     6.083 r  rstn_sync1_reg/Q
                         net (fo=1, routed)           0.398     6.481    u_test_circuit/rstn_sync1
    SLICE_X41Y65         LUT1 (Prop_lut1_I0_O)        0.124     6.605 f  u_test_circuit/start_sync0_i_1/O
                         net (fo=290, routed)         3.591    10.196    u_test_circuit/start_sync0_i_1_n_0
    SLICE_X51Y57         FDCE                                         f  u_test_circuit/captured_ofmap_start_reg[8]/CLR
  -------------------------------------------------------------------    -------------------

                         (clock sys_clk rise edge)   10.000    10.000 r  
    P17                                               0.000    10.000 r  FPGA_clk (IN)
                         net (fo=0)                   0.000    10.000    FPGA_clk
    P17                  IBUF (Prop_ibuf_I_O)         1.408    11.408 r  FPGA_clk_IBUF_inst/O
                         net (fo=1, routed)           1.868    13.276    FPGA_clk_IBUF
    BUFGCTRL_X0Y2        BUFG (Prop_bufg_I_O)         0.091    13.367 r  FPGA_clk_IBUF_BUFG_inst_replica_1/O
                         net (fo=14, routed)          0.133    13.500    FPGA_clk_IBUF_BUFG_repN_1
    BUFGCTRL_X0Y1        BUFG (Prop_bufg_I_O)         0.091    13.591 r  FPGA_clk_IBUF_BUFG_inst_replica/O
                         net (fo=9, routed)           0.133    13.724    FPGA_clk_IBUF_BUFG_repN
    BUFGCTRL_X0Y0        BUFG (Prop_bufg_I_O)         0.091    13.815 r  FPGA_clk_IBUF_BUFG_inst/O
                         net (fo=2083, routed)        1.441    15.256    u_test_circuit/FPGA_clk_IBUF_BUFG
    SLICE_X51Y57         FDCE                                         r  u_test_circuit/captured_ofmap_start_reg[8]/C
                         clock pessimism              0.281    15.537    
                         clock uncertainty           -0.035    15.502    
    SLICE_X51Y57         FDCE (Recov_fdce_C_CLR)     -0.405    15.097    u_test_circuit/captured_ofmap_start_reg[8]
  -------------------------------------------------------------------
                         required time                         15.097    
                         arrival time                         -10.196    
  -------------------------------------------------------------------
                         slack                                  4.901    





Min Delay Paths
--------------------------------------------------------------------------------------
Slack (MET) :             0.532ns  (arrival time - required time)
  Source:                 rstn_sync1_reg/C
                            (rising edge-triggered cell FDCE clocked by sys_clk  {rise@0.000ns fall@5.000ns period=10.000ns})
  Destination:            u_test_circuit/start_db_cnt_reg[14]/CLR
                            (removal check against rising-edge clock sys_clk  {rise@0.000ns fall@5.000ns period=10.000ns})
  Path Group:             **async_default**
  Path Type:              Removal (Min at Fast Process Corner)
  Requirement:            0.000ns  (sys_clk rise@0.000ns - sys_clk rise@0.000ns)
  Data Path Delay:        0.704ns  (logic 0.209ns (29.696%)  route 0.495ns (70.304%))
  Logic Levels:           1  (LUT1=1)
  Clock Path Skew:        0.264ns (DCD - SCD - CPR)
    Destination Clock Delay (DCD):    2.101ns
    Source Clock Delay      (SCD):    1.575ns
    Clock Pessimism Removal (CPR):    0.262ns

    Location             Delay type                Incr(ns)  Path(ns)    Netlist Resource(s)
  -------------------------------------------------------------------    -------------------
                         (clock sys_clk rise edge)    0.000     0.000 r  
    P17                                               0.000     0.000 r  FPGA_clk (IN)
                         net (fo=0)                   0.000     0.000    FPGA_clk
    P17                  IBUF (Prop_ibuf_I_O)         0.246     0.246 r  FPGA_clk_IBUF_inst/O
                         net (fo=1, routed)           0.634     0.880    FPGA_clk_IBUF
    BUFGCTRL_X0Y2        BUFG (Prop_bufg_I_O)         0.026     0.906 r  FPGA_clk_IBUF_BUFG_inst_replica_1/O
                         net (fo=14, routed)          0.030     0.936    FPGA_clk_IBUF_BUFG_repN_1
    BUFGCTRL_X0Y1        BUFG (Prop_bufg_I_O)         0.026     0.962 r  FPGA_clk_IBUF_BUFG_inst_replica/O
                         net (fo=9, routed)           0.030     0.992    FPGA_clk_IBUF_BUFG_repN
    BUFGCTRL_X0Y0        BUFG (Prop_bufg_I_O)         0.026     1.018 r  FPGA_clk_IBUF_BUFG_inst/O
                         net (fo=2083, routed)        0.557     1.575    FPGA_clk_IBUF_BUFG
    SLICE_X42Y65         FDCE                                         r  rstn_sync1_reg/C
  -------------------------------------------------------------------    -------------------
    SLICE_X42Y65         FDCE (Prop_fdce_C_Q)         0.164     1.739 r  rstn_sync1_reg/Q
                         net (fo=1, routed)           0.127     1.866    u_test_circuit/rstn_sync1
    SLICE_X41Y65         LUT1 (Prop_lut1_I0_O)        0.045     1.911 f  u_test_circuit/start_sync0_i_1/O
                         net (fo=290, routed)         0.368     2.279    u_test_circuit/start_sync0_i_1_n_0
    SLICE_X31Y62         FDCE                                         f  u_test_circuit/start_db_cnt_reg[14]/CLR
  -------------------------------------------------------------------    -------------------

                         (clock sys_clk rise edge)    0.000     0.000 r  
    P17                                               0.000     0.000 r  FPGA_clk (IN)
                         net (fo=0)                   0.000     0.000    FPGA_clk
    P17                  IBUF (Prop_ibuf_I_O)         0.434     0.434 r  FPGA_clk_IBUF_inst/O
                         net (fo=1, routed)           0.689     1.123    FPGA_clk_IBUF
    BUFGCTRL_X0Y2        BUFG (Prop_bufg_I_O)         0.029     1.152 r  FPGA_clk_IBUF_BUFG_inst_replica_1/O
                         net (fo=14, routed)          0.033     1.185    FPGA_clk_IBUF_BUFG_repN_1
    BUFGCTRL_X0Y1        BUFG (Prop_bufg_I_O)         0.029     1.214 r  FPGA_clk_IBUF_BUFG_inst_replica/O
                         net (fo=9, routed)           0.033     1.247    FPGA_clk_IBUF_BUFG_repN
    BUFGCTRL_X0Y0        BUFG (Prop_bufg_I_O)         0.029     1.276 r  FPGA_clk_IBUF_BUFG_inst/O
                         net (fo=2083, routed)        0.825     2.101    u_test_circuit/FPGA_clk_IBUF_BUFG
    SLICE_X31Y62         FDCE                                         r  u_test_circuit/start_db_cnt_reg[14]/C
                         clock pessimism             -0.262     1.839    
    SLICE_X31Y62         FDCE (Remov_fdce_C_CLR)     -0.092     1.747    u_test_circuit/start_db_cnt_reg[14]
  -------------------------------------------------------------------
                         required time                         -1.747    
                         arrival time                           2.279    
  -------------------------------------------------------------------
                         slack                                  0.532    





