Copyright 1986-2022 Xilinx, Inc. All Rights Reserved.
------------------------------------------------------------------------------------------------------------------------------------------------------------------
| Tool Version : Vivado v.2022.1 (win64) Build 3526262 Mon Apr 18 15:48:16 MDT 2022
| Date         : Tue May 26 20:45:35 2026
| Host         : MSI running 64-bit major release  (build 9200)
| Command      : report_timing_summary -file C:/Users/User/DSD_Lab/Final/DSD_final_project/reports/bit_temp/v096_cnn_stream_mac3_20260526_204224_timing_synth.rpt
| Design       : RISCV_CNN
| Device       : 7a35t-csg324
| Speed File   : -1  PRODUCTION 1.23 2018-06-13
------------------------------------------------------------------------------------------------------------------------------------------------------------------

Timing Summary Report

------------------------------------------------------------------------------------------------
| Timer Settings
| --------------
------------------------------------------------------------------------------------------------

  Enable Multi Corner Analysis               :  Yes
  Enable Pessimism Removal                   :  Yes
  Pessimism Removal Resolution               :  Nearest Common Node
  Enable Input Delay Default Clock           :  No
  Enable Preset / Clear Arcs                 :  No
  Disable Flight Delays                      :  No
  Ignore I/O Paths                           :  No
  Timing Early Launch at Borrowing Latches   :  No
  Borrow Time for Max Delay Exceptions       :  Yes
  Merge Timing Exceptions                    :  Yes

  Corner  Analyze    Analyze    
  Name    Max Paths  Min Paths  
  ------  ---------  ---------  
  Slow    Yes        Yes        
  Fast    Yes        Yes        


------------------------------------------------------------------------------------------------
| Report Methodology
| ------------------
------------------------------------------------------------------------------------------------

No report available as report_methodology has not been run prior. Run report_methodology on the current design for the summary of methodology violations.



check_timing report

Table of Contents
-----------------
1. checking no_clock (0)
2. checking constant_clock (0)
3. checking pulse_width_clock (0)
4. checking unconstrained_internal_endpoints (0)
5. checking no_input_delay (7)
6. checking no_output_delay (12)
7. checking multiple_clock (0)
8. checking generated_clocks (0)
9. checking loops (0)
10. checking partial_input_delay (0)
11. checking partial_output_delay (0)
12. checking latch_loops (0)

1. checking no_clock (0)
------------------------
 There are 0 register/latch pins with no clock.


2. checking constant_clock (0)
------------------------------
 There are 0 register/latch pins with constant_clock.


3. checking pulse_width_clock (0)
---------------------------------
 There are 0 register/latch pins which need pulse_width check


4. checking unconstrained_internal_endpoints (0)
------------------------------------------------
 There are 0 pins that are not constrained for maximum delay.

 There are 0 pins that are not constrained for maximum delay due to constant clock.


5. checking no_input_delay (7)
------------------------------
 There are 7 input ports with no input delay specified. (HIGH)

 There are 0 input ports with no input delay but user has a false path constraint.


6. checking no_output_delay (12)
--------------------------------
 There are 12 ports with no output delay specified. (HIGH)

 There are 0 ports with no output delay but user has a false path constraint

 There are 0 ports with no output delay but with a timing clock defined on it or propagating through it


7. checking multiple_clock (0)
------------------------------
 There are 0 register/latch pins with multiple clocks.


8. checking generated_clocks (0)
--------------------------------
 There are 0 generated clocks that are not connected to a clock source.


9. checking loops (0)
---------------------
 There are 0 combinational loops in the design.


10. checking partial_input_delay (0)
------------------------------------
 There are 0 input ports with partial input delay specified.


11. checking partial_output_delay (0)
-------------------------------------
 There are 0 ports with partial output delay specified.


12. checking latch_loops (0)
----------------------------
 There are 0 combinational latch loops in the design through latch input



------------------------------------------------------------------------------------------------
| Design Timing Summary
| ---------------------
------------------------------------------------------------------------------------------------

    WNS(ns)      TNS(ns)  TNS Failing Endpoints  TNS Total Endpoints      WHS(ns)      THS(ns)  THS Failing Endpoints  THS Total Endpoints     WPWS(ns)     TPWS(ns)  TPWS Failing Endpoints  TPWS Total Endpoints  
    -------      -------  ---------------------  -------------------      -------      -------  ---------------------  -------------------     --------     --------  ----------------------  --------------------  
     -0.439       -3.232                     12                 6401        0.093        0.000                      0                 6401        3.750        0.000                       0                  2127  


Timing constraints are not met.


------------------------------------------------------------------------------------------------
| Clock Summary
| -------------
------------------------------------------------------------------------------------------------

Clock    Waveform(ns)       Period(ns)      Frequency(MHz)
-----    ------------       ----------      --------------
sys_clk  {0.000 5.000}      10.000          100.000         


------------------------------------------------------------------------------------------------
| Intra Clock Table
| -----------------
------------------------------------------------------------------------------------------------

Clock             WNS(ns)      TNS(ns)  TNS Failing Endpoints  TNS Total Endpoints      WHS(ns)      THS(ns)  THS Failing Endpoints  THS Total Endpoints     WPWS(ns)     TPWS(ns)  TPWS Failing Endpoints  TPWS Total Endpoints  
-----             -------      -------  ---------------------  -------------------      -------      -------  ---------------------  -------------------     --------     --------  ----------------------  --------------------  
sys_clk            -0.439       -3.232                     12                 6111        0.093        0.000                      0                 6111        3.750        0.000                       0                  2127  


------------------------------------------------------------------------------------------------
| Inter Clock Table
| -----------------
------------------------------------------------------------------------------------------------

From Clock    To Clock          WNS(ns)      TNS(ns)  TNS Failing Endpoints  TNS Total Endpoints      WHS(ns)      THS(ns)  THS Failing Endpoints  THS Total Endpoints  
----------    --------          -------      -------  ---------------------  -------------------      -------      -------  ---------------------  -------------------  


------------------------------------------------------------------------------------------------
| Other Path Groups Table
| -----------------------
------------------------------------------------------------------------------------------------

Path Group         From Clock         To Clock               WNS(ns)      TNS(ns)  TNS Failing Endpoints  TNS Total Endpoints      WHS(ns)      THS(ns)  THS Failing Endpoints  THS Total Endpoints  
----------         ----------         --------               -------      -------  ---------------------  -------------------      -------      -------  ---------------------  -------------------  
**async_default**  sys_clk            sys_clk                  7.447        0.000                      0                  290        0.699        0.000                      0                  290  


------------------------------------------------------------------------------------------------
| Timing Details
| --------------
------------------------------------------------------------------------------------------------


---------------------------------------------------------------------------------------------------
From Clock:  sys_clk
  To Clock:  sys_clk

Setup :           12  Failing Endpoints,  Worst Slack       -0.439ns,  Total Violation       -3.232ns
Hold  :            0  Failing Endpoints,  Worst Slack        0.093ns,  Total Violation        0.000ns
PW    :            0  Failing Endpoints,  Worst Slack        3.750ns,  Total Violation        0.000ns
---------------------------------------------------------------------------------------------------


Max Delay Paths
--------------------------------------------------------------------------------------
Slack (VIOLATED) :        -0.439ns  (required time - arrival time)
  Source:                 u_cnn/weights_reg[11][3]/C
                            (rising edge-triggered cell FDRE clocked by sys_clk  {rise@0.000ns fall@5.000ns period=10.000ns})
  Destination:            u_cnn/u_mac_engine/gen_mac3.acc_reg[29]/D
                            (rising edge-triggered cell FDRE clocked by sys_clk  {rise@0.000ns fall@5.000ns period=10.000ns})
  Path Group:             sys_clk
  Path Type:              Setup (Max at Slow Process Corner)
  Requirement:            10.000ns  (sys_clk rise@10.000ns - sys_clk rise@0.000ns)
  Data Path Delay:        10.321ns  (logic 4.563ns (44.211%)  route 5.758ns (55.789%))
  Logic Levels:           15  (CARRY4=8 LUT3=2 LUT4=2 LUT6=3)
  Clock Path Skew:        -0.145ns (DCD - SCD + CPR)
    Destination Clock Delay (DCD):    2.698ns = ( 12.698 - 10.000 ) 
    Source Clock Delay      (SCD):    2.958ns
    Clock Pessimism Removal (CPR):    0.116ns
  Clock Uncertainty:      0.035ns  ((TSJ^2 + TIJ^2)^1/2 + DJ) / 2 + PE
    Total System Jitter     (TSJ):    0.071ns
    Total Input Jitter      (TIJ):    0.000ns
    Discrete Jitter          (DJ):    0.000ns
    Phase Error              (PE):    0.000ns

    Location             Delay type                Incr(ns)  Path(ns)    Netlist Resource(s)
  -------------------------------------------------------------------    -------------------
                         (clock sys_clk rise edge)    0.000     0.000 r  
    P17                                               0.000     0.000 r  FPGA_clk (IN)
                         net (fo=0)                   0.000     0.000    FPGA_clk
    P17                  IBUF (Prop_ibuf_I_O)         1.478     1.478 r  FPGA_clk_IBUF_inst/O
                         net (fo=1, unplaced)         0.800     2.278    FPGA_clk_IBUF
                         BUFG (Prop_bufg_I_O)         0.096     2.374 r  FPGA_clk_IBUF_BUFG_inst/O
                         net (fo=2126, unplaced)      0.584     2.958    u_cnn/FPGA_clk_IBUF_BUFG
                         FDRE                                         r  u_cnn/weights_reg[11][3]/C
  -------------------------------------------------------------------    -------------------
                         FDRE (Prop_fdre_C_Q)         0.456     3.414 r  u_cnn/weights_reg[11][3]/Q
                         net (fo=7, unplaced)         0.776     4.190    u_cnn/weights_reg[11]_5[3]
                         LUT3 (Prop_lut3_I0_O)        0.295     4.485 r  u_cnn/gen_mac3.acc[7]_i_115/O
                         net (fo=9, unplaced)         0.943     5.428    u_cnn/u_line_buffer/gen_mac3.acc_reg[31]_i_71_2
                         LUT6 (Prop_lut6_I0_O)        0.124     5.552 r  u_cnn/u_line_buffer/gen_mac3.acc[7]_i_74/O
                         net (fo=1, unplaced)         0.473     6.025    u_cnn/u_line_buffer/gen_mac3.acc[7]_i_74_n_0
                         CARRY4 (Prop_carry4_DI[3]_CO[3])
                                                      0.385     6.410 r  u_cnn/u_line_buffer/gen_mac3.acc_reg[7]_i_41/CO[3]
                         net (fo=1, unplaced)         0.009     6.419    u_cnn/u_line_buffer/gen_mac3.acc_reg[7]_i_41_n_0
                         CARRY4 (Prop_carry4_CI_O[1])
                                                      0.348     6.767 r  u_cnn/u_line_buffer/gen_mac3.acc_reg[15]_i_74/O[1]
                         net (fo=2, unplaced)         0.622     7.389    u_cnn_n_89
                         LUT3 (Prop_lut3_I2_O)        0.306     7.695 r  gen_mac3.acc[15]_i_51/O
                         net (fo=2, unplaced)         0.650     8.345    gen_mac3.acc[15]_i_51_n_0
                         CARRY4 (Prop_carry4_DI[1]_CO[3])
                                                      0.507     8.852 r  gen_mac3.acc_reg[15]_i_27/CO[3]
                         net (fo=1, unplaced)         0.000     8.852    gen_mac3.acc_reg[15]_i_27_n_0
                         CARRY4 (Prop_carry4_CI_O[3])
                                                      0.329     9.181 r  gen_mac3.acc_reg[31]_i_27/O[3]
                         net (fo=4, unplaced)         0.445     9.626    u_cnn/u_mac_engine/gen_mac3.acc[19]_i_12_0[3]
                         LUT4 (Prop_lut4_I0_O)        0.333     9.959 r  u_cnn/u_mac_engine/gen_mac3.acc[31]_i_18/O
                         net (fo=3, unplaced)         0.467    10.426    u_cnn/u_mac_engine/gen_mac3.acc[31]_i_18_n_0
                         LUT6 (Prop_lut6_I5_O)        0.124    10.550 f  u_cnn/u_mac_engine/gen_mac3.acc[19]_i_16/O
                         net (fo=2, unplaced)         0.460    11.010    u_cnn/u_mac_engine/gen_mac3.acc[19]_i_16_n_0
                         LUT6 (Prop_lut6_I5_O)        0.124    11.134 r  u_cnn/u_mac_engine/gen_mac3.acc[19]_i_5/O
                         net (fo=2, unplaced)         0.913    12.047    u_cnn/u_mac_engine/gen_mac3.acc[19]_i_5_n_0
                         LUT4 (Prop_lut4_I0_O)        0.124    12.171 r  u_cnn/u_mac_engine/gen_mac3.acc[19]_i_9/O
                         net (fo=1, unplaced)         0.000    12.171    u_cnn/u_mac_engine/gen_mac3.acc[19]_i_9_n_0
                         CARRY4 (Prop_carry4_S[0]_CO[3])
                                                      0.532    12.703 r  u_cnn/u_mac_engine/gen_mac3.acc_reg[19]_i_1/CO[3]
                         net (fo=1, unplaced)         0.000    12.703    u_cnn/u_mac_engine/gen_mac3.acc_reg[19]_i_1_n_0
                         CARRY4 (Prop_carry4_CI_CO[3])
                                                      0.114    12.817 r  u_cnn/u_mac_engine/gen_mac3.acc_reg[23]_i_1/CO[3]
                         net (fo=1, unplaced)         0.000    12.817    u_cnn/u_mac_engine/gen_mac3.acc_reg[23]_i_1_n_0
                         CARRY4 (Prop_carry4_CI_CO[3])
                                                      0.114    12.931 r  u_cnn/u_mac_engine/gen_mac3.acc_reg[27]_i_1/CO[3]
                         net (fo=1, unplaced)         0.000    12.931    u_cnn/u_mac_engine/gen_mac3.acc_reg[27]_i_1_n_0
                         CARRY4 (Prop_carry4_CI_O[1])
                                                      0.348    13.279 r  u_cnn/u_mac_engine/gen_mac3.acc_reg[31]_i_1/O[1]
                         net (fo=1, unplaced)         0.000    13.279    u_cnn/u_mac_engine/gen_mac3.acc1_in[29]
                         FDRE                                         r  u_cnn/u_mac_engine/gen_mac3.acc_reg[29]/D
  -------------------------------------------------------------------    -------------------

                         (clock sys_clk rise edge)   10.000    10.000 r  
    P17                                               0.000    10.000 r  FPGA_clk (IN)
                         net (fo=0)                   0.000    10.000    FPGA_clk
    P17                  IBUF (Prop_ibuf_I_O)         1.408    11.408 r  FPGA_clk_IBUF_inst/O
                         net (fo=1, unplaced)         0.760    12.168    FPGA_clk_IBUF
                         BUFG (Prop_bufg_I_O)         0.091    12.259 r  FPGA_clk_IBUF_BUFG_inst/O
                         net (fo=2126, unplaced)      0.439    12.698    u_cnn/u_mac_engine/FPGA_clk_IBUF_BUFG
                         FDRE                                         r  u_cnn/u_mac_engine/gen_mac3.acc_reg[29]/C
                         clock pessimism              0.116    12.813    
                         clock uncertainty           -0.035    12.778    
                         FDRE (Setup_fdre_C_D)        0.062    12.840    u_cnn/u_mac_engine/gen_mac3.acc_reg[29]
  -------------------------------------------------------------------
                         required time                         12.840    
                         arrival time                         -13.279    
  -------------------------------------------------------------------
                         slack                                 -0.439    





Min Delay Paths
--------------------------------------------------------------------------------------
Slack (MET) :             0.093ns  (arrival time - required time)
  Source:                 u_cnn/stream_x_reg[3]/C
                            (rising edge-triggered cell FDRE clocked by sys_clk  {rise@0.000ns fall@5.000ns period=10.000ns})
  Destination:            u_cnn/u_line_buffer/line0_reg_0_31_0_0/SP/ADR3
                            (rising edge-triggered cell RAMS32 clocked by sys_clk  {rise@0.000ns fall@5.000ns period=10.000ns})
  Path Group:             sys_clk
  Path Type:              Hold (Min at Fast Process Corner)
  Requirement:            0.000ns  (sys_clk rise@0.000ns - sys_clk rise@0.000ns)
  Data Path Delay:        0.425ns  (logic 0.141ns (33.168%)  route 0.284ns (66.832%))
  Logic Levels:           0  
  Clock Path Skew:        0.145ns (DCD - SCD - CPR)
    Destination Clock Delay (DCD):    1.077ns
    Source Clock Delay      (SCD):    0.723ns
    Clock Pessimism Removal (CPR):    0.209ns

    Location             Delay type                Incr(ns)  Path(ns)    Netlist Resource(s)
  -------------------------------------------------------------------    -------------------
                         (clock sys_clk rise edge)    0.000     0.000 r  
    P17                                               0.000     0.000 r  FPGA_clk (IN)
                         net (fo=0)                   0.000     0.000    FPGA_clk
    P17                  IBUF (Prop_ibuf_I_O)         0.246     0.246 r  FPGA_clk_IBUF_inst/O
                         net (fo=1, unplaced)         0.337     0.583    FPGA_clk_IBUF
                         BUFG (Prop_bufg_I_O)         0.026     0.609 r  FPGA_clk_IBUF_BUFG_inst/O
                         net (fo=2126, unplaced)      0.114     0.723    u_cnn/FPGA_clk_IBUF_BUFG
                         FDRE                                         r  u_cnn/stream_x_reg[3]/C
  -------------------------------------------------------------------    -------------------
                         FDRE (Prop_fdre_C_Q)         0.141     0.864 r  u_cnn/stream_x_reg[3]/Q
                         net (fo=22, unplaced)        0.284     1.148    u_cnn/u_line_buffer/line0_reg_0_31_0_0/A3
                         RAMS32                                       r  u_cnn/u_line_buffer/line0_reg_0_31_0_0/SP/ADR3
  -------------------------------------------------------------------    -------------------

                         (clock sys_clk rise edge)    0.000     0.000 r  
    P17                                               0.000     0.000 r  FPGA_clk (IN)
                         net (fo=0)                   0.000     0.000    FPGA_clk
    P17                  IBUF (Prop_ibuf_I_O)         0.434     0.434 r  FPGA_clk_IBUF_inst/O
                         net (fo=1, unplaced)         0.355     0.789    FPGA_clk_IBUF
                         BUFG (Prop_bufg_I_O)         0.029     0.818 r  FPGA_clk_IBUF_BUFG_inst/O
                         net (fo=2126, unplaced)      0.259     1.077    u_cnn/u_line_buffer/line0_reg_0_31_0_0/WCLK
                         RAMS32                                       r  u_cnn/u_line_buffer/line0_reg_0_31_0_0/SP/CLK
                         clock pessimism             -0.209     0.868    
                         RAMS32 (Hold_rams32_CLK_ADR3)
                                                      0.187     1.055    u_cnn/u_line_buffer/line0_reg_0_31_0_0/SP
  -------------------------------------------------------------------
                         required time                         -1.055    
                         arrival time                           1.148    
  -------------------------------------------------------------------
                         slack                                  0.093    





Pulse Width Checks
--------------------------------------------------------------------------------------
Clock Name:         sys_clk
Waveform(ns):       { 0.000 5.000 }
Period(ns):         10.000
Sources:            { FPGA_clk }

Check Type        Corner  Lib Pin             Reference Pin  Required(ns)  Actual(ns)  Slack(ns)  Location  Pin
Min Period        n/a     RAMB36E1/CLKARDCLK  n/a            2.944         10.000      7.056                u_data_mem/U0/inst_blk_mem_gen/gnbram.gnativebmg.native_blk_mem_gen/valid.cstr/ramloop[0].ram.r/prim_noinit.ram/DEVICE_7SERIES.NO_BMM_INFO.TRUE_DP.SIMPLE_PRIM36.ram/CLKARDCLK
Low Pulse Width   Slow    RAMS32/CLK          n/a            1.250         5.000       3.750                u_cnn/u_line_buffer/line0_reg_0_31_0_0/SP/CLK
High Pulse Width  Slow    RAMS32/CLK          n/a            1.250         5.000       3.750                u_cnn/u_line_buffer/line0_reg_0_31_0_0/SP/CLK



---------------------------------------------------------------------------------------------------
Path Group:  **async_default**
From Clock:  sys_clk
  To Clock:  sys_clk

Setup :            0  Failing Endpoints,  Worst Slack        7.447ns,  Total Violation        0.000ns
Hold  :            0  Failing Endpoints,  Worst Slack        0.699ns,  Total Violation        0.000ns
---------------------------------------------------------------------------------------------------


Max Delay Paths
--------------------------------------------------------------------------------------
Slack (MET) :             7.447ns  (required time - arrival time)
  Source:                 rstn_sync1_reg/C
                            (rising edge-triggered cell FDCE clocked by sys_clk  {rise@0.000ns fall@5.000ns period=10.000ns})
  Destination:            u_test_circuit/addr_counter_q_reg[0]/CLR
                            (recovery check against rising-edge clock sys_clk  {rise@0.000ns fall@5.000ns period=10.000ns})
  Path Group:             **async_default**
  Path Type:              Recovery (Max at Slow Process Corner)
  Requirement:            10.000ns  (sys_clk rise@10.000ns - sys_clk rise@0.000ns)
  Data Path Delay:        1.964ns  (logic 0.751ns (38.238%)  route 1.213ns (61.762%))
  Logic Levels:           1  (LUT1=1)
  Clock Path Skew:        -0.145ns (DCD - SCD + CPR)
    Destination Clock Delay (DCD):    2.698ns = ( 12.698 - 10.000 ) 
    Source Clock Delay      (SCD):    2.958ns
    Clock Pessimism Removal (CPR):    0.116ns
  Clock Uncertainty:      0.035ns  ((TSJ^2 + TIJ^2)^1/2 + DJ) / 2 + PE
    Total System Jitter     (TSJ):    0.071ns
    Total Input Jitter      (TIJ):    0.000ns
    Discrete Jitter          (DJ):    0.000ns
    Phase Error              (PE):    0.000ns

    Location             Delay type                Incr(ns)  Path(ns)    Netlist Resource(s)
  -------------------------------------------------------------------    -------------------
                         (clock sys_clk rise edge)    0.000     0.000 r  
    P17                                               0.000     0.000 r  FPGA_clk (IN)
                         net (fo=0)                   0.000     0.000    FPGA_clk
    P17                  IBUF (Prop_ibuf_I_O)         1.478     1.478 r  FPGA_clk_IBUF_inst/O
                         net (fo=1, unplaced)         0.800     2.278    FPGA_clk_IBUF
                         BUFG (Prop_bufg_I_O)         0.096     2.374 r  FPGA_clk_IBUF_BUFG_inst/O
                         net (fo=2126, unplaced)      0.584     2.958    FPGA_clk_IBUF_BUFG
                         FDCE                                         r  rstn_sync1_reg/C
  -------------------------------------------------------------------    -------------------
                         FDCE (Prop_fdce_C_Q)         0.456     3.414 r  rstn_sync1_reg/Q
                         net (fo=1, unplaced)         0.311     3.725    u_test_circuit/rstn_sync1
                         LUT1 (Prop_lut1_I0_O)        0.295     4.020 f  u_test_circuit/start_sync0_i_1/O
                         net (fo=290, unplaced)       0.902     4.922    u_test_circuit/start_sync0_i_1_n_0
                         FDCE                                         f  u_test_circuit/addr_counter_q_reg[0]/CLR
  -------------------------------------------------------------------    -------------------

                         (clock sys_clk rise edge)   10.000    10.000 r  
    P17                                               0.000    10.000 r  FPGA_clk (IN)
                         net (fo=0)                   0.000    10.000    FPGA_clk
    P17                  IBUF (Prop_ibuf_I_O)         1.408    11.408 r  FPGA_clk_IBUF_inst/O
                         net (fo=1, unplaced)         0.760    12.168    FPGA_clk_IBUF
                         BUFG (Prop_bufg_I_O)         0.091    12.259 r  FPGA_clk_IBUF_BUFG_inst/O
                         net (fo=2126, unplaced)      0.439    12.698    u_test_circuit/FPGA_clk_IBUF_BUFG
                         FDCE                                         r  u_test_circuit/addr_counter_q_reg[0]/C
                         clock pessimism              0.116    12.813    
                         clock uncertainty           -0.035    12.778    
                         FDCE (Recov_fdce_C_CLR)     -0.409    12.369    u_test_circuit/addr_counter_q_reg[0]
  -------------------------------------------------------------------
                         required time                         12.369    
                         arrival time                          -4.922    
  -------------------------------------------------------------------
                         slack                                  7.447    





Min Delay Paths
--------------------------------------------------------------------------------------
Slack (MET) :             0.699ns  (arrival time - required time)
  Source:                 rstn_sync1_reg/C
                            (rising edge-triggered cell FDCE clocked by sys_clk  {rise@0.000ns fall@5.000ns period=10.000ns})
  Destination:            u_test_circuit/addr_counter_q_reg[0]/CLR
                            (removal check against rising-edge clock sys_clk  {rise@0.000ns fall@5.000ns period=10.000ns})
  Path Group:             **async_default**
  Path Type:              Removal (Min at Fast Process Corner)
  Requirement:            0.000ns  (sys_clk rise@0.000ns - sys_clk rise@0.000ns)
  Data Path Delay:        0.750ns  (logic 0.239ns (31.854%)  route 0.511ns (68.146%))
  Logic Levels:           1  (LUT1=1)
  Clock Path Skew:        0.145ns (DCD - SCD - CPR)
    Destination Clock Delay (DCD):    1.077ns
    Source Clock Delay      (SCD):    0.723ns
    Clock Pessimism Removal (CPR):    0.209ns

    Location             Delay type                Incr(ns)  Path(ns)    Netlist Resource(s)
  -------------------------------------------------------------------    -------------------
                         (clock sys_clk rise edge)    0.000     0.000 r  
    P17                                               0.000     0.000 r  FPGA_clk (IN)
                         net (fo=0)                   0.000     0.000    FPGA_clk
    P17                  IBUF (Prop_ibuf_I_O)         0.246     0.246 r  FPGA_clk_IBUF_inst/O
                         net (fo=1, unplaced)         0.337     0.583    FPGA_clk_IBUF
                         BUFG (Prop_bufg_I_O)         0.026     0.609 r  FPGA_clk_IBUF_BUFG_inst/O
                         net (fo=2126, unplaced)      0.114     0.723    FPGA_clk_IBUF_BUFG
                         FDCE                                         r  rstn_sync1_reg/C
  -------------------------------------------------------------------    -------------------
                         FDCE (Prop_fdce_C_Q)         0.141     0.864 r  rstn_sync1_reg/Q
                         net (fo=1, unplaced)         0.131     0.995    u_test_circuit/rstn_sync1
                         LUT1 (Prop_lut1_I0_O)        0.098     1.093 f  u_test_circuit/start_sync0_i_1/O
                         net (fo=290, unplaced)       0.380     1.474    u_test_circuit/start_sync0_i_1_n_0
                         FDCE                                         f  u_test_circuit/addr_counter_q_reg[0]/CLR
  -------------------------------------------------------------------    -------------------

                         (clock sys_clk rise edge)    0.000     0.000 r  
    P17                                               0.000     0.000 r  FPGA_clk (IN)
                         net (fo=0)                   0.000     0.000    FPGA_clk
    P17                  IBUF (Prop_ibuf_I_O)         0.434     0.434 r  FPGA_clk_IBUF_inst/O
                         net (fo=1, unplaced)         0.355     0.789    FPGA_clk_IBUF
                         BUFG (Prop_bufg_I_O)         0.029     0.818 r  FPGA_clk_IBUF_BUFG_inst/O
                         net (fo=2126, unplaced)      0.259     1.077    u_test_circuit/FPGA_clk_IBUF_BUFG
                         FDCE                                         r  u_test_circuit/addr_counter_q_reg[0]/C
                         clock pessimism             -0.209     0.868    
                         FDCE (Remov_fdce_C_CLR)     -0.094     0.774    u_test_circuit/addr_counter_q_reg[0]
  -------------------------------------------------------------------
                         required time                         -0.774    
                         arrival time                           1.474    
  -------------------------------------------------------------------
                         slack                                  0.699    





