Copyright 1986-2022 Xilinx, Inc. All Rights Reserved.
-----------------------------------------------------------------------------------------------------------------------------------------------------------------
| Tool Version : Vivado v.2022.1 (win64) Build 3526262 Mon Apr 18 15:48:16 MDT 2022
| Date         : Tue May 26 21:23:49 2026
| Host         : MSI running 64-bit major release  (build 9200)
| Command      : report_timing_summary -file C:/Users/User/DSD_Lab/Final/DSD_final_project/reports/bit_temp/v097_mac9_stream_dsp_20260526_211854_timing_impl.rpt
| Design       : RISCV_CNN
| Device       : 7a35t-csg324
| Speed File   : -1  PRODUCTION 1.23 2018-06-13
-----------------------------------------------------------------------------------------------------------------------------------------------------------------

Timing Summary Report

------------------------------------------------------------------------------------------------
| Timer Settings
| --------------
------------------------------------------------------------------------------------------------

  Enable Multi Corner Analysis               :  Yes
  Enable Pessimism Removal                   :  Yes
  Pessimism Removal Resolution               :  Nearest Common Node
  Enable Input Delay Default Clock           :  No
  Enable Preset / Clear Arcs                 :  No
  Disable Flight Delays                      :  No
  Ignore I/O Paths                           :  No
  Timing Early Launch at Borrowing Latches   :  No
  Borrow Time for Max Delay Exceptions       :  Yes
  Merge Timing Exceptions                    :  Yes

  Corner  Analyze    Analyze    
  Name    Max Paths  Min Paths  
  ------  ---------  ---------  
  Slow    Yes        Yes        
  Fast    Yes        Yes        


------------------------------------------------------------------------------------------------
| Report Methodology
| ------------------
------------------------------------------------------------------------------------------------

No report available as report_methodology has not been run prior. Run report_methodology on the current design for the summary of methodology violations.



check_timing report

Table of Contents
-----------------
1. checking no_clock (0)
2. checking constant_clock (0)
3. checking pulse_width_clock (0)
4. checking unconstrained_internal_endpoints (0)
5. checking no_input_delay (7)
6. checking no_output_delay (12)
7. checking multiple_clock (0)
8. checking generated_clocks (0)
9. checking loops (0)
10. checking partial_input_delay (0)
11. checking partial_output_delay (0)
12. checking latch_loops (0)

1. checking no_clock (0)
------------------------
 There are 0 register/latch pins with no clock.


2. checking constant_clock (0)
------------------------------
 There are 0 register/latch pins with constant_clock.


3. checking pulse_width_clock (0)
---------------------------------
 There are 0 register/latch pins which need pulse_width check


4. checking unconstrained_internal_endpoints (0)
------------------------------------------------
 There are 0 pins that are not constrained for maximum delay.

 There are 0 pins that are not constrained for maximum delay due to constant clock.


5. checking no_input_delay (7)
------------------------------
 There are 7 input ports with no input delay specified. (HIGH)

 There are 0 input ports with no input delay but user has a false path constraint.


6. checking no_output_delay (12)
--------------------------------
 There are 12 ports with no output delay specified. (HIGH)

 There are 0 ports with no output delay but user has a false path constraint

 There are 0 ports with no output delay but with a timing clock defined on it or propagating through it


7. checking multiple_clock (0)
------------------------------
 There are 0 register/latch pins with multiple clocks.


8. checking generated_clocks (0)
--------------------------------
 There are 0 generated clocks that are not connected to a clock source.


9. checking loops (0)
---------------------
 There are 0 combinational loops in the design.


10. checking partial_input_delay (0)
------------------------------------
 There are 0 input ports with partial input delay specified.


11. checking partial_output_delay (0)
-------------------------------------
 There are 0 ports with partial output delay specified.


12. checking latch_loops (0)
----------------------------
 There are 0 combinational latch loops in the design through latch input



------------------------------------------------------------------------------------------------
| Design Timing Summary
| ---------------------
------------------------------------------------------------------------------------------------

    WNS(ns)      TNS(ns)  TNS Failing Endpoints  TNS Total Endpoints      WHS(ns)      THS(ns)  THS Failing Endpoints  THS Total Endpoints     WPWS(ns)     TPWS(ns)  TPWS Failing Endpoints  TPWS Total Endpoints  
    -------      -------  ---------------------  -------------------      -------      -------  ---------------------  -------------------     --------     --------  ----------------------  --------------------  
      0.666        0.000                      0                 7121        0.019        0.000                      0                 7121        3.750        0.000                       0                  2106  


All user specified timing constraints are met.


------------------------------------------------------------------------------------------------
| Clock Summary
| -------------
------------------------------------------------------------------------------------------------

Clock    Waveform(ns)       Period(ns)      Frequency(MHz)
-----    ------------       ----------      --------------
sys_clk  {0.000 5.000}      10.000          100.000         


------------------------------------------------------------------------------------------------
| Intra Clock Table
| -----------------
------------------------------------------------------------------------------------------------

Clock             WNS(ns)      TNS(ns)  TNS Failing Endpoints  TNS Total Endpoints      WHS(ns)      THS(ns)  THS Failing Endpoints  THS Total Endpoints     WPWS(ns)     TPWS(ns)  TPWS Failing Endpoints  TPWS Total Endpoints  
-----             -------      -------  ---------------------  -------------------      -------      -------  ---------------------  -------------------     --------     --------  ----------------------  --------------------  
sys_clk             0.666        0.000                      0                 6831        0.019        0.000                      0                 6831        3.750        0.000                       0                  2106  


------------------------------------------------------------------------------------------------
| Inter Clock Table
| -----------------
------------------------------------------------------------------------------------------------

From Clock    To Clock          WNS(ns)      TNS(ns)  TNS Failing Endpoints  TNS Total Endpoints      WHS(ns)      THS(ns)  THS Failing Endpoints  THS Total Endpoints  
----------    --------          -------      -------  ---------------------  -------------------      -------      -------  ---------------------  -------------------  


------------------------------------------------------------------------------------------------
| Other Path Groups Table
| -----------------------
------------------------------------------------------------------------------------------------

Path Group         From Clock         To Clock               WNS(ns)      TNS(ns)  TNS Failing Endpoints  TNS Total Endpoints      WHS(ns)      THS(ns)  THS Failing Endpoints  THS Total Endpoints  
----------         ----------         --------               -------      -------  ---------------------  -------------------      -------      -------  ---------------------  -------------------  
**async_default**  sys_clk            sys_clk                  3.214        0.000                      0                  290        0.672        0.000                      0                  290  


------------------------------------------------------------------------------------------------
| Timing Details
| --------------
------------------------------------------------------------------------------------------------


---------------------------------------------------------------------------------------------------
From Clock:  sys_clk
  To Clock:  sys_clk

Setup :            0  Failing Endpoints,  Worst Slack        0.666ns,  Total Violation        0.000ns
Hold  :            0  Failing Endpoints,  Worst Slack        0.019ns,  Total Violation        0.000ns
PW    :            0  Failing Endpoints,  Worst Slack        3.750ns,  Total Violation        0.000ns
---------------------------------------------------------------------------------------------------


Max Delay Paths
--------------------------------------------------------------------------------------
Slack (MET) :             0.666ns  (required time - arrival time)
  Source:                 u_test_circuit/test_id_reg[1]/C
                            (rising edge-triggered cell FDCE clocked by sys_clk  {rise@0.000ns fall@5.000ns period=10.000ns})
  Destination:            u_test_circuit/ofmap_word_count_q_reg[5]/D
                            (rising edge-triggered cell FDCE clocked by sys_clk  {rise@0.000ns fall@5.000ns period=10.000ns})
  Path Group:             sys_clk
  Path Type:              Setup (Max at Slow Process Corner)
  Requirement:            10.000ns  (sys_clk rise@10.000ns - sys_clk rise@0.000ns)
  Data Path Delay:        9.336ns  (logic 6.036ns (64.656%)  route 3.300ns (35.344%))
  Logic Levels:           3  (DSP48E1=1 LUT3=1 LUT4=1)
  Clock Path Skew:        -0.038ns (DCD - SCD + CPR)
    Destination Clock Delay (DCD):    4.886ns = ( 14.886 - 10.000 ) 
    Source Clock Delay      (SCD):    5.111ns
    Clock Pessimism Removal (CPR):    0.187ns
  Clock Uncertainty:      0.035ns  ((TSJ^2 + TIJ^2)^1/2 + DJ) / 2 + PE
    Total System Jitter     (TSJ):    0.071ns
    Total Input Jitter      (TIJ):    0.000ns
    Discrete Jitter          (DJ):    0.000ns
    Phase Error              (PE):    0.000ns

    Location             Delay type                Incr(ns)  Path(ns)    Netlist Resource(s)
  -------------------------------------------------------------------    -------------------
                         (clock sys_clk rise edge)    0.000     0.000 r  
    P17                                               0.000     0.000 r  FPGA_clk (IN)
                         net (fo=0)                   0.000     0.000    FPGA_clk
    P17                  IBUF (Prop_ibuf_I_O)         1.478     1.478 r  FPGA_clk_IBUF_inst/O
                         net (fo=1, routed)           1.972     3.450    FPGA_clk_IBUF
    BUFGCTRL_X0Y0        BUFG (Prop_bufg_I_O)         0.096     3.546 r  FPGA_clk_IBUF_BUFG_inst/O
                         net (fo=2105, routed)        1.565     5.111    u_test_circuit/FPGA_clk_IBUF_BUFG
    SLICE_X32Y6          FDCE                                         r  u_test_circuit/test_id_reg[1]/C
  -------------------------------------------------------------------    -------------------
    SLICE_X32Y6          FDCE (Prop_fdce_C_Q)         0.456     5.567 r  u_test_circuit/test_id_reg[1]/Q
                         net (fo=39, routed)          1.533     7.100    u_test_circuit/init_rom_base[11]
    SLICE_X51Y0          LUT4 (Prop_lut4_I0_O)        0.154     7.254 r  u_test_circuit/ofmap_word_count_q1_i_7/O
                         net (fo=1, routed)           0.562     7.817    u_test_circuit/feature_size[3]
    DSP48_X1Y0           DSP48E1 (Prop_dsp48e1_D[3]_P[7])
                                                      5.273    13.090 r  u_test_circuit/ofmap_word_count_q1/P[7]
                         net (fo=1, routed)           1.204    14.294    u_test_circuit/ofmap_word_count_q1_n_98
    SLICE_X61Y1          LUT3 (Prop_lut3_I0_O)        0.153    14.447 r  u_test_circuit/ofmap_word_count_q[5]_i_1/O
                         net (fo=1, routed)           0.000    14.447    u_test_circuit/ofmap_word_count_q[5]_i_1_n_0
    SLICE_X61Y1          FDCE                                         r  u_test_circuit/ofmap_word_count_q_reg[5]/D
  -------------------------------------------------------------------    -------------------

                         (clock sys_clk rise edge)   10.000    10.000 r  
    P17                                               0.000    10.000 r  FPGA_clk (IN)
                         net (fo=0)                   0.000    10.000    FPGA_clk
    P17                  IBUF (Prop_ibuf_I_O)         1.408    11.408 r  FPGA_clk_IBUF_inst/O
                         net (fo=1, routed)           1.868    13.276    FPGA_clk_IBUF
    BUFGCTRL_X0Y0        BUFG (Prop_bufg_I_O)         0.091    13.367 r  FPGA_clk_IBUF_BUFG_inst/O
                         net (fo=2105, routed)        1.519    14.886    u_test_circuit/FPGA_clk_IBUF_BUFG
    SLICE_X61Y1          FDCE                                         r  u_test_circuit/ofmap_word_count_q_reg[5]/C
                         clock pessimism              0.187    15.073    
                         clock uncertainty           -0.035    15.038    
    SLICE_X61Y1          FDCE (Setup_fdce_C_D)        0.075    15.113    u_test_circuit/ofmap_word_count_q_reg[5]
  -------------------------------------------------------------------
                         required time                         15.113    
                         arrival time                         -14.447    
  -------------------------------------------------------------------
                         slack                                  0.666    





Min Delay Paths
--------------------------------------------------------------------------------------
Slack (MET) :             0.019ns  (arrival time - required time)
  Source:                 u_test_circuit/seven_seg_q_reg[3]/C
                            (rising edge-triggered cell FDCE clocked by sys_clk  {rise@0.000ns fall@5.000ns period=10.000ns})
  Destination:            u_test_circuit/seven_seg_reg[3]/D
                            (rising edge-triggered cell FDCE clocked by sys_clk  {rise@0.000ns fall@5.000ns period=10.000ns})
  Path Group:             sys_clk
  Path Type:              Hold (Min at Fast Process Corner)
  Requirement:            0.000ns  (sys_clk rise@0.000ns - sys_clk rise@0.000ns)
  Data Path Delay:        0.306ns  (logic 0.148ns (48.420%)  route 0.158ns (51.580%))
  Logic Levels:           0  
  Clock Path Skew:        0.265ns (DCD - SCD - CPR)
    Destination Clock Delay (DCD):    1.983ns
    Source Clock Delay      (SCD):    1.468ns
    Clock Pessimism Removal (CPR):    0.250ns

    Location             Delay type                Incr(ns)  Path(ns)    Netlist Resource(s)
  -------------------------------------------------------------------    -------------------
                         (clock sys_clk rise edge)    0.000     0.000 r  
    P17                                               0.000     0.000 r  FPGA_clk (IN)
                         net (fo=0)                   0.000     0.000    FPGA_clk
    P17                  IBUF (Prop_ibuf_I_O)         0.246     0.246 r  FPGA_clk_IBUF_inst/O
                         net (fo=1, routed)           0.634     0.880    FPGA_clk_IBUF
    BUFGCTRL_X0Y0        BUFG (Prop_bufg_I_O)         0.026     0.906 r  FPGA_clk_IBUF_BUFG_inst/O
                         net (fo=2105, routed)        0.562     1.468    u_test_circuit/FPGA_clk_IBUF_BUFG
    SLICE_X34Y6          FDCE                                         r  u_test_circuit/seven_seg_q_reg[3]/C
  -------------------------------------------------------------------    -------------------
    SLICE_X34Y6          FDCE (Prop_fdce_C_Q)         0.148     1.616 r  u_test_circuit/seven_seg_q_reg[3]/Q
                         net (fo=1, routed)           0.158     1.774    u_test_circuit/seven_seg_q[3]
    SLICE_X36Y6          FDCE                                         r  u_test_circuit/seven_seg_reg[3]/D
  -------------------------------------------------------------------    -------------------

                         (clock sys_clk rise edge)    0.000     0.000 r  
    P17                                               0.000     0.000 r  FPGA_clk (IN)
                         net (fo=0)                   0.000     0.000    FPGA_clk
    P17                  IBUF (Prop_ibuf_I_O)         0.434     0.434 r  FPGA_clk_IBUF_inst/O
                         net (fo=1, routed)           0.689     1.123    FPGA_clk_IBUF
    BUFGCTRL_X0Y0        BUFG (Prop_bufg_I_O)         0.029     1.152 r  FPGA_clk_IBUF_BUFG_inst/O
                         net (fo=2105, routed)        0.832     1.983    u_test_circuit/FPGA_clk_IBUF_BUFG
    SLICE_X36Y6          FDCE                                         r  u_test_circuit/seven_seg_reg[3]/C
                         clock pessimism             -0.250     1.733    
    SLICE_X36Y6          FDCE (Hold_fdce_C_D)         0.022     1.755    u_test_circuit/seven_seg_reg[3]
  -------------------------------------------------------------------
                         required time                         -1.755    
                         arrival time                           1.774    
  -------------------------------------------------------------------
                         slack                                  0.019    





Pulse Width Checks
--------------------------------------------------------------------------------------
Clock Name:         sys_clk
Waveform(ns):       { 0.000 5.000 }
Period(ns):         10.000
Sources:            { FPGA_clk }

Check Type        Corner  Lib Pin      Reference Pin  Required(ns)  Actual(ns)  Slack(ns)  Location      Pin
Min Period        n/a     DSP48E1/CLK  n/a            3.884         10.000      6.116      DSP48_X1Y4    u_cnn/u_mac_engine/gen_mac9.p0_reg/CLK
Low Pulse Width   Slow    RAMS32/CLK   n/a            1.250         5.000       3.750      SLICE_X52Y19  u_cnn/u_line_buffer/line0_reg_0_31_0_0/SP/CLK
High Pulse Width  Slow    RAMS32/CLK   n/a            1.250         5.000       3.750      SLICE_X52Y19  u_cnn/u_line_buffer/line0_reg_0_31_0_0/SP/CLK



---------------------------------------------------------------------------------------------------
Path Group:  **async_default**
From Clock:  sys_clk
  To Clock:  sys_clk

Setup :            0  Failing Endpoints,  Worst Slack        3.214ns,  Total Violation        0.000ns
Hold  :            0  Failing Endpoints,  Worst Slack        0.672ns,  Total Violation        0.000ns
---------------------------------------------------------------------------------------------------


Max Delay Paths
--------------------------------------------------------------------------------------
Slack (MET) :             3.214ns  (required time - arrival time)
  Source:                 rstn_sync1_reg/C
                            (rising edge-triggered cell FDCE clocked by sys_clk  {rise@0.000ns fall@5.000ns period=10.000ns})
  Destination:            u_test_circuit/ofmap_word_count_q_reg[4]/CLR
                            (recovery check against rising-edge clock sys_clk  {rise@0.000ns fall@5.000ns period=10.000ns})
  Path Group:             **async_default**
  Path Type:              Recovery (Max at Slow Process Corner)
  Requirement:            10.000ns  (sys_clk rise@10.000ns - sys_clk rise@0.000ns)
  Data Path Delay:        6.315ns  (logic 0.580ns (9.184%)  route 5.735ns (90.816%))
  Logic Levels:           1  (LUT1=1)
  Clock Path Skew:        -0.031ns (DCD - SCD + CPR)
    Destination Clock Delay (DCD):    4.886ns = ( 14.886 - 10.000 ) 
    Source Clock Delay      (SCD):    5.104ns
    Clock Pessimism Removal (CPR):    0.187ns
  Clock Uncertainty:      0.035ns  ((TSJ^2 + TIJ^2)^1/2 + DJ) / 2 + PE
    Total System Jitter     (TSJ):    0.071ns
    Total Input Jitter      (TIJ):    0.000ns
    Discrete Jitter          (DJ):    0.000ns
    Phase Error              (PE):    0.000ns

    Location             Delay type                Incr(ns)  Path(ns)    Netlist Resource(s)
  -------------------------------------------------------------------    -------------------
                         (clock sys_clk rise edge)    0.000     0.000 r  
    P17                                               0.000     0.000 r  FPGA_clk (IN)
                         net (fo=0)                   0.000     0.000    FPGA_clk
    P17                  IBUF (Prop_ibuf_I_O)         1.478     1.478 r  FPGA_clk_IBUF_inst/O
                         net (fo=1, routed)           1.972     3.450    FPGA_clk_IBUF
    BUFGCTRL_X0Y0        BUFG (Prop_bufg_I_O)         0.096     3.546 r  FPGA_clk_IBUF_BUFG_inst/O
                         net (fo=2105, routed)        1.558     5.104    FPGA_clk_IBUF_BUFG
    SLICE_X29Y16         FDCE                                         r  rstn_sync1_reg/C
  -------------------------------------------------------------------    -------------------
    SLICE_X29Y16         FDCE (Prop_fdce_C_Q)         0.456     5.560 r  rstn_sync1_reg/Q
                         net (fo=1, routed)           0.655     6.215    u_test_circuit/rstn_sync1
    SLICE_X29Y16         LUT1 (Prop_lut1_I0_O)        0.124     6.339 f  u_test_circuit/start_sync0_i_1/O
                         net (fo=290, routed)         5.080    11.419    u_test_circuit/start_sync0_i_1_n_0
    SLICE_X61Y1          FDCE                                         f  u_test_circuit/ofmap_word_count_q_reg[4]/CLR
  -------------------------------------------------------------------    -------------------

                         (clock sys_clk rise edge)   10.000    10.000 r  
    P17                                               0.000    10.000 r  FPGA_clk (IN)
                         net (fo=0)                   0.000    10.000    FPGA_clk
    P17                  IBUF (Prop_ibuf_I_O)         1.408    11.408 r  FPGA_clk_IBUF_inst/O
                         net (fo=1, routed)           1.868    13.276    FPGA_clk_IBUF
    BUFGCTRL_X0Y0        BUFG (Prop_bufg_I_O)         0.091    13.367 r  FPGA_clk_IBUF_BUFG_inst/O
                         net (fo=2105, routed)        1.519    14.886    u_test_circuit/FPGA_clk_IBUF_BUFG
    SLICE_X61Y1          FDCE                                         r  u_test_circuit/ofmap_word_count_q_reg[4]/C
                         clock pessimism              0.187    15.073    
                         clock uncertainty           -0.035    15.038    
    SLICE_X61Y1          FDCE (Recov_fdce_C_CLR)     -0.405    14.633    u_test_circuit/ofmap_word_count_q_reg[4]
  -------------------------------------------------------------------
                         required time                         14.633    
                         arrival time                         -11.419    
  -------------------------------------------------------------------
                         slack                                  3.214    





Min Delay Paths
--------------------------------------------------------------------------------------
Slack (MET) :             0.672ns  (arrival time - required time)
  Source:                 rstn_sync1_reg/C
                            (rising edge-triggered cell FDCE clocked by sys_clk  {rise@0.000ns fall@5.000ns period=10.000ns})
  Destination:            u_test_circuit/cycle_counter_reg[22]/CLR
                            (removal check against rising-edge clock sys_clk  {rise@0.000ns fall@5.000ns period=10.000ns})
  Path Group:             **async_default**
  Path Type:              Removal (Min at Fast Process Corner)
  Requirement:            0.000ns  (sys_clk rise@0.000ns - sys_clk rise@0.000ns)
  Data Path Delay:        0.596ns  (logic 0.186ns (31.208%)  route 0.410ns (68.792%))
  Logic Levels:           1  (LUT1=1)
  Clock Path Skew:        0.016ns (DCD - SCD - CPR)
    Destination Clock Delay (DCD):    1.979ns
    Source Clock Delay      (SCD):    1.464ns
    Clock Pessimism Removal (CPR):    0.499ns

    Location             Delay type                Incr(ns)  Path(ns)    Netlist Resource(s)
  -------------------------------------------------------------------    -------------------
                         (clock sys_clk rise edge)    0.000     0.000 r  
    P17                                               0.000     0.000 r  FPGA_clk (IN)
                         net (fo=0)                   0.000     0.000    FPGA_clk
    P17                  IBUF (Prop_ibuf_I_O)         0.246     0.246 r  FPGA_clk_IBUF_inst/O
                         net (fo=1, routed)           0.634     0.880    FPGA_clk_IBUF
    BUFGCTRL_X0Y0        BUFG (Prop_bufg_I_O)         0.026     0.906 r  FPGA_clk_IBUF_BUFG_inst/O
                         net (fo=2105, routed)        0.558     1.464    FPGA_clk_IBUF_BUFG
    SLICE_X29Y16         FDCE                                         r  rstn_sync1_reg/C
  -------------------------------------------------------------------    -------------------
    SLICE_X29Y16         FDCE (Prop_fdce_C_Q)         0.141     1.605 r  rstn_sync1_reg/Q
                         net (fo=1, routed)           0.219     1.824    u_test_circuit/rstn_sync1
    SLICE_X29Y16         LUT1 (Prop_lut1_I0_O)        0.045     1.869 f  u_test_circuit/start_sync0_i_1/O
                         net (fo=290, routed)         0.191     2.060    u_test_circuit/start_sync0_i_1_n_0
    SLICE_X28Y13         FDCE                                         f  u_test_circuit/cycle_counter_reg[22]/CLR
  -------------------------------------------------------------------    -------------------

                         (clock sys_clk rise edge)    0.000     0.000 r  
    P17                                               0.000     0.000 r  FPGA_clk (IN)
                         net (fo=0)                   0.000     0.000    FPGA_clk
    P17                  IBUF (Prop_ibuf_I_O)         0.434     0.434 r  FPGA_clk_IBUF_inst/O
                         net (fo=1, routed)           0.689     1.123    FPGA_clk_IBUF
    BUFGCTRL_X0Y0        BUFG (Prop_bufg_I_O)         0.029     1.152 r  FPGA_clk_IBUF_BUFG_inst/O
                         net (fo=2105, routed)        0.828     1.979    u_test_circuit/FPGA_clk_IBUF_BUFG
    SLICE_X28Y13         FDCE                                         r  u_test_circuit/cycle_counter_reg[22]/C
                         clock pessimism             -0.499     1.480    
    SLICE_X28Y13         FDCE (Remov_fdce_C_CLR)     -0.092     1.388    u_test_circuit/cycle_counter_reg[22]
  -------------------------------------------------------------------
                         required time                         -1.388    
                         arrival time                           2.060    
  -------------------------------------------------------------------
                         slack                                  0.672    





