Copyright 1986-2022 Xilinx, Inc. All Rights Reserved.
-------------------------------------------------------------------------------------------------------------------
| Tool Version : Vivado v.2022.1 (win64) Build 3526262 Mon Apr 18 15:48:16 MDT 2022
| Date         : Sun May 17 02:48:32 2026
| Host         : MSI running 64-bit major release  (build 9200)
| Command      : report_timing_summary -file C:/Users/User/DSD_Lab/Final/DSD_final_project/reports/timing_impl.rpt
| Design       : RISCV_CNN
| Device       : 7a35t-csg324
| Speed File   : -1  PRODUCTION 1.23 2018-06-13
-------------------------------------------------------------------------------------------------------------------

Timing Summary Report

------------------------------------------------------------------------------------------------
| Timer Settings
| --------------
------------------------------------------------------------------------------------------------

  Enable Multi Corner Analysis               :  Yes
  Enable Pessimism Removal                   :  Yes
  Pessimism Removal Resolution               :  Nearest Common Node
  Enable Input Delay Default Clock           :  No
  Enable Preset / Clear Arcs                 :  No
  Disable Flight Delays                      :  No
  Ignore I/O Paths                           :  No
  Timing Early Launch at Borrowing Latches   :  No
  Borrow Time for Max Delay Exceptions       :  Yes
  Merge Timing Exceptions                    :  Yes

  Corner  Analyze    Analyze    
  Name    Max Paths  Min Paths  
  ------  ---------  ---------  
  Slow    Yes        Yes        
  Fast    Yes        Yes        


------------------------------------------------------------------------------------------------
| Report Methodology
| ------------------
------------------------------------------------------------------------------------------------

No report available as report_methodology has not been run prior. Run report_methodology on the current design for the summary of methodology violations.



check_timing report

Table of Contents
-----------------
1. checking no_clock (0)
2. checking constant_clock (0)
3. checking pulse_width_clock (0)
4. checking unconstrained_internal_endpoints (0)
5. checking no_input_delay (7)
6. checking no_output_delay (11)
7. checking multiple_clock (0)
8. checking generated_clocks (0)
9. checking loops (0)
10. checking partial_input_delay (0)
11. checking partial_output_delay (0)
12. checking latch_loops (0)

1. checking no_clock (0)
------------------------
 There are 0 register/latch pins with no clock.


2. checking constant_clock (0)
------------------------------
 There are 0 register/latch pins with constant_clock.


3. checking pulse_width_clock (0)
---------------------------------
 There are 0 register/latch pins which need pulse_width check


4. checking unconstrained_internal_endpoints (0)
------------------------------------------------
 There are 0 pins that are not constrained for maximum delay.

 There are 0 pins that are not constrained for maximum delay due to constant clock.


5. checking no_input_delay (7)
------------------------------
 There are 7 input ports with no input delay specified. (HIGH)

 There are 0 input ports with no input delay but user has a false path constraint.


6. checking no_output_delay (11)
--------------------------------
 There are 11 ports with no output delay specified. (HIGH)

 There are 0 ports with no output delay but user has a false path constraint

 There are 0 ports with no output delay but with a timing clock defined on it or propagating through it


7. checking multiple_clock (0)
------------------------------
 There are 0 register/latch pins with multiple clocks.


8. checking generated_clocks (0)
--------------------------------
 There are 0 generated clocks that are not connected to a clock source.


9. checking loops (0)
---------------------
 There are 0 combinational loops in the design.


10. checking partial_input_delay (0)
------------------------------------
 There are 0 input ports with partial input delay specified.


11. checking partial_output_delay (0)
-------------------------------------
 There are 0 ports with partial output delay specified.


12. checking latch_loops (0)
----------------------------
 There are 0 combinational latch loops in the design through latch input



------------------------------------------------------------------------------------------------
| Design Timing Summary
| ---------------------
------------------------------------------------------------------------------------------------

    WNS(ns)      TNS(ns)  TNS Failing Endpoints  TNS Total Endpoints      WHS(ns)      THS(ns)  THS Failing Endpoints  THS Total Endpoints     WPWS(ns)     TPWS(ns)  TPWS Failing Endpoints  TPWS Total Endpoints  
    -------      -------  ---------------------  -------------------      -------      -------  ---------------------  -------------------     --------     --------  ----------------------  --------------------  
      0.043        0.000                      0                 5644        0.104        0.000                      0                 5644        4.500        0.000                       0                  1953  


All user specified timing constraints are met.


------------------------------------------------------------------------------------------------
| Clock Summary
| -------------
------------------------------------------------------------------------------------------------

Clock    Waveform(ns)       Period(ns)      Frequency(MHz)
-----    ------------       ----------      --------------
sys_clk  {0.000 5.000}      10.000          100.000         


------------------------------------------------------------------------------------------------
| Intra Clock Table
| -----------------
------------------------------------------------------------------------------------------------

Clock             WNS(ns)      TNS(ns)  TNS Failing Endpoints  TNS Total Endpoints      WHS(ns)      THS(ns)  THS Failing Endpoints  THS Total Endpoints     WPWS(ns)     TPWS(ns)  TPWS Failing Endpoints  TPWS Total Endpoints  
-----             -------      -------  ---------------------  -------------------      -------      -------  ---------------------  -------------------     --------     --------  ----------------------  --------------------  
sys_clk             0.043        0.000                      0                 4024        0.104        0.000                      0                 4024        4.500        0.000                       0                  1953  


------------------------------------------------------------------------------------------------
| Inter Clock Table
| -----------------
------------------------------------------------------------------------------------------------

From Clock    To Clock          WNS(ns)      TNS(ns)  TNS Failing Endpoints  TNS Total Endpoints      WHS(ns)      THS(ns)  THS Failing Endpoints  THS Total Endpoints  
----------    --------          -------      -------  ---------------------  -------------------      -------      -------  ---------------------  -------------------  


------------------------------------------------------------------------------------------------
| Other Path Groups Table
| -----------------------
------------------------------------------------------------------------------------------------

Path Group         From Clock         To Clock               WNS(ns)      TNS(ns)  TNS Failing Endpoints  TNS Total Endpoints      WHS(ns)      THS(ns)  THS Failing Endpoints  THS Total Endpoints  
----------         ----------         --------               -------      -------  ---------------------  -------------------      -------      -------  ---------------------  -------------------  
**async_default**  sys_clk            sys_clk                  2.274        0.000                      0                 1620        0.189        0.000                      0                 1620  


------------------------------------------------------------------------------------------------
| Timing Details
| --------------
------------------------------------------------------------------------------------------------


---------------------------------------------------------------------------------------------------
From Clock:  sys_clk
  To Clock:  sys_clk

Setup :            0  Failing Endpoints,  Worst Slack        0.043ns,  Total Violation        0.000ns
Hold  :            0  Failing Endpoints,  Worst Slack        0.104ns,  Total Violation        0.000ns
PW    :            0  Failing Endpoints,  Worst Slack        4.500ns,  Total Violation        0.000ns
---------------------------------------------------------------------------------------------------


Max Delay Paths
--------------------------------------------------------------------------------------
Slack (MET) :             0.043ns  (required time - arrival time)
  Source:                 u_cpu/u_instr_mem/U0/inst_blk_mem_gen/gnbram.gnativebmg.native_blk_mem_gen/valid.cstr/ramloop[0].ram.r/prim_init.ram/DEVICE_7SERIES.NO_BMM_INFO.SP.WIDE_PRIM18.ram/CLKBWRCLK
                            (rising edge-triggered cell RAMB18E1 clocked by sys_clk  {rise@0.000ns fall@5.000ns period=10.000ns})
  Destination:            u_cpu/regs_reg[12][29]/D
                            (rising edge-triggered cell FDCE clocked by sys_clk  {rise@0.000ns fall@5.000ns period=10.000ns})
  Path Group:             sys_clk
  Path Type:              Setup (Max at Slow Process Corner)
  Requirement:            10.000ns  (sys_clk rise@10.000ns - sys_clk rise@0.000ns)
  Data Path Delay:        9.779ns  (logic 4.732ns (48.389%)  route 5.047ns (51.611%))
  Logic Levels:           11  (CARRY4=6 LUT3=1 LUT6=3 MUXF7=1)
  Clock Path Skew:        -0.080ns (DCD - SCD + CPR)
    Destination Clock Delay (DCD):    4.814ns = ( 14.814 - 10.000 ) 
    Source Clock Delay      (SCD):    5.154ns
    Clock Pessimism Removal (CPR):    0.259ns
  Clock Uncertainty:      0.035ns  ((TSJ^2 + TIJ^2)^1/2 + DJ) / 2 + PE
    Total System Jitter     (TSJ):    0.071ns
    Total Input Jitter      (TIJ):    0.000ns
    Discrete Jitter          (DJ):    0.000ns
    Phase Error              (PE):    0.000ns

    Location             Delay type                Incr(ns)  Path(ns)    Netlist Resource(s)
  -------------------------------------------------------------------    -------------------
                         (clock sys_clk rise edge)    0.000     0.000 r  
    P17                                               0.000     0.000 r  clk (IN)
                         net (fo=0)                   0.000     0.000    clk
    P17                  IBUF (Prop_ibuf_I_O)         1.478     1.478 r  clk_IBUF_inst/O
                         net (fo=1, routed)           1.972     3.450    clk_IBUF
    BUFGCTRL_X0Y0        BUFG (Prop_bufg_I_O)         0.096     3.546 r  clk_IBUF_BUFG_inst/O
                         net (fo=1952, routed)        1.608     5.154    u_cpu/u_instr_mem/U0/inst_blk_mem_gen/gnbram.gnativebmg.native_blk_mem_gen/valid.cstr/ramloop[0].ram.r/prim_init.ram/clka
    RAMB18_X1Y14         RAMB18E1                                     r  u_cpu/u_instr_mem/U0/inst_blk_mem_gen/gnbram.gnativebmg.native_blk_mem_gen/valid.cstr/ramloop[0].ram.r/prim_init.ram/DEVICE_7SERIES.NO_BMM_INFO.SP.WIDE_PRIM18.ram/CLKBWRCLK
  -------------------------------------------------------------------    -------------------
    RAMB18_X1Y14         RAMB18E1 (Prop_ramb18e1_CLKBWRCLK_DOBDO[0])
                                                      2.454     7.608 r  u_cpu/u_instr_mem/U0/inst_blk_mem_gen/gnbram.gnativebmg.native_blk_mem_gen/valid.cstr/ramloop[0].ram.r/prim_init.ram/DEVICE_7SERIES.NO_BMM_INFO.SP.WIDE_PRIM18.ram/DOBDO[0]
                         net (fo=256, routed)         1.584     9.192    u_cpu/u_instr_mem/instr[16]
    SLICE_X56Y35         LUT6 (Prop_lut6_I2_O)        0.124     9.316 r  u_cpu/u_instr_mem/regs[2][11]_i_44/O
                         net (fo=1, routed)           0.000     9.316    u_cpu/u_instr_mem/regs[2][11]_i_44_n_0
    SLICE_X56Y35         MUXF7 (Prop_muxf7_I0_O)      0.241     9.557 r  u_cpu/u_instr_mem/regs_reg[2][11]_i_22/O
                         net (fo=1, routed)           0.809    10.365    u_cpu/u_instr_mem/regs_reg[2][11]_i_22_n_0
    SLICE_X55Y36         LUT6 (Prop_lut6_I3_O)        0.298    10.663 r  u_cpu/u_instr_mem/regs[2][11]_i_5/O
                         net (fo=11, routed)          1.103    11.767    u_cpu/u_instr_mem/regs[2][11]_i_5_n_0
    SLICE_X44Y38         LUT3 (Prop_lut3_I2_O)        0.124    11.891 r  u_cpu/u_instr_mem/regs[2][11]_i_9/O
                         net (fo=1, routed)           0.000    11.891    u_cpu/u_instr_mem/regs[2][11]_i_9_n_0
    SLICE_X44Y38         CARRY4 (Prop_carry4_S[2]_CO[3])
                                                      0.398    12.289 r  u_cpu/u_instr_mem/regs_reg[2][11]_i_2/CO[3]
                         net (fo=1, routed)           0.000    12.289    u_cpu/u_instr_mem/regs_reg[2][11]_i_2_n_0
    SLICE_X44Y39         CARRY4 (Prop_carry4_CI_CO[3])
                                                      0.114    12.403 r  u_cpu/u_instr_mem/regs_reg[2][15]_i_2/CO[3]
                         net (fo=1, routed)           0.000    12.403    u_cpu/u_instr_mem/regs_reg[2][15]_i_2_n_0
    SLICE_X44Y40         CARRY4 (Prop_carry4_CI_CO[3])
                                                      0.114    12.517 r  u_cpu/u_instr_mem/regs_reg[2][19]_i_2/CO[3]
                         net (fo=1, routed)           0.000    12.517    u_cpu/u_instr_mem/regs_reg[2][19]_i_2_n_0
    SLICE_X44Y41         CARRY4 (Prop_carry4_CI_CO[3])
                                                      0.114    12.631 r  u_cpu/u_instr_mem/regs_reg[2][23]_i_2/CO[3]
                         net (fo=1, routed)           0.000    12.631    u_cpu/u_instr_mem/regs_reg[2][23]_i_2_n_0
    SLICE_X44Y42         CARRY4 (Prop_carry4_CI_CO[3])
                                                      0.114    12.745 r  u_cpu/u_instr_mem/regs_reg[2][27]_i_2/CO[3]
                         net (fo=1, routed)           0.000    12.745    u_cpu/u_instr_mem/regs_reg[2][27]_i_2_n_0
    SLICE_X44Y43         CARRY4 (Prop_carry4_CI_O[1])
                                                      0.334    13.079 r  u_cpu/u_instr_mem/regs_reg[2][31]_i_6/O[1]
                         net (fo=1, routed)           0.493    13.571    u_cpu/u_instr_mem/regs_reg[2][31]_i_6_n_6
    SLICE_X45Y42         LUT6 (Prop_lut6_I3_O)        0.303    13.874 r  u_cpu/u_instr_mem/regs[2][29]_i_1/O
                         net (fo=31, routed)          1.058    14.933    u_cpu/u_instr_mem_n_18
    SLICE_X40Y46         FDCE                                         r  u_cpu/regs_reg[12][29]/D
  -------------------------------------------------------------------    -------------------

                         (clock sys_clk rise edge)   10.000    10.000 r  
    P17                                               0.000    10.000 r  clk (IN)
                         net (fo=0)                   0.000    10.000    clk
    P17                  IBUF (Prop_ibuf_I_O)         1.408    11.408 r  clk_IBUF_inst/O
                         net (fo=1, routed)           1.868    13.276    clk_IBUF
    BUFGCTRL_X0Y0        BUFG (Prop_bufg_I_O)         0.091    13.367 r  clk_IBUF_BUFG_inst/O
                         net (fo=1952, routed)        1.447    14.814    u_cpu/clk_IBUF_BUFG
    SLICE_X40Y46         FDCE                                         r  u_cpu/regs_reg[12][29]/C
                         clock pessimism              0.259    15.073    
                         clock uncertainty           -0.035    15.038    
    SLICE_X40Y46         FDCE (Setup_fdce_C_D)       -0.062    14.976    u_cpu/regs_reg[12][29]
  -------------------------------------------------------------------
                         required time                         14.976    
                         arrival time                         -14.933    
  -------------------------------------------------------------------
                         slack                                  0.043    





Min Delay Paths
--------------------------------------------------------------------------------------
Slack (MET) :             0.104ns  (arrival time - required time)
  Source:                 u_cpu/imem_addr_reg[5]/C
                            (rising edge-triggered cell FDCE clocked by sys_clk  {rise@0.000ns fall@5.000ns period=10.000ns})
  Destination:            u_cpu/u_instr_mem/U0/inst_blk_mem_gen/gnbram.gnativebmg.native_blk_mem_gen/valid.cstr/ramloop[0].ram.r/prim_init.ram/DEVICE_7SERIES.NO_BMM_INFO.SP.WIDE_PRIM18.ram/ADDRARDADDR[10]
                            (rising edge-triggered cell RAMB18E1 clocked by sys_clk  {rise@0.000ns fall@5.000ns period=10.000ns})
  Path Group:             sys_clk
  Path Type:              Hold (Min at Fast Process Corner)
  Requirement:            0.000ns  (sys_clk rise@0.000ns - sys_clk rise@0.000ns)
  Data Path Delay:        0.294ns  (logic 0.128ns (43.470%)  route 0.166ns (56.530%))
  Logic Levels:           0  
  Clock Path Skew:        0.060ns (DCD - SCD - CPR)
    Destination Clock Delay (DCD):    2.028ns
    Source Clock Delay      (SCD):    1.468ns
    Clock Pessimism Removal (CPR):    0.499ns

    Location             Delay type                Incr(ns)  Path(ns)    Netlist Resource(s)
  -------------------------------------------------------------------    -------------------
                         (clock sys_clk rise edge)    0.000     0.000 r  
    P17                                               0.000     0.000 r  clk (IN)
                         net (fo=0)                   0.000     0.000    clk
    P17                  IBUF (Prop_ibuf_I_O)         0.246     0.246 r  clk_IBUF_inst/O
                         net (fo=1, routed)           0.634     0.880    clk_IBUF
    BUFGCTRL_X0Y0        BUFG (Prop_bufg_I_O)         0.026     0.906 r  clk_IBUF_BUFG_inst/O
                         net (fo=1952, routed)        0.562     1.468    u_cpu/clk_IBUF_BUFG
    SLICE_X48Y35         FDCE                                         r  u_cpu/imem_addr_reg[5]/C
  -------------------------------------------------------------------    -------------------
    SLICE_X48Y35         FDCE (Prop_fdce_C_Q)         0.128     1.596 r  u_cpu/imem_addr_reg[5]/Q
                         net (fo=2, routed)           0.166     1.762    u_cpu/u_instr_mem/U0/inst_blk_mem_gen/gnbram.gnativebmg.native_blk_mem_gen/valid.cstr/ramloop[0].ram.r/prim_init.ram/addra[5]
    RAMB18_X1Y14         RAMB18E1                                     r  u_cpu/u_instr_mem/U0/inst_blk_mem_gen/gnbram.gnativebmg.native_blk_mem_gen/valid.cstr/ramloop[0].ram.r/prim_init.ram/DEVICE_7SERIES.NO_BMM_INFO.SP.WIDE_PRIM18.ram/ADDRARDADDR[10]
  -------------------------------------------------------------------    -------------------

                         (clock sys_clk rise edge)    0.000     0.000 r  
    P17                                               0.000     0.000 r  clk (IN)
                         net (fo=0)                   0.000     0.000    clk
    P17                  IBUF (Prop_ibuf_I_O)         0.434     0.434 r  clk_IBUF_inst/O
                         net (fo=1, routed)           0.689     1.123    clk_IBUF
    BUFGCTRL_X0Y0        BUFG (Prop_bufg_I_O)         0.029     1.152 r  clk_IBUF_BUFG_inst/O
                         net (fo=1952, routed)        0.876     2.028    u_cpu/u_instr_mem/U0/inst_blk_mem_gen/gnbram.gnativebmg.native_blk_mem_gen/valid.cstr/ramloop[0].ram.r/prim_init.ram/clka
    RAMB18_X1Y14         RAMB18E1                                     r  u_cpu/u_instr_mem/U0/inst_blk_mem_gen/gnbram.gnativebmg.native_blk_mem_gen/valid.cstr/ramloop[0].ram.r/prim_init.ram/DEVICE_7SERIES.NO_BMM_INFO.SP.WIDE_PRIM18.ram/CLKARDCLK
                         clock pessimism             -0.499     1.528    
    RAMB18_X1Y14         RAMB18E1 (Hold_ramb18e1_CLKARDCLK_ADDRARDADDR[10])
                                                      0.130     1.658    u_cpu/u_instr_mem/U0/inst_blk_mem_gen/gnbram.gnativebmg.native_blk_mem_gen/valid.cstr/ramloop[0].ram.r/prim_init.ram/DEVICE_7SERIES.NO_BMM_INFO.SP.WIDE_PRIM18.ram
  -------------------------------------------------------------------
                         required time                         -1.658    
                         arrival time                           1.762    
  -------------------------------------------------------------------
                         slack                                  0.104    





Pulse Width Checks
--------------------------------------------------------------------------------------
Clock Name:         sys_clk
Waveform(ns):       { 0.000 5.000 }
Period(ns):         10.000
Sources:            { clk }

Check Type        Corner  Lib Pin             Reference Pin  Required(ns)  Actual(ns)  Slack(ns)  Location      Pin
Min Period        n/a     RAMB36E1/CLKARDCLK  n/a            2.944         10.000      7.056      RAMB36_X1Y5   u_data_mem/U0/inst_blk_mem_gen/gnbram.gnativebmg.native_blk_mem_gen/valid.cstr/ramloop[0].ram.r/prim_noinit.ram/DEVICE_7SERIES.NO_BMM_INFO.TRUE_DP.SIMPLE_PRIM36.ram/CLKARDCLK
Low Pulse Width   Slow    FDCE/C              n/a            0.500         5.000       4.500      SLICE_X54Y21  last_pixel0_carry_i_10/C
High Pulse Width  Slow    FDCE/C              n/a            0.500         5.000       4.500      SLICE_X54Y21  last_pixel0_carry_i_10/C



---------------------------------------------------------------------------------------------------
Path Group:  **async_default**
From Clock:  sys_clk
  To Clock:  sys_clk

Setup :            0  Failing Endpoints,  Worst Slack        2.274ns,  Total Violation        0.000ns
Hold  :            0  Failing Endpoints,  Worst Slack        0.189ns,  Total Violation        0.000ns
---------------------------------------------------------------------------------------------------


Max Delay Paths
--------------------------------------------------------------------------------------
Slack (MET) :             2.274ns  (required time - arrival time)
  Source:                 u_test_circuit/sys_rstn_reg_inv/C
                            (rising edge-triggered cell FDPE clocked by sys_clk  {rise@0.000ns fall@5.000ns period=10.000ns})
  Destination:            u_cpu/regs_reg[16][15]/CLR
                            (recovery check against rising-edge clock sys_clk  {rise@0.000ns fall@5.000ns period=10.000ns})
  Path Group:             **async_default**
  Path Type:              Recovery (Max at Slow Process Corner)
  Requirement:            10.000ns  (sys_clk rise@10.000ns - sys_clk rise@0.000ns)
  Data Path Delay:        7.264ns  (logic 0.456ns (6.277%)  route 6.808ns (93.723%))
  Logic Levels:           0  
  Clock Path Skew:        -0.021ns (DCD - SCD + CPR)
    Destination Clock Delay (DCD):    4.817ns = ( 14.817 - 10.000 ) 
    Source Clock Delay      (SCD):    5.097ns
    Clock Pessimism Removal (CPR):    0.259ns
  Clock Uncertainty:      0.035ns  ((TSJ^2 + TIJ^2)^1/2 + DJ) / 2 + PE
    Total System Jitter     (TSJ):    0.071ns
    Total Input Jitter      (TIJ):    0.000ns
    Discrete Jitter          (DJ):    0.000ns
    Phase Error              (PE):    0.000ns

    Location             Delay type                Incr(ns)  Path(ns)    Netlist Resource(s)
  -------------------------------------------------------------------    -------------------
                         (clock sys_clk rise edge)    0.000     0.000 r  
    P17                                               0.000     0.000 r  clk (IN)
                         net (fo=0)                   0.000     0.000    clk
    P17                  IBUF (Prop_ibuf_I_O)         1.478     1.478 r  clk_IBUF_inst/O
                         net (fo=1, routed)           1.972     3.450    clk_IBUF
    BUFGCTRL_X0Y0        BUFG (Prop_bufg_I_O)         0.096     3.546 r  clk_IBUF_BUFG_inst/O
                         net (fo=1952, routed)        1.551     5.097    u_test_circuit/clk_IBUF_BUFG
    SLICE_X37Y21         FDPE                                         r  u_test_circuit/sys_rstn_reg_inv/C
  -------------------------------------------------------------------    -------------------
    SLICE_X37Y21         FDPE (Prop_fdpe_C_Q)         0.456     5.553 f  u_test_circuit/sys_rstn_reg_inv/Q
                         net (fo=1622, routed)        6.808    12.362    u_cpu/sys_rstn
    SLICE_X55Y39         FDCE                                         f  u_cpu/regs_reg[16][15]/CLR
  -------------------------------------------------------------------    -------------------

                         (clock sys_clk rise edge)   10.000    10.000 r  
    P17                                               0.000    10.000 r  clk (IN)
                         net (fo=0)                   0.000    10.000    clk
    P17                  IBUF (Prop_ibuf_I_O)         1.408    11.408 r  clk_IBUF_inst/O
                         net (fo=1, routed)           1.868    13.276    clk_IBUF
    BUFGCTRL_X0Y0        BUFG (Prop_bufg_I_O)         0.091    13.367 r  clk_IBUF_BUFG_inst/O
                         net (fo=1952, routed)        1.450    14.817    u_cpu/clk_IBUF_BUFG
    SLICE_X55Y39         FDCE                                         r  u_cpu/regs_reg[16][15]/C
                         clock pessimism              0.259    15.076    
                         clock uncertainty           -0.035    15.041    
    SLICE_X55Y39         FDCE (Recov_fdce_C_CLR)     -0.405    14.636    u_cpu/regs_reg[16][15]
  -------------------------------------------------------------------
                         required time                         14.636    
                         arrival time                         -12.362    
  -------------------------------------------------------------------
                         slack                                  2.274    





Min Delay Paths
--------------------------------------------------------------------------------------
Slack (MET) :             0.189ns  (arrival time - required time)
  Source:                 u_test_circuit/sys_rstn_reg_inv/C
                            (rising edge-triggered cell FDPE clocked by sys_clk  {rise@0.000ns fall@5.000ns period=10.000ns})
  Destination:            u_cnn/weights_reg[15][0]/CLR
                            (removal check against rising-edge clock sys_clk  {rise@0.000ns fall@5.000ns period=10.000ns})
  Path Group:             **async_default**
  Path Type:              Removal (Min at Fast Process Corner)
  Requirement:            0.000ns  (sys_clk rise@0.000ns - sys_clk rise@0.000ns)
  Data Path Delay:        0.383ns  (logic 0.141ns (36.788%)  route 0.242ns (63.212%))
  Logic Levels:           0  
  Clock Path Skew:        0.261ns (DCD - SCD - CPR)
    Destination Clock Delay (DCD):    1.970ns
    Source Clock Delay      (SCD):    1.459ns
    Clock Pessimism Removal (CPR):    0.250ns

    Location             Delay type                Incr(ns)  Path(ns)    Netlist Resource(s)
  -------------------------------------------------------------------    -------------------
                         (clock sys_clk rise edge)    0.000     0.000 r  
    P17                                               0.000     0.000 r  clk (IN)
                         net (fo=0)                   0.000     0.000    clk
    P17                  IBUF (Prop_ibuf_I_O)         0.246     0.246 r  clk_IBUF_inst/O
                         net (fo=1, routed)           0.634     0.880    clk_IBUF
    BUFGCTRL_X0Y0        BUFG (Prop_bufg_I_O)         0.026     0.906 r  clk_IBUF_BUFG_inst/O
                         net (fo=1952, routed)        0.553     1.459    u_test_circuit/clk_IBUF_BUFG
    SLICE_X37Y21         FDPE                                         r  u_test_circuit/sys_rstn_reg_inv/C
  -------------------------------------------------------------------    -------------------
    SLICE_X37Y21         FDPE (Prop_fdpe_C_Q)         0.141     1.600 f  u_test_circuit/sys_rstn_reg_inv/Q
                         net (fo=1622, routed)        0.242     1.842    u_cnn/sys_rstn
    SLICE_X34Y21         FDCE                                         f  u_cnn/weights_reg[15][0]/CLR
  -------------------------------------------------------------------    -------------------

                         (clock sys_clk rise edge)    0.000     0.000 r  
    P17                                               0.000     0.000 r  clk (IN)
                         net (fo=0)                   0.000     0.000    clk
    P17                  IBUF (Prop_ibuf_I_O)         0.434     0.434 r  clk_IBUF_inst/O
                         net (fo=1, routed)           0.689     1.123    clk_IBUF
    BUFGCTRL_X0Y0        BUFG (Prop_bufg_I_O)         0.029     1.152 r  clk_IBUF_BUFG_inst/O
                         net (fo=1952, routed)        0.819     1.970    u_cnn/clk_IBUF_BUFG
    SLICE_X34Y21         FDCE                                         r  u_cnn/weights_reg[15][0]/C
                         clock pessimism             -0.250     1.720    
    SLICE_X34Y21         FDCE (Remov_fdce_C_CLR)     -0.067     1.653    u_cnn/weights_reg[15][0]
  -------------------------------------------------------------------
                         required time                         -1.653    
                         arrival time                           1.842    
  -------------------------------------------------------------------
                         slack                                  0.189    





