Copyright 1986-2022 Xilinx, Inc. All Rights Reserved.
----------------------------------------------------------------------------------------------------------------------------------
| Tool Version : Vivado v.2022.1 (win64) Build 3526262 Mon Apr 18 15:48:16 MDT 2022
| Date         : Sat May 23 22:42:49 2026
| Host         : MSI running 64-bit major release  (build 9200)
| Command      : report_timing_summary -file C:/Users/User/DSD_Lab/Final/DSD_final_project/reports/timing_post_impl_fast_impl.rpt
| Design       : RISCV_CNN
| Device       : 7a35t-csg324
| Speed File   : -1  PRODUCTION 1.23 2018-06-13
----------------------------------------------------------------------------------------------------------------------------------

Timing Summary Report

------------------------------------------------------------------------------------------------
| Timer Settings
| --------------
------------------------------------------------------------------------------------------------

  Enable Multi Corner Analysis               :  Yes
  Enable Pessimism Removal                   :  Yes
  Pessimism Removal Resolution               :  Nearest Common Node
  Enable Input Delay Default Clock           :  No
  Enable Preset / Clear Arcs                 :  No
  Disable Flight Delays                      :  No
  Ignore I/O Paths                           :  No
  Timing Early Launch at Borrowing Latches   :  No
  Borrow Time for Max Delay Exceptions       :  Yes
  Merge Timing Exceptions                    :  Yes

  Corner  Analyze    Analyze    
  Name    Max Paths  Min Paths  
  ------  ---------  ---------  
  Slow    Yes        Yes        
  Fast    Yes        Yes        


------------------------------------------------------------------------------------------------
| Report Methodology
| ------------------
------------------------------------------------------------------------------------------------

No report available as report_methodology has not been run prior. Run report_methodology on the current design for the summary of methodology violations.



check_timing report

Table of Contents
-----------------
1. checking no_clock (0)
2. checking constant_clock (0)
3. checking pulse_width_clock (0)
4. checking unconstrained_internal_endpoints (0)
5. checking no_input_delay (7)
6. checking no_output_delay (11)
7. checking multiple_clock (0)
8. checking generated_clocks (0)
9. checking loops (0)
10. checking partial_input_delay (0)
11. checking partial_output_delay (0)
12. checking latch_loops (0)

1. checking no_clock (0)
------------------------
 There are 0 register/latch pins with no clock.


2. checking constant_clock (0)
------------------------------
 There are 0 register/latch pins with constant_clock.


3. checking pulse_width_clock (0)
---------------------------------
 There are 0 register/latch pins which need pulse_width check


4. checking unconstrained_internal_endpoints (0)
------------------------------------------------
 There are 0 pins that are not constrained for maximum delay.

 There are 0 pins that are not constrained for maximum delay due to constant clock.


5. checking no_input_delay (7)
------------------------------
 There are 7 input ports with no input delay specified. (HIGH)

 There are 0 input ports with no input delay but user has a false path constraint.


6. checking no_output_delay (11)
--------------------------------
 There are 11 ports with no output delay specified. (HIGH)

 There are 0 ports with no output delay but user has a false path constraint

 There are 0 ports with no output delay but with a timing clock defined on it or propagating through it


7. checking multiple_clock (0)
------------------------------
 There are 0 register/latch pins with multiple clocks.


8. checking generated_clocks (0)
--------------------------------
 There are 0 generated clocks that are not connected to a clock source.


9. checking loops (0)
---------------------
 There are 0 combinational loops in the design.


10. checking partial_input_delay (0)
------------------------------------
 There are 0 input ports with partial input delay specified.


11. checking partial_output_delay (0)
-------------------------------------
 There are 0 ports with partial output delay specified.


12. checking latch_loops (0)
----------------------------
 There are 0 combinational latch loops in the design through latch input



------------------------------------------------------------------------------------------------
| Design Timing Summary
| ---------------------
------------------------------------------------------------------------------------------------

    WNS(ns)      TNS(ns)  TNS Failing Endpoints  TNS Total Endpoints      WHS(ns)      THS(ns)  THS Failing Endpoints  THS Total Endpoints     WPWS(ns)     TPWS(ns)  TPWS Failing Endpoints  TPWS Total Endpoints  
    -------      -------  ---------------------  -------------------      -------      -------  ---------------------  -------------------     --------     --------  ----------------------  --------------------  
      0.111        0.000                      0                 6314        0.041        0.000                      0                 6314        4.500        0.000                       0                  2079  


All user specified timing constraints are met.


------------------------------------------------------------------------------------------------
| Clock Summary
| -------------
------------------------------------------------------------------------------------------------

Clock    Waveform(ns)       Period(ns)      Frequency(MHz)
-----    ------------       ----------      --------------
sys_clk  {0.000 5.000}      10.000          100.000         


------------------------------------------------------------------------------------------------
| Intra Clock Table
| -----------------
------------------------------------------------------------------------------------------------

Clock             WNS(ns)      TNS(ns)  TNS Failing Endpoints  TNS Total Endpoints      WHS(ns)      THS(ns)  THS Failing Endpoints  THS Total Endpoints     WPWS(ns)     TPWS(ns)  TPWS Failing Endpoints  TPWS Total Endpoints  
-----             -------      -------  ---------------------  -------------------      -------      -------  ---------------------  -------------------     --------     --------  ----------------------  --------------------  
sys_clk             0.111        0.000                      0                 6023        0.041        0.000                      0                 6023        4.500        0.000                       0                  2079  


------------------------------------------------------------------------------------------------
| Inter Clock Table
| -----------------
------------------------------------------------------------------------------------------------

From Clock    To Clock          WNS(ns)      TNS(ns)  TNS Failing Endpoints  TNS Total Endpoints      WHS(ns)      THS(ns)  THS Failing Endpoints  THS Total Endpoints  
----------    --------          -------      -------  ---------------------  -------------------      -------      -------  ---------------------  -------------------  


------------------------------------------------------------------------------------------------
| Other Path Groups Table
| -----------------------
------------------------------------------------------------------------------------------------

Path Group         From Clock         To Clock               WNS(ns)      TNS(ns)  TNS Failing Endpoints  TNS Total Endpoints      WHS(ns)      THS(ns)  THS Failing Endpoints  THS Total Endpoints  
----------         ----------         --------               -------      -------  ---------------------  -------------------      -------      -------  ---------------------  -------------------  
**async_default**  sys_clk            sys_clk                  4.625        0.000                      0                  291        0.553        0.000                      0                  291  


------------------------------------------------------------------------------------------------
| Timing Details
| --------------
------------------------------------------------------------------------------------------------


---------------------------------------------------------------------------------------------------
From Clock:  sys_clk
  To Clock:  sys_clk

Setup :            0  Failing Endpoints,  Worst Slack        0.111ns,  Total Violation        0.000ns
Hold  :            0  Failing Endpoints,  Worst Slack        0.041ns,  Total Violation        0.000ns
PW    :            0  Failing Endpoints,  Worst Slack        4.500ns,  Total Violation        0.000ns
---------------------------------------------------------------------------------------------------


Max Delay Paths
--------------------------------------------------------------------------------------
Slack (MET) :             0.111ns  (required time - arrival time)
  Source:                 u_cpu/u_Instruction_Memory/U0/inst_blk_mem_gen/gnbram.gnativebmg.native_blk_mem_gen/valid.cstr/ramloop[0].ram.r/prim_init.ram/DEVICE_7SERIES.NO_BMM_INFO.SP.SIMPLE_PRIM36.ram/CLKARDCLK
                            (rising edge-triggered cell RAMB36E1 clocked by sys_clk  {rise@0.000ns fall@5.000ns period=10.000ns})
  Destination:            u_cpu/regs_reg[19][30]/D
                            (rising edge-triggered cell FDRE clocked by sys_clk  {rise@0.000ns fall@5.000ns period=10.000ns})
  Path Group:             sys_clk
  Path Type:              Setup (Max at Slow Process Corner)
  Requirement:            10.000ns  (sys_clk rise@10.000ns - sys_clk rise@0.000ns)
  Data Path Delay:        9.716ns  (logic 4.993ns (51.390%)  route 4.723ns (48.610%))
  Logic Levels:           13  (CARRY4=8 LUT3=1 LUT5=1 LUT6=2 MUXF7=1)
  Clock Path Skew:        -0.075ns (DCD - SCD + CPR)
    Destination Clock Delay (DCD):    4.806ns = ( 14.806 - 10.000 ) 
    Source Clock Delay      (SCD):    5.141ns
    Clock Pessimism Removal (CPR):    0.259ns
  Clock Uncertainty:      0.035ns  ((TSJ^2 + TIJ^2)^1/2 + DJ) / 2 + PE
    Total System Jitter     (TSJ):    0.071ns
    Total Input Jitter      (TIJ):    0.000ns
    Discrete Jitter          (DJ):    0.000ns
    Phase Error              (PE):    0.000ns

    Location             Delay type                Incr(ns)  Path(ns)    Netlist Resource(s)
  -------------------------------------------------------------------    -------------------
                         (clock sys_clk rise edge)    0.000     0.000 r  
    P17                                               0.000     0.000 r  clk (IN)
                         net (fo=0)                   0.000     0.000    clk
    P17                  IBUF (Prop_ibuf_I_O)         1.478     1.478 r  clk_IBUF_inst/O
                         net (fo=1, routed)           1.972     3.450    clk_IBUF
    BUFGCTRL_X0Y0        BUFG (Prop_bufg_I_O)         0.096     3.546 r  clk_IBUF_BUFG_inst/O
                         net (fo=2078, routed)        1.595     5.141    u_cpu/u_Instruction_Memory/U0/inst_blk_mem_gen/gnbram.gnativebmg.native_blk_mem_gen/valid.cstr/ramloop[0].ram.r/prim_init.ram/clka
    RAMB36_X1Y4          RAMB36E1                                     r  u_cpu/u_Instruction_Memory/U0/inst_blk_mem_gen/gnbram.gnativebmg.native_blk_mem_gen/valid.cstr/ramloop[0].ram.r/prim_init.ram/DEVICE_7SERIES.NO_BMM_INFO.SP.SIMPLE_PRIM36.ram/CLKARDCLK
  -------------------------------------------------------------------    -------------------
    RAMB36_X1Y4          RAMB36E1 (Prop_ramb36e1_CLKARDCLK_DOADO[15])
                                                      2.454     7.595 r  u_cpu/u_Instruction_Memory/U0/inst_blk_mem_gen/gnbram.gnativebmg.native_blk_mem_gen/valid.cstr/ramloop[0].ram.r/prim_init.ram/DEVICE_7SERIES.NO_BMM_INFO.SP.SIMPLE_PRIM36.ram/DOADO[15]
                         net (fo=256, routed)         1.643     9.238    u_cpu/instr[15]
    SLICE_X35Y15         LUT6 (Prop_lut6_I4_O)        0.124     9.362 r  u_cpu/regs[2][3]_i_68/O
                         net (fo=1, routed)           0.000     9.362    u_cpu/regs[2][3]_i_68_n_0
    SLICE_X35Y15         MUXF7 (Prop_muxf7_I1_O)      0.217     9.579 r  u_cpu/regs_reg[2][3]_i_44/O
                         net (fo=1, routed)           0.764    10.343    u_cpu/regs_reg[2][3]_i_44_n_0
    SLICE_X40Y17         LUT6 (Prop_lut6_I5_O)        0.299    10.642 r  u_cpu/regs[2][3]_i_24/O
                         net (fo=7, routed)           0.629    11.270    u_cpu/regs[2][3]_i_24_n_0
    SLICE_X38Y19         LUT3 (Prop_lut3_I2_O)        0.124    11.394 r  u_cpu/regs[2][3]_i_12/O
                         net (fo=1, routed)           0.000    11.394    u_cpu/regs[2][3]_i_12_n_0
    SLICE_X38Y19         CARRY4 (Prop_carry4_S[1]_CO[3])
                                                      0.533    11.927 r  u_cpu/regs_reg[2][3]_i_2/CO[3]
                         net (fo=1, routed)           0.000    11.927    u_cpu/regs_reg[2][3]_i_2_n_0
    SLICE_X38Y20         CARRY4 (Prop_carry4_CI_CO[3])
                                                      0.117    12.044 r  u_cpu/regs_reg[2][7]_i_2/CO[3]
                         net (fo=1, routed)           0.000    12.044    u_cpu/regs_reg[2][7]_i_2_n_0
    SLICE_X38Y21         CARRY4 (Prop_carry4_CI_CO[3])
                                                      0.117    12.161 r  u_cpu/regs_reg[2][11]_i_2/CO[3]
                         net (fo=1, routed)           0.000    12.161    u_cpu/regs_reg[2][11]_i_2_n_0
    SLICE_X38Y22         CARRY4 (Prop_carry4_CI_CO[3])
                                                      0.117    12.278 r  u_cpu/regs_reg[2][15]_i_2/CO[3]
                         net (fo=1, routed)           0.000    12.278    u_cpu/regs_reg[2][15]_i_2_n_0
    SLICE_X38Y23         CARRY4 (Prop_carry4_CI_CO[3])
                                                      0.117    12.395 r  u_cpu/regs_reg[2][19]_i_2/CO[3]
                         net (fo=1, routed)           0.000    12.395    u_cpu/regs_reg[2][19]_i_2_n_0
    SLICE_X38Y24         CARRY4 (Prop_carry4_CI_CO[3])
                                                      0.117    12.512 r  u_cpu/regs_reg[2][23]_i_2/CO[3]
                         net (fo=1, routed)           0.009    12.521    u_cpu/regs_reg[2][23]_i_2_n_0
    SLICE_X38Y25         CARRY4 (Prop_carry4_CI_CO[3])
                                                      0.117    12.638 r  u_cpu/regs_reg[2][27]_i_2/CO[3]
                         net (fo=1, routed)           0.000    12.638    u_cpu/regs_reg[2][27]_i_2_n_0
    SLICE_X38Y26         CARRY4 (Prop_carry4_CI_O[2])
                                                      0.239    12.877 r  u_cpu/regs_reg[2][31]_i_6/O[2]
                         net (fo=1, routed)           0.618    13.495    u_cpu/regs_reg[2][31]_i_6_n_5
    SLICE_X38Y27         LUT5 (Prop_lut5_I0_O)        0.301    13.796 r  u_cpu/regs[2][30]_i_1/O
                         net (fo=31, routed)          1.061    14.857    u_cpu/regs[2][30]_i_1_n_0
    SLICE_X41Y32         FDRE                                         r  u_cpu/regs_reg[19][30]/D
  -------------------------------------------------------------------    -------------------

                         (clock sys_clk rise edge)   10.000    10.000 r  
    P17                                               0.000    10.000 r  clk (IN)
                         net (fo=0)                   0.000    10.000    clk
    P17                  IBUF (Prop_ibuf_I_O)         1.408    11.408 r  clk_IBUF_inst/O
                         net (fo=1, routed)           1.868    13.276    clk_IBUF
    BUFGCTRL_X0Y0        BUFG (Prop_bufg_I_O)         0.091    13.367 r  clk_IBUF_BUFG_inst/O
                         net (fo=2078, routed)        1.439    14.806    u_cpu/clk_IBUF_BUFG
    SLICE_X41Y32         FDRE                                         r  u_cpu/regs_reg[19][30]/C
                         clock pessimism              0.259    15.065    
                         clock uncertainty           -0.035    15.030    
    SLICE_X41Y32         FDRE (Setup_fdre_C_D)       -0.062    14.968    u_cpu/regs_reg[19][30]
  -------------------------------------------------------------------
                         required time                         14.968    
                         arrival time                         -14.857    
  -------------------------------------------------------------------
                         slack                                  0.111    





Min Delay Paths
--------------------------------------------------------------------------------------
Slack (MET) :             0.041ns  (arrival time - required time)
  Source:                 u_cnn/dinb_reg[6]/C
                            (rising edge-triggered cell FDRE clocked by sys_clk  {rise@0.000ns fall@5.000ns period=10.000ns})
  Destination:            u_data_mem/U0/inst_blk_mem_gen/gnbram.gnativebmg.native_blk_mem_gen/valid.cstr/ramloop[0].ram.r/prim_noinit.ram/DEVICE_7SERIES.NO_BMM_INFO.TRUE_DP.SIMPLE_PRIM36.ram/DIBDI[6]
                            (rising edge-triggered cell RAMB36E1 clocked by sys_clk  {rise@0.000ns fall@5.000ns period=10.000ns})
  Path Group:             sys_clk
  Path Type:              Hold (Min at Fast Process Corner)
  Requirement:            0.000ns  (sys_clk rise@0.000ns - sys_clk rise@0.000ns)
  Data Path Delay:        0.252ns  (logic 0.141ns (56.027%)  route 0.111ns (43.973%))
  Logic Levels:           0  
  Clock Path Skew:        0.055ns (DCD - SCD - CPR)
    Destination Clock Delay (DCD):    2.023ns
    Source Clock Delay      (SCD):    1.468ns
    Clock Pessimism Removal (CPR):    0.499ns

    Location             Delay type                Incr(ns)  Path(ns)    Netlist Resource(s)
  -------------------------------------------------------------------    -------------------
                         (clock sys_clk rise edge)    0.000     0.000 r  
    P17                                               0.000     0.000 r  clk (IN)
                         net (fo=0)                   0.000     0.000    clk
    P17                  IBUF (Prop_ibuf_I_O)         0.246     0.246 r  clk_IBUF_inst/O
                         net (fo=1, routed)           0.634     0.880    clk_IBUF
    BUFGCTRL_X0Y0        BUFG (Prop_bufg_I_O)         0.026     0.906 r  clk_IBUF_BUFG_inst/O
                         net (fo=2078, routed)        0.562     1.468    u_cnn/clk
    SLICE_X48Y15         FDRE                                         r  u_cnn/dinb_reg[6]/C
  -------------------------------------------------------------------    -------------------
    SLICE_X48Y15         FDRE (Prop_fdre_C_Q)         0.141     1.609 r  u_cnn/dinb_reg[6]/Q
                         net (fo=1, routed)           0.111     1.720    u_data_mem/U0/inst_blk_mem_gen/gnbram.gnativebmg.native_blk_mem_gen/valid.cstr/ramloop[0].ram.r/prim_noinit.ram/dinb[6]
    RAMB36_X1Y3          RAMB36E1                                     r  u_data_mem/U0/inst_blk_mem_gen/gnbram.gnativebmg.native_blk_mem_gen/valid.cstr/ramloop[0].ram.r/prim_noinit.ram/DEVICE_7SERIES.NO_BMM_INFO.TRUE_DP.SIMPLE_PRIM36.ram/DIBDI[6]
  -------------------------------------------------------------------    -------------------

                         (clock sys_clk rise edge)    0.000     0.000 r  
    P17                                               0.000     0.000 r  clk (IN)
                         net (fo=0)                   0.000     0.000    clk
    P17                  IBUF (Prop_ibuf_I_O)         0.434     0.434 r  clk_IBUF_inst/O
                         net (fo=1, routed)           0.689     1.123    clk_IBUF
    BUFGCTRL_X0Y0        BUFG (Prop_bufg_I_O)         0.029     1.152 r  clk_IBUF_BUFG_inst/O
                         net (fo=2078, routed)        0.871     2.023    u_data_mem/U0/inst_blk_mem_gen/gnbram.gnativebmg.native_blk_mem_gen/valid.cstr/ramloop[0].ram.r/prim_noinit.ram/clka
    RAMB36_X1Y3          RAMB36E1                                     r  u_data_mem/U0/inst_blk_mem_gen/gnbram.gnativebmg.native_blk_mem_gen/valid.cstr/ramloop[0].ram.r/prim_noinit.ram/DEVICE_7SERIES.NO_BMM_INFO.TRUE_DP.SIMPLE_PRIM36.ram/CLKBWRCLK
                         clock pessimism             -0.499     1.523    
    RAMB36_X1Y3          RAMB36E1 (Hold_ramb36e1_CLKBWRCLK_DIBDI[6])
                                                      0.155     1.678    u_data_mem/U0/inst_blk_mem_gen/gnbram.gnativebmg.native_blk_mem_gen/valid.cstr/ramloop[0].ram.r/prim_noinit.ram/DEVICE_7SERIES.NO_BMM_INFO.TRUE_DP.SIMPLE_PRIM36.ram
  -------------------------------------------------------------------
                         required time                         -1.678    
                         arrival time                           1.720    
  -------------------------------------------------------------------
                         slack                                  0.041    





Pulse Width Checks
--------------------------------------------------------------------------------------
Clock Name:         sys_clk
Waveform(ns):       { 0.000 5.000 }
Period(ns):         10.000
Sources:            { clk }

Check Type        Corner  Lib Pin             Reference Pin  Required(ns)  Actual(ns)  Slack(ns)  Location      Pin
Min Period        n/a     RAMB36E1/CLKARDCLK  n/a            2.944         10.000      7.056      RAMB36_X1Y3   u_data_mem/U0/inst_blk_mem_gen/gnbram.gnativebmg.native_blk_mem_gen/valid.cstr/ramloop[0].ram.r/prim_noinit.ram/DEVICE_7SERIES.NO_BMM_INFO.TRUE_DP.SIMPLE_PRIM36.ram/CLKARDCLK
Low Pulse Width   Slow    FDCE/C              n/a            0.500         5.000       4.500      SLICE_X47Y15  cnn_start_latched_reg/C
High Pulse Width  Slow    FDCE/C              n/a            0.500         5.000       4.500      SLICE_X47Y15  cnn_start_latched_reg/C



---------------------------------------------------------------------------------------------------
Path Group:  **async_default**
From Clock:  sys_clk
  To Clock:  sys_clk

Setup :            0  Failing Endpoints,  Worst Slack        4.625ns,  Total Violation        0.000ns
Hold  :            0  Failing Endpoints,  Worst Slack        0.553ns,  Total Violation        0.000ns
---------------------------------------------------------------------------------------------------


Max Delay Paths
--------------------------------------------------------------------------------------
Slack (MET) :             4.625ns  (required time - arrival time)
  Source:                 rstn_sync1_reg/C
                            (rising edge-triggered cell FDCE clocked by sys_clk  {rise@0.000ns fall@5.000ns period=10.000ns})
  Destination:            u_test_circuit/selected_tc_reg[2]/CLR
                            (recovery check against rising-edge clock sys_clk  {rise@0.000ns fall@5.000ns period=10.000ns})
  Path Group:             **async_default**
  Path Type:              Recovery (Max at Slow Process Corner)
  Requirement:            10.000ns  (sys_clk rise@10.000ns - sys_clk rise@0.000ns)
  Data Path Delay:        4.901ns  (logic 0.580ns (11.834%)  route 4.321ns (88.166%))
  Logic Levels:           1  (LUT1=1)
  Clock Path Skew:        -0.034ns (DCD - SCD + CPR)
    Destination Clock Delay (DCD):    4.815ns = ( 14.815 - 10.000 ) 
    Source Clock Delay      (SCD):    5.108ns
    Clock Pessimism Removal (CPR):    0.259ns
  Clock Uncertainty:      0.035ns  ((TSJ^2 + TIJ^2)^1/2 + DJ) / 2 + PE
    Total System Jitter     (TSJ):    0.071ns
    Total Input Jitter      (TIJ):    0.000ns
    Discrete Jitter          (DJ):    0.000ns
    Phase Error              (PE):    0.000ns

    Location             Delay type                Incr(ns)  Path(ns)    Netlist Resource(s)
  -------------------------------------------------------------------    -------------------
                         (clock sys_clk rise edge)    0.000     0.000 r  
    P17                                               0.000     0.000 r  clk (IN)
                         net (fo=0)                   0.000     0.000    clk
    P17                  IBUF (Prop_ibuf_I_O)         1.478     1.478 r  clk_IBUF_inst/O
                         net (fo=1, routed)           1.972     3.450    clk_IBUF
    BUFGCTRL_X0Y0        BUFG (Prop_bufg_I_O)         0.096     3.546 r  clk_IBUF_BUFG_inst/O
                         net (fo=2078, routed)        1.562     5.108    clk_IBUF_BUFG
    SLICE_X40Y12         FDCE                                         r  rstn_sync1_reg/C
  -------------------------------------------------------------------    -------------------
    SLICE_X40Y12         FDCE (Prop_fdce_C_Q)         0.456     5.564 r  rstn_sync1_reg/Q
                         net (fo=1, routed)           0.307     5.871    u_test_circuit/rstn_sync1
    SLICE_X39Y12         LUT1 (Prop_lut1_I0_O)        0.124     5.995 f  u_test_circuit/start_sync0_i_1/O
                         net (fo=291, routed)         4.014    10.009    u_test_circuit/start_sync0_i_1_n_0
    SLICE_X45Y4          FDCE                                         f  u_test_circuit/selected_tc_reg[2]/CLR
  -------------------------------------------------------------------    -------------------

                         (clock sys_clk rise edge)   10.000    10.000 r  
    P17                                               0.000    10.000 r  clk (IN)
                         net (fo=0)                   0.000    10.000    clk
    P17                  IBUF (Prop_ibuf_I_O)         1.408    11.408 r  clk_IBUF_inst/O
                         net (fo=1, routed)           1.868    13.276    clk_IBUF
    BUFGCTRL_X0Y0        BUFG (Prop_bufg_I_O)         0.091    13.367 r  clk_IBUF_BUFG_inst/O
                         net (fo=2078, routed)        1.448    14.815    u_test_circuit/clk_IBUF_BUFG
    SLICE_X45Y4          FDCE                                         r  u_test_circuit/selected_tc_reg[2]/C
                         clock pessimism              0.259    15.074    
                         clock uncertainty           -0.035    15.039    
    SLICE_X45Y4          FDCE (Recov_fdce_C_CLR)     -0.405    14.634    u_test_circuit/selected_tc_reg[2]
  -------------------------------------------------------------------
                         required time                         14.634    
                         arrival time                         -10.009    
  -------------------------------------------------------------------
                         slack                                  4.625    





Min Delay Paths
--------------------------------------------------------------------------------------
Slack (MET) :             0.553ns  (arrival time - required time)
  Source:                 rstn_sync1_reg/C
                            (rising edge-triggered cell FDCE clocked by sys_clk  {rise@0.000ns fall@5.000ns period=10.000ns})
  Destination:            u_test_circuit/cycle_counter_reg[22]/CLR
                            (removal check against rising-edge clock sys_clk  {rise@0.000ns fall@5.000ns period=10.000ns})
  Path Group:             **async_default**
  Path Type:              Removal (Min at Fast Process Corner)
  Requirement:            0.000ns  (sys_clk rise@0.000ns - sys_clk rise@0.000ns)
  Data Path Delay:        0.501ns  (logic 0.186ns (37.114%)  route 0.315ns (62.886%))
  Logic Levels:           1  (LUT1=1)
  Clock Path Skew:        0.015ns (DCD - SCD - CPR)
    Destination Clock Delay (DCD):    1.980ns
    Source Clock Delay      (SCD):    1.466ns
    Clock Pessimism Removal (CPR):    0.499ns

    Location             Delay type                Incr(ns)  Path(ns)    Netlist Resource(s)
  -------------------------------------------------------------------    -------------------
                         (clock sys_clk rise edge)    0.000     0.000 r  
    P17                                               0.000     0.000 r  clk (IN)
                         net (fo=0)                   0.000     0.000    clk
    P17                  IBUF (Prop_ibuf_I_O)         0.246     0.246 r  clk_IBUF_inst/O
                         net (fo=1, routed)           0.634     0.880    clk_IBUF
    BUFGCTRL_X0Y0        BUFG (Prop_bufg_I_O)         0.026     0.906 r  clk_IBUF_BUFG_inst/O
                         net (fo=2078, routed)        0.560     1.466    clk_IBUF_BUFG
    SLICE_X40Y12         FDCE                                         r  rstn_sync1_reg/C
  -------------------------------------------------------------------    -------------------
    SLICE_X40Y12         FDCE (Prop_fdce_C_Q)         0.141     1.607 r  rstn_sync1_reg/Q
                         net (fo=1, routed)           0.116     1.722    u_test_circuit/rstn_sync1
    SLICE_X39Y12         LUT1 (Prop_lut1_I0_O)        0.045     1.767 f  u_test_circuit/start_sync0_i_1/O
                         net (fo=291, routed)         0.200     1.967    u_test_circuit/start_sync0_i_1_n_0
    SLICE_X42Y12         FDCE                                         f  u_test_circuit/cycle_counter_reg[22]/CLR
  -------------------------------------------------------------------    -------------------

                         (clock sys_clk rise edge)    0.000     0.000 r  
    P17                                               0.000     0.000 r  clk (IN)
                         net (fo=0)                   0.000     0.000    clk
    P17                  IBUF (Prop_ibuf_I_O)         0.434     0.434 r  clk_IBUF_inst/O
                         net (fo=1, routed)           0.689     1.123    clk_IBUF
    BUFGCTRL_X0Y0        BUFG (Prop_bufg_I_O)         0.029     1.152 r  clk_IBUF_BUFG_inst/O
                         net (fo=2078, routed)        0.829     1.980    u_test_circuit/clk_IBUF_BUFG
    SLICE_X42Y12         FDCE                                         r  u_test_circuit/cycle_counter_reg[22]/C
                         clock pessimism             -0.499     1.481    
    SLICE_X42Y12         FDCE (Remov_fdce_C_CLR)     -0.067     1.414    u_test_circuit/cycle_counter_reg[22]
  -------------------------------------------------------------------
                         required time                         -1.414    
                         arrival time                           1.967    
  -------------------------------------------------------------------
                         slack                                  0.553    





