Copyright 1986-2022 Xilinx, Inc. All Rights Reserved.
--------------------------------------------------------------------------------------------------------------------
| Tool Version : Vivado v.2022.1 (win64) Build 3526262 Mon Apr 18 15:48:16 MDT 2022
| Date         : Tue May 26 21:15:55 2026
| Host         : MSI running 64-bit major release  (build 9200)
| Command      : report_timing_summary -file C:/Users/User/DSD_Lab/Final/DSD_final_project/reports/timing_synth.rpt
| Design       : RISCV_CNN
| Device       : 7a35t-csg324
| Speed File   : -1  PRODUCTION 1.23 2018-06-13
--------------------------------------------------------------------------------------------------------------------

Timing Summary Report

------------------------------------------------------------------------------------------------
| Timer Settings
| --------------
------------------------------------------------------------------------------------------------

  Enable Multi Corner Analysis               :  Yes
  Enable Pessimism Removal                   :  Yes
  Pessimism Removal Resolution               :  Nearest Common Node
  Enable Input Delay Default Clock           :  No
  Enable Preset / Clear Arcs                 :  No
  Disable Flight Delays                      :  No
  Ignore I/O Paths                           :  No
  Timing Early Launch at Borrowing Latches   :  No
  Borrow Time for Max Delay Exceptions       :  Yes
  Merge Timing Exceptions                    :  Yes

  Corner  Analyze    Analyze    
  Name    Max Paths  Min Paths  
  ------  ---------  ---------  
  Slow    Yes        Yes        
  Fast    Yes        Yes        


------------------------------------------------------------------------------------------------
| Report Methodology
| ------------------
------------------------------------------------------------------------------------------------

No report available as report_methodology has not been run prior. Run report_methodology on the current design for the summary of methodology violations.



check_timing report

Table of Contents
-----------------
1. checking no_clock (0)
2. checking constant_clock (0)
3. checking pulse_width_clock (0)
4. checking unconstrained_internal_endpoints (0)
5. checking no_input_delay (7)
6. checking no_output_delay (12)
7. checking multiple_clock (0)
8. checking generated_clocks (0)
9. checking loops (0)
10. checking partial_input_delay (0)
11. checking partial_output_delay (0)
12. checking latch_loops (0)

1. checking no_clock (0)
------------------------
 There are 0 register/latch pins with no clock.


2. checking constant_clock (0)
------------------------------
 There are 0 register/latch pins with constant_clock.


3. checking pulse_width_clock (0)
---------------------------------
 There are 0 register/latch pins which need pulse_width check


4. checking unconstrained_internal_endpoints (0)
------------------------------------------------
 There are 0 pins that are not constrained for maximum delay.

 There are 0 pins that are not constrained for maximum delay due to constant clock.


5. checking no_input_delay (7)
------------------------------
 There are 7 input ports with no input delay specified. (HIGH)

 There are 0 input ports with no input delay but user has a false path constraint.


6. checking no_output_delay (12)
--------------------------------
 There are 12 ports with no output delay specified. (HIGH)

 There are 0 ports with no output delay but user has a false path constraint

 There are 0 ports with no output delay but with a timing clock defined on it or propagating through it


7. checking multiple_clock (0)
------------------------------
 There are 0 register/latch pins with multiple clocks.


8. checking generated_clocks (0)
--------------------------------
 There are 0 generated clocks that are not connected to a clock source.


9. checking loops (0)
---------------------
 There are 0 combinational loops in the design.


10. checking partial_input_delay (0)
------------------------------------
 There are 0 input ports with partial input delay specified.


11. checking partial_output_delay (0)
-------------------------------------
 There are 0 ports with partial output delay specified.


12. checking latch_loops (0)
----------------------------
 There are 0 combinational latch loops in the design through latch input



------------------------------------------------------------------------------------------------
| Design Timing Summary
| ---------------------
------------------------------------------------------------------------------------------------

    WNS(ns)      TNS(ns)  TNS Failing Endpoints  TNS Total Endpoints      WHS(ns)      THS(ns)  THS Failing Endpoints  THS Total Endpoints     WPWS(ns)     TPWS(ns)  TPWS Failing Endpoints  TPWS Total Endpoints  
    -------      -------  ---------------------  -------------------      -------      -------  ---------------------  -------------------     --------     --------  ----------------------  --------------------  
      0.797        0.000                      0                 7120        0.093        0.000                      0                 7120        3.750        0.000                       0                  2106  


All user specified timing constraints are met.


------------------------------------------------------------------------------------------------
| Clock Summary
| -------------
------------------------------------------------------------------------------------------------

Clock    Waveform(ns)       Period(ns)      Frequency(MHz)
-----    ------------       ----------      --------------
sys_clk  {0.000 5.000}      10.000          100.000         


------------------------------------------------------------------------------------------------
| Intra Clock Table
| -----------------
------------------------------------------------------------------------------------------------

Clock             WNS(ns)      TNS(ns)  TNS Failing Endpoints  TNS Total Endpoints      WHS(ns)      THS(ns)  THS Failing Endpoints  THS Total Endpoints     WPWS(ns)     TPWS(ns)  TPWS Failing Endpoints  TPWS Total Endpoints  
-----             -------      -------  ---------------------  -------------------      -------      -------  ---------------------  -------------------     --------     --------  ----------------------  --------------------  
sys_clk             0.797        0.000                      0                 6830        0.093        0.000                      0                 6830        3.750        0.000                       0                  2106  


------------------------------------------------------------------------------------------------
| Inter Clock Table
| -----------------
------------------------------------------------------------------------------------------------

From Clock    To Clock          WNS(ns)      TNS(ns)  TNS Failing Endpoints  TNS Total Endpoints      WHS(ns)      THS(ns)  THS Failing Endpoints  THS Total Endpoints  
----------    --------          -------      -------  ---------------------  -------------------      -------      -------  ---------------------  -------------------  


------------------------------------------------------------------------------------------------
| Other Path Groups Table
| -----------------------
------------------------------------------------------------------------------------------------

Path Group         From Clock         To Clock               WNS(ns)      TNS(ns)  TNS Failing Endpoints  TNS Total Endpoints      WHS(ns)      THS(ns)  THS Failing Endpoints  THS Total Endpoints  
----------         ----------         --------               -------      -------  ---------------------  -------------------      -------      -------  ---------------------  -------------------  
**async_default**  sys_clk            sys_clk                  7.447        0.000                      0                  290        0.699        0.000                      0                  290  


------------------------------------------------------------------------------------------------
| Timing Details
| --------------
------------------------------------------------------------------------------------------------


---------------------------------------------------------------------------------------------------
From Clock:  sys_clk
  To Clock:  sys_clk

Setup :            0  Failing Endpoints,  Worst Slack        0.797ns,  Total Violation        0.000ns
Hold  :            0  Failing Endpoints,  Worst Slack        0.093ns,  Total Violation        0.000ns
PW    :            0  Failing Endpoints,  Worst Slack        3.750ns,  Total Violation        0.000ns
---------------------------------------------------------------------------------------------------


Max Delay Paths
--------------------------------------------------------------------------------------
Slack (MET) :             0.797ns  (required time - arrival time)
  Source:                 u_test_circuit/result_pass_reg[1]/C
                            (rising edge-triggered cell FDCE clocked by sys_clk  {rise@0.000ns fall@5.000ns period=10.000ns})
  Destination:            u_test_circuit/display_value_q_reg[5]/D
                            (rising edge-triggered cell FDCE clocked by sys_clk  {rise@0.000ns fall@5.000ns period=10.000ns})
  Path Group:             sys_clk
  Path Type:              Setup (Max at Slow Process Corner)
  Requirement:            10.000ns  (sys_clk rise@10.000ns - sys_clk rise@0.000ns)
  Data Path Delay:        9.052ns  (logic 2.824ns (31.198%)  route 6.228ns (68.802%))
  Logic Levels:           12  (CARRY4=2 LUT2=1 LUT3=1 LUT4=3 LUT6=5)
  Clock Path Skew:        -0.145ns (DCD - SCD + CPR)
    Destination Clock Delay (DCD):    2.698ns = ( 12.698 - 10.000 ) 
    Source Clock Delay      (SCD):    2.958ns
    Clock Pessimism Removal (CPR):    0.116ns
  Clock Uncertainty:      0.035ns  ((TSJ^2 + TIJ^2)^1/2 + DJ) / 2 + PE
    Total System Jitter     (TSJ):    0.071ns
    Total Input Jitter      (TIJ):    0.000ns
    Discrete Jitter          (DJ):    0.000ns
    Phase Error              (PE):    0.000ns

    Location             Delay type                Incr(ns)  Path(ns)    Netlist Resource(s)
  -------------------------------------------------------------------    -------------------
                         (clock sys_clk rise edge)    0.000     0.000 r  
    P17                                               0.000     0.000 r  FPGA_clk (IN)
                         net (fo=0)                   0.000     0.000    FPGA_clk
    P17                  IBUF (Prop_ibuf_I_O)         1.478     1.478 r  FPGA_clk_IBUF_inst/O
                         net (fo=1, unplaced)         0.800     2.278    FPGA_clk_IBUF
                         BUFG (Prop_bufg_I_O)         0.096     2.374 r  FPGA_clk_IBUF_BUFG_inst/O
                         net (fo=2105, unplaced)      0.584     2.958    u_test_circuit/FPGA_clk_IBUF_BUFG
                         FDCE                                         r  u_test_circuit/result_pass_reg[1]/C
  -------------------------------------------------------------------    -------------------
                         FDCE (Prop_fdce_C_Q)         0.456     3.414 r  u_test_circuit/result_pass_reg[1]/Q
                         net (fo=4, unplaced)         0.989     4.403    u_test_circuit/result_pass_reg_n_0_[1]
                         LUT6 (Prop_lut6_I0_O)        0.295     4.698 r  u_test_circuit/display_value_q[4]_i_17/O
                         net (fo=5, unplaced)         0.930     5.628    u_test_circuit/display_value_q[4]_i_17_n_0
                         LUT3 (Prop_lut3_I0_O)        0.150     5.778 r  u_test_circuit/display_value_q[7]_i_16/O
                         net (fo=2, unplaced)         0.460     6.238    u_test_circuit/display_value_q[7]_i_16_n_0
                         LUT6 (Prop_lut6_I0_O)        0.124     6.362 r  u_test_circuit/display_value_q[7]_i_17/O
                         net (fo=2, unplaced)         0.460     6.822    u_test_circuit/display_value_q[7]_i_17_n_0
                         LUT4 (Prop_lut4_I0_O)        0.124     6.946 r  u_test_circuit/display_value_q[5]_i_12/O
                         net (fo=3, unplaced)         0.467     7.413    u_test_circuit/display_value_q[5]_i_12_n_0
                         LUT2 (Prop_lut2_I1_O)        0.124     7.537 r  u_test_circuit/display_value_q[7]_i_13/O
                         net (fo=2, unplaced)         0.460     7.997    u_test_circuit/display_value_q[7]_i_13_n_0
                         LUT6 (Prop_lut6_I5_O)        0.124     8.121 r  u_test_circuit/display_value_q[7]_i_6/O
                         net (fo=2, unplaced)         0.460     8.581    u_test_circuit/display_value_q[7]_i_6_n_0
                         LUT4 (Prop_lut4_I2_O)        0.124     8.705 r  u_test_circuit/display_value_q[7]_i_9/O
                         net (fo=1, unplaced)         0.000     8.705    u_test_circuit/display_value_q[7]_i_9_n_0
                         CARRY4 (Prop_carry4_S[3]_CO[3])
                                                      0.401     9.106 r  u_test_circuit/display_value_q_reg[7]_i_4/CO[3]
                         net (fo=1, unplaced)         0.009     9.115    u_test_circuit/display_value_q_reg[7]_i_4_n_0
                         CARRY4 (Prop_carry4_CI_O[1])
                                                      0.348     9.463 r  u_test_circuit/display_value_q_reg[5]_i_3/O[1]
                         net (fo=10, unplaced)        0.642    10.105    u_test_circuit/display_value_q_reg[5]_i_3_n_6
                         LUT4 (Prop_lut4_I0_O)        0.306    10.411 f  u_test_circuit/display_value_q[5]_i_4/O
                         net (fo=1, unplaced)         0.902    11.313    u_test_circuit/display_value_q[5]_i_4_n_0
                         LUT6 (Prop_lut6_I0_O)        0.124    11.437 f  u_test_circuit/display_value_q[5]_i_2/O
                         net (fo=1, unplaced)         0.449    11.886    u_test_circuit/display_value_q[5]_i_2_n_0
                         LUT6 (Prop_lut6_I0_O)        0.124    12.010 r  u_test_circuit/display_value_q[5]_i_1/O
                         net (fo=1, unplaced)         0.000    12.010    u_test_circuit/display_value_q[5]_i_1_n_0
                         FDCE                                         r  u_test_circuit/display_value_q_reg[5]/D
  -------------------------------------------------------------------    -------------------

                         (clock sys_clk rise edge)   10.000    10.000 r  
    P17                                               0.000    10.000 r  FPGA_clk (IN)
                         net (fo=0)                   0.000    10.000    FPGA_clk
    P17                  IBUF (Prop_ibuf_I_O)         1.408    11.408 r  FPGA_clk_IBUF_inst/O
                         net (fo=1, unplaced)         0.760    12.168    FPGA_clk_IBUF
                         BUFG (Prop_bufg_I_O)         0.091    12.259 r  FPGA_clk_IBUF_BUFG_inst/O
                         net (fo=2105, unplaced)      0.439    12.698    u_test_circuit/FPGA_clk_IBUF_BUFG
                         FDCE                                         r  u_test_circuit/display_value_q_reg[5]/C
                         clock pessimism              0.116    12.813    
                         clock uncertainty           -0.035    12.778    
                         FDCE (Setup_fdce_C_D)        0.029    12.807    u_test_circuit/display_value_q_reg[5]
  -------------------------------------------------------------------
                         required time                         12.807    
                         arrival time                         -12.010    
  -------------------------------------------------------------------
                         slack                                  0.797    





Min Delay Paths
--------------------------------------------------------------------------------------
Slack (MET) :             0.093ns  (arrival time - required time)
  Source:                 u_cnn/stream_x_reg[3]/C
                            (rising edge-triggered cell FDRE clocked by sys_clk  {rise@0.000ns fall@5.000ns period=10.000ns})
  Destination:            u_cnn/u_line_buffer/line0_reg_0_31_0_0/SP/ADR3
                            (rising edge-triggered cell RAMS32 clocked by sys_clk  {rise@0.000ns fall@5.000ns period=10.000ns})
  Path Group:             sys_clk
  Path Type:              Hold (Min at Fast Process Corner)
  Requirement:            0.000ns  (sys_clk rise@0.000ns - sys_clk rise@0.000ns)
  Data Path Delay:        0.425ns  (logic 0.141ns (33.201%)  route 0.284ns (66.799%))
  Logic Levels:           0  
  Clock Path Skew:        0.145ns (DCD - SCD - CPR)
    Destination Clock Delay (DCD):    1.077ns
    Source Clock Delay      (SCD):    0.723ns
    Clock Pessimism Removal (CPR):    0.209ns

    Location             Delay type                Incr(ns)  Path(ns)    Netlist Resource(s)
  -------------------------------------------------------------------    -------------------
                         (clock sys_clk rise edge)    0.000     0.000 r  
    P17                                               0.000     0.000 r  FPGA_clk (IN)
                         net (fo=0)                   0.000     0.000    FPGA_clk
    P17                  IBUF (Prop_ibuf_I_O)         0.246     0.246 r  FPGA_clk_IBUF_inst/O
                         net (fo=1, unplaced)         0.337     0.583    FPGA_clk_IBUF
                         BUFG (Prop_bufg_I_O)         0.026     0.609 r  FPGA_clk_IBUF_BUFG_inst/O
                         net (fo=2105, unplaced)      0.114     0.723    u_cnn/FPGA_clk_IBUF_BUFG
                         FDRE                                         r  u_cnn/stream_x_reg[3]/C
  -------------------------------------------------------------------    -------------------
                         FDRE (Prop_fdre_C_Q)         0.141     0.864 r  u_cnn/stream_x_reg[3]/Q
                         net (fo=21, unplaced)        0.284     1.148    u_cnn/u_line_buffer/line0_reg_0_31_0_0/A3
                         RAMS32                                       r  u_cnn/u_line_buffer/line0_reg_0_31_0_0/SP/ADR3
  -------------------------------------------------------------------    -------------------

                         (clock sys_clk rise edge)    0.000     0.000 r  
    P17                                               0.000     0.000 r  FPGA_clk (IN)
                         net (fo=0)                   0.000     0.000    FPGA_clk
    P17                  IBUF (Prop_ibuf_I_O)         0.434     0.434 r  FPGA_clk_IBUF_inst/O
                         net (fo=1, unplaced)         0.355     0.789    FPGA_clk_IBUF
                         BUFG (Prop_bufg_I_O)         0.029     0.818 r  FPGA_clk_IBUF_BUFG_inst/O
                         net (fo=2105, unplaced)      0.259     1.077    u_cnn/u_line_buffer/line0_reg_0_31_0_0/WCLK
                         RAMS32                                       r  u_cnn/u_line_buffer/line0_reg_0_31_0_0/SP/CLK
                         clock pessimism             -0.209     0.868    
                         RAMS32 (Hold_rams32_CLK_ADR3)
                                                      0.187     1.055    u_cnn/u_line_buffer/line0_reg_0_31_0_0/SP
  -------------------------------------------------------------------
                         required time                         -1.055    
                         arrival time                           1.148    
  -------------------------------------------------------------------
                         slack                                  0.093    





Pulse Width Checks
--------------------------------------------------------------------------------------
Clock Name:         sys_clk
Waveform(ns):       { 0.000 5.000 }
Period(ns):         10.000
Sources:            { FPGA_clk }

Check Type        Corner  Lib Pin      Reference Pin  Required(ns)  Actual(ns)  Slack(ns)  Location  Pin
Min Period        n/a     DSP48E1/CLK  n/a            3.884         10.000      6.116                u_cnn/u_mac_engine/gen_mac9.p0_reg/CLK
Low Pulse Width   Slow    RAMS32/CLK   n/a            1.250         5.000       3.750                u_cnn/u_line_buffer/line0_reg_0_31_0_0/SP/CLK
High Pulse Width  Slow    RAMS32/CLK   n/a            1.250         5.000       3.750                u_cnn/u_line_buffer/line0_reg_0_31_0_0/SP/CLK



---------------------------------------------------------------------------------------------------
Path Group:  **async_default**
From Clock:  sys_clk
  To Clock:  sys_clk

Setup :            0  Failing Endpoints,  Worst Slack        7.447ns,  Total Violation        0.000ns
Hold  :            0  Failing Endpoints,  Worst Slack        0.699ns,  Total Violation        0.000ns
---------------------------------------------------------------------------------------------------


Max Delay Paths
--------------------------------------------------------------------------------------
Slack (MET) :             7.447ns  (required time - arrival time)
  Source:                 rstn_sync1_reg/C
                            (rising edge-triggered cell FDCE clocked by sys_clk  {rise@0.000ns fall@5.000ns period=10.000ns})
  Destination:            u_test_circuit/addr_counter_q_reg[0]/CLR
                            (recovery check against rising-edge clock sys_clk  {rise@0.000ns fall@5.000ns period=10.000ns})
  Path Group:             **async_default**
  Path Type:              Recovery (Max at Slow Process Corner)
  Requirement:            10.000ns  (sys_clk rise@10.000ns - sys_clk rise@0.000ns)
  Data Path Delay:        1.964ns  (logic 0.751ns (38.238%)  route 1.213ns (61.762%))
  Logic Levels:           1  (LUT1=1)
  Clock Path Skew:        -0.145ns (DCD - SCD + CPR)
    Destination Clock Delay (DCD):    2.698ns = ( 12.698 - 10.000 ) 
    Source Clock Delay      (SCD):    2.958ns
    Clock Pessimism Removal (CPR):    0.116ns
  Clock Uncertainty:      0.035ns  ((TSJ^2 + TIJ^2)^1/2 + DJ) / 2 + PE
    Total System Jitter     (TSJ):    0.071ns
    Total Input Jitter      (TIJ):    0.000ns
    Discrete Jitter          (DJ):    0.000ns
    Phase Error              (PE):    0.000ns

    Location             Delay type                Incr(ns)  Path(ns)    Netlist Resource(s)
  -------------------------------------------------------------------    -------------------
                         (clock sys_clk rise edge)    0.000     0.000 r  
    P17                                               0.000     0.000 r  FPGA_clk (IN)
                         net (fo=0)                   0.000     0.000    FPGA_clk
    P17                  IBUF (Prop_ibuf_I_O)         1.478     1.478 r  FPGA_clk_IBUF_inst/O
                         net (fo=1, unplaced)         0.800     2.278    FPGA_clk_IBUF
                         BUFG (Prop_bufg_I_O)         0.096     2.374 r  FPGA_clk_IBUF_BUFG_inst/O
                         net (fo=2105, unplaced)      0.584     2.958    FPGA_clk_IBUF_BUFG
                         FDCE                                         r  rstn_sync1_reg/C
  -------------------------------------------------------------------    -------------------
                         FDCE (Prop_fdce_C_Q)         0.456     3.414 r  rstn_sync1_reg/Q
                         net (fo=1, unplaced)         0.311     3.725    u_test_circuit/rstn_sync1
                         LUT1 (Prop_lut1_I0_O)        0.295     4.020 f  u_test_circuit/start_sync0_i_1/O
                         net (fo=290, unplaced)       0.902     4.922    u_test_circuit/start_sync0_i_1_n_0
                         FDCE                                         f  u_test_circuit/addr_counter_q_reg[0]/CLR
  -------------------------------------------------------------------    -------------------

                         (clock sys_clk rise edge)   10.000    10.000 r  
    P17                                               0.000    10.000 r  FPGA_clk (IN)
                         net (fo=0)                   0.000    10.000    FPGA_clk
    P17                  IBUF (Prop_ibuf_I_O)         1.408    11.408 r  FPGA_clk_IBUF_inst/O
                         net (fo=1, unplaced)         0.760    12.168    FPGA_clk_IBUF
                         BUFG (Prop_bufg_I_O)         0.091    12.259 r  FPGA_clk_IBUF_BUFG_inst/O
                         net (fo=2105, unplaced)      0.439    12.698    u_test_circuit/FPGA_clk_IBUF_BUFG
                         FDCE                                         r  u_test_circuit/addr_counter_q_reg[0]/C
                         clock pessimism              0.116    12.813    
                         clock uncertainty           -0.035    12.778    
                         FDCE (Recov_fdce_C_CLR)     -0.409    12.369    u_test_circuit/addr_counter_q_reg[0]
  -------------------------------------------------------------------
                         required time                         12.369    
                         arrival time                          -4.922    
  -------------------------------------------------------------------
                         slack                                  7.447    





Min Delay Paths
--------------------------------------------------------------------------------------
Slack (MET) :             0.699ns  (arrival time - required time)
  Source:                 rstn_sync1_reg/C
                            (rising edge-triggered cell FDCE clocked by sys_clk  {rise@0.000ns fall@5.000ns period=10.000ns})
  Destination:            u_test_circuit/addr_counter_q_reg[0]/CLR
                            (removal check against rising-edge clock sys_clk  {rise@0.000ns fall@5.000ns period=10.000ns})
  Path Group:             **async_default**
  Path Type:              Removal (Min at Fast Process Corner)
  Requirement:            0.000ns  (sys_clk rise@0.000ns - sys_clk rise@0.000ns)
  Data Path Delay:        0.750ns  (logic 0.239ns (31.854%)  route 0.511ns (68.146%))
  Logic Levels:           1  (LUT1=1)
  Clock Path Skew:        0.145ns (DCD - SCD - CPR)
    Destination Clock Delay (DCD):    1.077ns
    Source Clock Delay      (SCD):    0.723ns
    Clock Pessimism Removal (CPR):    0.209ns

    Location             Delay type                Incr(ns)  Path(ns)    Netlist Resource(s)
  -------------------------------------------------------------------    -------------------
                         (clock sys_clk rise edge)    0.000     0.000 r  
    P17                                               0.000     0.000 r  FPGA_clk (IN)
                         net (fo=0)                   0.000     0.000    FPGA_clk
    P17                  IBUF (Prop_ibuf_I_O)         0.246     0.246 r  FPGA_clk_IBUF_inst/O
                         net (fo=1, unplaced)         0.337     0.583    FPGA_clk_IBUF
                         BUFG (Prop_bufg_I_O)         0.026     0.609 r  FPGA_clk_IBUF_BUFG_inst/O
                         net (fo=2105, unplaced)      0.114     0.723    FPGA_clk_IBUF_BUFG
                         FDCE                                         r  rstn_sync1_reg/C
  -------------------------------------------------------------------    -------------------
                         FDCE (Prop_fdce_C_Q)         0.141     0.864 r  rstn_sync1_reg/Q
                         net (fo=1, unplaced)         0.131     0.995    u_test_circuit/rstn_sync1
                         LUT1 (Prop_lut1_I0_O)        0.098     1.093 f  u_test_circuit/start_sync0_i_1/O
                         net (fo=290, unplaced)       0.380     1.474    u_test_circuit/start_sync0_i_1_n_0
                         FDCE                                         f  u_test_circuit/addr_counter_q_reg[0]/CLR
  -------------------------------------------------------------------    -------------------

                         (clock sys_clk rise edge)    0.000     0.000 r  
    P17                                               0.000     0.000 r  FPGA_clk (IN)
                         net (fo=0)                   0.000     0.000    FPGA_clk
    P17                  IBUF (Prop_ibuf_I_O)         0.434     0.434 r  FPGA_clk_IBUF_inst/O
                         net (fo=1, unplaced)         0.355     0.789    FPGA_clk_IBUF
                         BUFG (Prop_bufg_I_O)         0.029     0.818 r  FPGA_clk_IBUF_BUFG_inst/O
                         net (fo=2105, unplaced)      0.259     1.077    u_test_circuit/FPGA_clk_IBUF_BUFG
                         FDCE                                         r  u_test_circuit/addr_counter_q_reg[0]/C
                         clock pessimism             -0.209     0.868    
                         FDCE (Remov_fdce_C_CLR)     -0.094     0.774    u_test_circuit/addr_counter_q_reg[0]
  -------------------------------------------------------------------
                         required time                         -0.774    
                         arrival time                           1.474    
  -------------------------------------------------------------------
                         slack                                  0.699    





