Copyright 1986-2022 Xilinx, Inc. All Rights Reserved.
-----------------------------------------------------------------------------------------------------------------------------------------
| Tool Version : Vivado v.2022.1 (win64) Build 3526262 Mon Apr 18 15:48:16 MDT 2022
| Date         : Sun May 24 12:01:19 2026
| Host         : MSI running 64-bit major release  (build 9200)
| Command      : report_timing_summary -file C:/Users/User/DSD_Lab/Final/DSD_final_project/reports/timing_post_impl_nocache_tc0_impl.rpt
| Design       : RISCV_CNN
| Device       : 7a35t-csg324
| Speed File   : -1  PRODUCTION 1.23 2018-06-13
-----------------------------------------------------------------------------------------------------------------------------------------

Timing Summary Report

------------------------------------------------------------------------------------------------
| Timer Settings
| --------------
------------------------------------------------------------------------------------------------

  Enable Multi Corner Analysis               :  Yes
  Enable Pessimism Removal                   :  Yes
  Pessimism Removal Resolution               :  Nearest Common Node
  Enable Input Delay Default Clock           :  No
  Enable Preset / Clear Arcs                 :  No
  Disable Flight Delays                      :  No
  Ignore I/O Paths                           :  No
  Timing Early Launch at Borrowing Latches   :  No
  Borrow Time for Max Delay Exceptions       :  Yes
  Merge Timing Exceptions                    :  Yes

  Corner  Analyze    Analyze    
  Name    Max Paths  Min Paths  
  ------  ---------  ---------  
  Slow    Yes        Yes        
  Fast    Yes        Yes        


------------------------------------------------------------------------------------------------
| Report Methodology
| ------------------
------------------------------------------------------------------------------------------------

No report available as report_methodology has not been run prior. Run report_methodology on the current design for the summary of methodology violations.



check_timing report

Table of Contents
-----------------
1. checking no_clock (0)
2. checking constant_clock (0)
3. checking pulse_width_clock (0)
4. checking unconstrained_internal_endpoints (0)
5. checking no_input_delay (7)
6. checking no_output_delay (11)
7. checking multiple_clock (0)
8. checking generated_clocks (0)
9. checking loops (0)
10. checking partial_input_delay (0)
11. checking partial_output_delay (0)
12. checking latch_loops (0)

1. checking no_clock (0)
------------------------
 There are 0 register/latch pins with no clock.


2. checking constant_clock (0)
------------------------------
 There are 0 register/latch pins with constant_clock.


3. checking pulse_width_clock (0)
---------------------------------
 There are 0 register/latch pins which need pulse_width check


4. checking unconstrained_internal_endpoints (0)
------------------------------------------------
 There are 0 pins that are not constrained for maximum delay.

 There are 0 pins that are not constrained for maximum delay due to constant clock.


5. checking no_input_delay (7)
------------------------------
 There are 7 input ports with no input delay specified. (HIGH)

 There are 0 input ports with no input delay but user has a false path constraint.


6. checking no_output_delay (11)
--------------------------------
 There are 11 ports with no output delay specified. (HIGH)

 There are 0 ports with no output delay but user has a false path constraint

 There are 0 ports with no output delay but with a timing clock defined on it or propagating through it


7. checking multiple_clock (0)
------------------------------
 There are 0 register/latch pins with multiple clocks.


8. checking generated_clocks (0)
--------------------------------
 There are 0 generated clocks that are not connected to a clock source.


9. checking loops (0)
---------------------
 There are 0 combinational loops in the design.


10. checking partial_input_delay (0)
------------------------------------
 There are 0 input ports with partial input delay specified.


11. checking partial_output_delay (0)
-------------------------------------
 There are 0 ports with partial output delay specified.


12. checking latch_loops (0)
----------------------------
 There are 0 combinational latch loops in the design through latch input



------------------------------------------------------------------------------------------------
| Design Timing Summary
| ---------------------
------------------------------------------------------------------------------------------------

    WNS(ns)      TNS(ns)  TNS Failing Endpoints  TNS Total Endpoints      WHS(ns)      THS(ns)  THS Failing Endpoints  THS Total Endpoints     WPWS(ns)     TPWS(ns)  TPWS Failing Endpoints  TPWS Total Endpoints  
    -------      -------  ---------------------  -------------------      -------      -------  ---------------------  -------------------     --------     --------  ----------------------  --------------------  
      0.731        0.000                      0                 5785        0.033        0.000                      0                 5785        4.500        0.000                       0                  1902  


All user specified timing constraints are met.


------------------------------------------------------------------------------------------------
| Clock Summary
| -------------
------------------------------------------------------------------------------------------------

Clock    Waveform(ns)       Period(ns)      Frequency(MHz)
-----    ------------       ----------      --------------
sys_clk  {0.000 5.000}      10.000          100.000         


------------------------------------------------------------------------------------------------
| Intra Clock Table
| -----------------
------------------------------------------------------------------------------------------------

Clock             WNS(ns)      TNS(ns)  TNS Failing Endpoints  TNS Total Endpoints      WHS(ns)      THS(ns)  THS Failing Endpoints  THS Total Endpoints     WPWS(ns)     TPWS(ns)  TPWS Failing Endpoints  TPWS Total Endpoints  
-----             -------      -------  ---------------------  -------------------      -------      -------  ---------------------  -------------------     --------     --------  ----------------------  --------------------  
sys_clk             0.731        0.000                      0                 5494        0.033        0.000                      0                 5494        4.500        0.000                       0                  1902  


------------------------------------------------------------------------------------------------
| Inter Clock Table
| -----------------
------------------------------------------------------------------------------------------------

From Clock    To Clock          WNS(ns)      TNS(ns)  TNS Failing Endpoints  TNS Total Endpoints      WHS(ns)      THS(ns)  THS Failing Endpoints  THS Total Endpoints  
----------    --------          -------      -------  ---------------------  -------------------      -------      -------  ---------------------  -------------------  


------------------------------------------------------------------------------------------------
| Other Path Groups Table
| -----------------------
------------------------------------------------------------------------------------------------

Path Group         From Clock         To Clock               WNS(ns)      TNS(ns)  TNS Failing Endpoints  TNS Total Endpoints      WHS(ns)      THS(ns)  THS Failing Endpoints  THS Total Endpoints  
----------         ----------         --------               -------      -------  ---------------------  -------------------      -------      -------  ---------------------  -------------------  
**async_default**  sys_clk            sys_clk                  4.126        0.000                      0                  291        0.458        0.000                      0                  291  


------------------------------------------------------------------------------------------------
| Timing Details
| --------------
------------------------------------------------------------------------------------------------


---------------------------------------------------------------------------------------------------
From Clock:  sys_clk
  To Clock:  sys_clk

Setup :            0  Failing Endpoints,  Worst Slack        0.731ns,  Total Violation        0.000ns
Hold  :            0  Failing Endpoints,  Worst Slack        0.033ns,  Total Violation        0.000ns
PW    :            0  Failing Endpoints,  Worst Slack        4.500ns,  Total Violation        0.000ns
---------------------------------------------------------------------------------------------------


Max Delay Paths
--------------------------------------------------------------------------------------
Slack (MET) :             0.731ns  (required time - arrival time)
  Source:                 u_test_circuit/result_valid_reg[3]/C
                            (rising edge-triggered cell FDCE clocked by sys_clk  {rise@0.000ns fall@5.000ns period=10.000ns})
  Destination:            u_test_circuit/display_value_q_reg[5]/D
                            (rising edge-triggered cell FDCE clocked by sys_clk  {rise@0.000ns fall@5.000ns period=10.000ns})
  Path Group:             sys_clk
  Path Type:              Setup (Max at Slow Process Corner)
  Requirement:            10.000ns  (sys_clk rise@10.000ns - sys_clk rise@0.000ns)
  Data Path Delay:        9.271ns  (logic 3.531ns (38.087%)  route 5.740ns (61.913%))
  Logic Levels:           11  (CARRY4=2 LUT2=1 LUT3=1 LUT4=2 LUT6=5)
  Clock Path Skew:        -0.044ns (DCD - SCD + CPR)
    Destination Clock Delay (DCD):    4.809ns = ( 14.809 - 10.000 ) 
    Source Clock Delay      (SCD):    5.112ns
    Clock Pessimism Removal (CPR):    0.259ns
  Clock Uncertainty:      0.035ns  ((TSJ^2 + TIJ^2)^1/2 + DJ) / 2 + PE
    Total System Jitter     (TSJ):    0.071ns
    Total Input Jitter      (TIJ):    0.000ns
    Discrete Jitter          (DJ):    0.000ns
    Phase Error              (PE):    0.000ns

    Location             Delay type                Incr(ns)  Path(ns)    Netlist Resource(s)
  -------------------------------------------------------------------    -------------------
                         (clock sys_clk rise edge)    0.000     0.000 r  
    P17                                               0.000     0.000 r  clk (IN)
                         net (fo=0)                   0.000     0.000    clk
    P17                  IBUF (Prop_ibuf_I_O)         1.478     1.478 r  clk_IBUF_inst/O
                         net (fo=1, routed)           1.972     3.450    clk_IBUF
    BUFGCTRL_X0Y0        BUFG (Prop_bufg_I_O)         0.096     3.546 r  clk_IBUF_BUFG_inst/O
                         net (fo=1901, routed)        1.566     5.112    u_test_circuit/clk_IBUF_BUFG
    SLICE_X48Y12         FDCE                                         r  u_test_circuit/result_valid_reg[3]/C
  -------------------------------------------------------------------    -------------------
    SLICE_X48Y12         FDCE (Prop_fdce_C_Q)         0.419     5.531 f  u_test_circuit/result_valid_reg[3]/Q
                         net (fo=4, routed)           0.897     6.428    u_test_circuit/result_valid_reg_n_0_[3]
    SLICE_X48Y12         LUT6 (Prop_lut6_I0_O)        0.296     6.724 r  u_test_circuit/display_value_q[4]_i_18/O
                         net (fo=7, routed)           0.926     7.651    u_test_circuit/display_value_q[4]_i_18_n_0
    SLICE_X46Y12         LUT3 (Prop_lut3_I0_O)        0.152     7.803 r  u_test_circuit/display_value_q[7]_i_17/O
                         net (fo=2, routed)           0.428     8.231    u_test_circuit/display_value_q[7]_i_17_n_0
    SLICE_X44Y12         LUT6 (Prop_lut6_I0_O)        0.348     8.579 r  u_test_circuit/display_value_q[7]_i_18/O
                         net (fo=2, routed)           0.633     9.212    u_test_circuit/display_value_q[7]_i_18_n_0
    SLICE_X44Y12         LUT4 (Prop_lut4_I0_O)        0.150     9.362 r  u_test_circuit/display_value_q[7]_i_16/O
                         net (fo=6, routed)           0.481     9.843    u_test_circuit/display_value_q[7]_i_16_n_0
    SLICE_X44Y12         LUT2 (Prop_lut2_I1_O)        0.321    10.164 r  u_test_circuit/display_value_q[7]_i_7/O
                         net (fo=2, routed)           0.506    10.670    u_test_circuit/display_value_q[7]_i_7_n_0
    SLICE_X43Y12         LUT6 (Prop_lut6_I0_O)        0.332    11.002 r  u_test_circuit/display_value_q[7]_i_10/O
                         net (fo=1, routed)           0.000    11.002    u_test_circuit/display_value_q[7]_i_10_n_0
    SLICE_X43Y12         CARRY4 (Prop_carry4_S[2]_CO[3])
                                                      0.398    11.400 r  u_test_circuit/display_value_q_reg[7]_i_4/CO[3]
                         net (fo=1, routed)           0.000    11.400    u_test_circuit/display_value_q_reg[7]_i_4_n_0
    SLICE_X43Y13         CARRY4 (Prop_carry4_CI_O[1])
                                                      0.334    11.734 r  u_test_circuit/display_value_q_reg[6]_i_2/O[1]
                         net (fo=10, routed)          0.683    12.416    u_test_circuit/display_value_q_reg[6]_i_2_n_6
    SLICE_X42Y14         LUT4 (Prop_lut4_I0_O)        0.329    12.745 f  u_test_circuit/display_value_q[5]_i_3/O
                         net (fo=1, routed)           0.619    13.364    u_test_circuit/display_value_q[5]_i_3_n_0
    SLICE_X42Y14         LUT6 (Prop_lut6_I0_O)        0.328    13.692 f  u_test_circuit/display_value_q[5]_i_2/O
                         net (fo=1, routed)           0.567    14.259    u_test_circuit/display_value_q[5]_i_2_n_0
    SLICE_X42Y14         LUT6 (Prop_lut6_I0_O)        0.124    14.383 r  u_test_circuit/display_value_q[5]_i_1/O
                         net (fo=1, routed)           0.000    14.383    u_test_circuit/display_value_q[5]_i_1_n_0
    SLICE_X42Y14         FDCE                                         r  u_test_circuit/display_value_q_reg[5]/D
  -------------------------------------------------------------------    -------------------

                         (clock sys_clk rise edge)   10.000    10.000 r  
    P17                                               0.000    10.000 r  clk (IN)
                         net (fo=0)                   0.000    10.000    clk
    P17                  IBUF (Prop_ibuf_I_O)         1.408    11.408 r  clk_IBUF_inst/O
                         net (fo=1, routed)           1.868    13.276    clk_IBUF
    BUFGCTRL_X0Y0        BUFG (Prop_bufg_I_O)         0.091    13.367 r  clk_IBUF_BUFG_inst/O
                         net (fo=1901, routed)        1.442    14.809    u_test_circuit/clk_IBUF_BUFG
    SLICE_X42Y14         FDCE                                         r  u_test_circuit/display_value_q_reg[5]/C
                         clock pessimism              0.259    15.068    
                         clock uncertainty           -0.035    15.033    
    SLICE_X42Y14         FDCE (Setup_fdce_C_D)        0.081    15.114    u_test_circuit/display_value_q_reg[5]
  -------------------------------------------------------------------
                         required time                         15.114    
                         arrival time                         -14.383    
  -------------------------------------------------------------------
                         slack                                  0.731    





Min Delay Paths
--------------------------------------------------------------------------------------
Slack (MET) :             0.033ns  (arrival time - required time)
  Source:                 u_cnn/dinb_reg[25]/C
                            (rising edge-triggered cell FDRE clocked by sys_clk  {rise@0.000ns fall@5.000ns period=10.000ns})
  Destination:            u_data_mem/U0/inst_blk_mem_gen/gnbram.gnativebmg.native_blk_mem_gen/valid.cstr/ramloop[0].ram.r/prim_noinit.ram/DEVICE_7SERIES.NO_BMM_INFO.TRUE_DP.SIMPLE_PRIM36.ram/DIBDI[25]
                            (rising edge-triggered cell RAMB36E1 clocked by sys_clk  {rise@0.000ns fall@5.000ns period=10.000ns})
  Path Group:             sys_clk
  Path Type:              Hold (Min at Fast Process Corner)
  Requirement:            0.000ns  (sys_clk rise@0.000ns - sys_clk rise@0.000ns)
  Data Path Delay:        0.248ns  (logic 0.141ns (56.898%)  route 0.107ns (43.102%))
  Logic Levels:           0  
  Clock Path Skew:        0.059ns (DCD - SCD - CPR)
    Destination Clock Delay (DCD):    2.023ns
    Source Clock Delay      (SCD):    1.464ns
    Clock Pessimism Removal (CPR):    0.499ns

    Location             Delay type                Incr(ns)  Path(ns)    Netlist Resource(s)
  -------------------------------------------------------------------    -------------------
                         (clock sys_clk rise edge)    0.000     0.000 r  
    P17                                               0.000     0.000 r  clk (IN)
                         net (fo=0)                   0.000     0.000    clk
    P17                  IBUF (Prop_ibuf_I_O)         0.246     0.246 r  clk_IBUF_inst/O
                         net (fo=1, routed)           0.634     0.880    clk_IBUF
    BUFGCTRL_X0Y0        BUFG (Prop_bufg_I_O)         0.026     0.906 r  clk_IBUF_BUFG_inst/O
                         net (fo=1901, routed)        0.558     1.464    u_cnn/clk_IBUF_BUFG
    SLICE_X49Y19         FDRE                                         r  u_cnn/dinb_reg[25]/C
  -------------------------------------------------------------------    -------------------
    SLICE_X49Y19         FDRE (Prop_fdre_C_Q)         0.141     1.605 r  u_cnn/dinb_reg[25]/Q
                         net (fo=1, routed)           0.107     1.712    u_data_mem/U0/inst_blk_mem_gen/gnbram.gnativebmg.native_blk_mem_gen/valid.cstr/ramloop[0].ram.r/prim_noinit.ram/dinb[25]
    RAMB36_X1Y3          RAMB36E1                                     r  u_data_mem/U0/inst_blk_mem_gen/gnbram.gnativebmg.native_blk_mem_gen/valid.cstr/ramloop[0].ram.r/prim_noinit.ram/DEVICE_7SERIES.NO_BMM_INFO.TRUE_DP.SIMPLE_PRIM36.ram/DIBDI[25]
  -------------------------------------------------------------------    -------------------

                         (clock sys_clk rise edge)    0.000     0.000 r  
    P17                                               0.000     0.000 r  clk (IN)
                         net (fo=0)                   0.000     0.000    clk
    P17                  IBUF (Prop_ibuf_I_O)         0.434     0.434 r  clk_IBUF_inst/O
                         net (fo=1, routed)           0.689     1.123    clk_IBUF
    BUFGCTRL_X0Y0        BUFG (Prop_bufg_I_O)         0.029     1.152 r  clk_IBUF_BUFG_inst/O
                         net (fo=1901, routed)        0.871     2.023    u_data_mem/U0/inst_blk_mem_gen/gnbram.gnativebmg.native_blk_mem_gen/valid.cstr/ramloop[0].ram.r/prim_noinit.ram/clka
    RAMB36_X1Y3          RAMB36E1                                     r  u_data_mem/U0/inst_blk_mem_gen/gnbram.gnativebmg.native_blk_mem_gen/valid.cstr/ramloop[0].ram.r/prim_noinit.ram/DEVICE_7SERIES.NO_BMM_INFO.TRUE_DP.SIMPLE_PRIM36.ram/CLKBWRCLK
                         clock pessimism             -0.499     1.523    
    RAMB36_X1Y3          RAMB36E1 (Hold_ramb36e1_CLKBWRCLK_DIBDI[25])
                                                      0.155     1.678    u_data_mem/U0/inst_blk_mem_gen/gnbram.gnativebmg.native_blk_mem_gen/valid.cstr/ramloop[0].ram.r/prim_noinit.ram/DEVICE_7SERIES.NO_BMM_INFO.TRUE_DP.SIMPLE_PRIM36.ram
  -------------------------------------------------------------------
                         required time                         -1.678    
                         arrival time                           1.712    
  -------------------------------------------------------------------
                         slack                                  0.033    





Pulse Width Checks
--------------------------------------------------------------------------------------
Clock Name:         sys_clk
Waveform(ns):       { 0.000 5.000 }
Period(ns):         10.000
Sources:            { clk }

Check Type        Corner  Lib Pin             Reference Pin  Required(ns)  Actual(ns)  Slack(ns)  Location      Pin
Min Period        n/a     RAMB36E1/CLKARDCLK  n/a            2.944         10.000      7.056      RAMB36_X1Y3   u_data_mem/U0/inst_blk_mem_gen/gnbram.gnativebmg.native_blk_mem_gen/valid.cstr/ramloop[0].ram.r/prim_noinit.ram/DEVICE_7SERIES.NO_BMM_INFO.TRUE_DP.SIMPLE_PRIM36.ram/CLKARDCLK
Low Pulse Width   Slow    FDCE/C              n/a            0.500         5.000       4.500      SLICE_X43Y17  cnn_start_latched_reg/C
High Pulse Width  Slow    FDCE/C              n/a            0.500         5.000       4.500      SLICE_X43Y17  cnn_start_latched_reg/C



---------------------------------------------------------------------------------------------------
Path Group:  **async_default**
From Clock:  sys_clk
  To Clock:  sys_clk

Setup :            0  Failing Endpoints,  Worst Slack        4.126ns,  Total Violation        0.000ns
Hold  :            0  Failing Endpoints,  Worst Slack        0.458ns,  Total Violation        0.000ns
---------------------------------------------------------------------------------------------------


Max Delay Paths
--------------------------------------------------------------------------------------
Slack (MET) :             4.126ns  (required time - arrival time)
  Source:                 rstn_sync1_reg/C
                            (rising edge-triggered cell FDCE clocked by sys_clk  {rise@0.000ns fall@5.000ns period=10.000ns})
  Destination:            u_test_circuit/result_pass_reg[4]/CLR
                            (recovery check against rising-edge clock sys_clk  {rise@0.000ns fall@5.000ns period=10.000ns})
  Path Group:             **async_default**
  Path Type:              Recovery (Max at Slow Process Corner)
  Requirement:            10.000ns  (sys_clk rise@10.000ns - sys_clk rise@0.000ns)
  Data Path Delay:        5.403ns  (logic 0.580ns (10.735%)  route 4.823ns (89.265%))
  Logic Levels:           1  (LUT1=1)
  Clock Path Skew:        -0.031ns (DCD - SCD + CPR)
    Destination Clock Delay (DCD):    4.813ns = ( 14.813 - 10.000 ) 
    Source Clock Delay      (SCD):    5.103ns
    Clock Pessimism Removal (CPR):    0.259ns
  Clock Uncertainty:      0.035ns  ((TSJ^2 + TIJ^2)^1/2 + DJ) / 2 + PE
    Total System Jitter     (TSJ):    0.071ns
    Total Input Jitter      (TIJ):    0.000ns
    Discrete Jitter          (DJ):    0.000ns
    Phase Error              (PE):    0.000ns

    Location             Delay type                Incr(ns)  Path(ns)    Netlist Resource(s)
  -------------------------------------------------------------------    -------------------
                         (clock sys_clk rise edge)    0.000     0.000 r  
    P17                                               0.000     0.000 r  clk (IN)
                         net (fo=0)                   0.000     0.000    clk
    P17                  IBUF (Prop_ibuf_I_O)         1.478     1.478 r  clk_IBUF_inst/O
                         net (fo=1, routed)           1.972     3.450    clk_IBUF
    BUFGCTRL_X0Y0        BUFG (Prop_bufg_I_O)         0.096     3.546 r  clk_IBUF_BUFG_inst/O
                         net (fo=1901, routed)        1.557     5.103    clk_IBUF_BUFG
    SLICE_X36Y16         FDCE                                         r  rstn_sync1_reg/C
  -------------------------------------------------------------------    -------------------
    SLICE_X36Y16         FDCE (Prop_fdce_C_Q)         0.456     5.559 r  rstn_sync1_reg/Q
                         net (fo=1, routed)           0.658     6.217    u_test_circuit/rstn_sync1
    SLICE_X36Y16         LUT1 (Prop_lut1_I0_O)        0.124     6.341 f  u_test_circuit/start_sync0_i_1/O
                         net (fo=291, routed)         4.165    10.506    u_test_circuit/start_sync0_i_1_n_0
    SLICE_X48Y13         FDCE                                         f  u_test_circuit/result_pass_reg[4]/CLR
  -------------------------------------------------------------------    -------------------

                         (clock sys_clk rise edge)   10.000    10.000 r  
    P17                                               0.000    10.000 r  clk (IN)
                         net (fo=0)                   0.000    10.000    clk
    P17                  IBUF (Prop_ibuf_I_O)         1.408    11.408 r  clk_IBUF_inst/O
                         net (fo=1, routed)           1.868    13.276    clk_IBUF
    BUFGCTRL_X0Y0        BUFG (Prop_bufg_I_O)         0.091    13.367 r  clk_IBUF_BUFG_inst/O
                         net (fo=1901, routed)        1.446    14.813    u_test_circuit/clk_IBUF_BUFG
    SLICE_X48Y13         FDCE                                         r  u_test_circuit/result_pass_reg[4]/C
                         clock pessimism              0.259    15.072    
                         clock uncertainty           -0.035    15.037    
    SLICE_X48Y13         FDCE (Recov_fdce_C_CLR)     -0.405    14.632    u_test_circuit/result_pass_reg[4]
  -------------------------------------------------------------------
                         required time                         14.632    
                         arrival time                         -10.506    
  -------------------------------------------------------------------
                         slack                                  4.126    





Min Delay Paths
--------------------------------------------------------------------------------------
Slack (MET) :             0.458ns  (arrival time - required time)
  Source:                 rstn_sync1_reg/C
                            (rising edge-triggered cell FDCE clocked by sys_clk  {rise@0.000ns fall@5.000ns period=10.000ns})
  Destination:            u_test_circuit/cycle_counter_reg[22]/CLR
                            (removal check against rising-edge clock sys_clk  {rise@0.000ns fall@5.000ns period=10.000ns})
  Path Group:             **async_default**
  Path Type:              Removal (Min at Fast Process Corner)
  Requirement:            0.000ns  (sys_clk rise@0.000ns - sys_clk rise@0.000ns)
  Data Path Delay:        0.653ns  (logic 0.186ns (28.463%)  route 0.467ns (71.537%))
  Logic Levels:           1  (LUT1=1)
  Clock Path Skew:        0.262ns (DCD - SCD - CPR)
    Destination Clock Delay (DCD):    1.976ns
    Source Clock Delay      (SCD):    1.464ns
    Clock Pessimism Removal (CPR):    0.250ns

    Location             Delay type                Incr(ns)  Path(ns)    Netlist Resource(s)
  -------------------------------------------------------------------    -------------------
                         (clock sys_clk rise edge)    0.000     0.000 r  
    P17                                               0.000     0.000 r  clk (IN)
                         net (fo=0)                   0.000     0.000    clk
    P17                  IBUF (Prop_ibuf_I_O)         0.246     0.246 r  clk_IBUF_inst/O
                         net (fo=1, routed)           0.634     0.880    clk_IBUF
    BUFGCTRL_X0Y0        BUFG (Prop_bufg_I_O)         0.026     0.906 r  clk_IBUF_BUFG_inst/O
                         net (fo=1901, routed)        0.558     1.464    clk_IBUF_BUFG
    SLICE_X36Y16         FDCE                                         r  rstn_sync1_reg/C
  -------------------------------------------------------------------    -------------------
    SLICE_X36Y16         FDCE (Prop_fdce_C_Q)         0.141     1.605 r  rstn_sync1_reg/Q
                         net (fo=1, routed)           0.221     1.826    u_test_circuit/rstn_sync1
    SLICE_X36Y16         LUT1 (Prop_lut1_I0_O)        0.045     1.871 f  u_test_circuit/start_sync0_i_1/O
                         net (fo=291, routed)         0.247     2.117    u_test_circuit/start_sync0_i_1_n_0
    SLICE_X34Y15         FDCE                                         f  u_test_circuit/cycle_counter_reg[22]/CLR
  -------------------------------------------------------------------    -------------------

                         (clock sys_clk rise edge)    0.000     0.000 r  
    P17                                               0.000     0.000 r  clk (IN)
                         net (fo=0)                   0.000     0.000    clk
    P17                  IBUF (Prop_ibuf_I_O)         0.434     0.434 r  clk_IBUF_inst/O
                         net (fo=1, routed)           0.689     1.123    clk_IBUF
    BUFGCTRL_X0Y0        BUFG (Prop_bufg_I_O)         0.029     1.152 r  clk_IBUF_BUFG_inst/O
                         net (fo=1901, routed)        0.825     1.976    u_test_circuit/clk_IBUF_BUFG
    SLICE_X34Y15         FDCE                                         r  u_test_circuit/cycle_counter_reg[22]/C
                         clock pessimism             -0.250     1.726    
    SLICE_X34Y15         FDCE (Remov_fdce_C_CLR)     -0.067     1.659    u_test_circuit/cycle_counter_reg[22]
  -------------------------------------------------------------------
                         required time                         -1.659    
                         arrival time                           2.117    
  -------------------------------------------------------------------
                         slack                                  0.458    





