********************************************************************************
* Unified simulation Tcl App stack trace dump
*
* File: .usf.tcl_error.log (Mon May 18 15:12:31 2026)
*
* This file is generated by the unified simulation automation and contains the
* tcl stack trace of error returned by the simulator App for the current run.
*
********************************************************************************
ERROR: [Common 17-1294] Unable to create directory [C:/Users/User/Final/DSD_final_project/final/final.sim/sim_1/synth/func/xsim].

    while executing
"write_verilog -mode funcsim -nolib -force -file "C:/Users/User//Final/DSD_final_project/final/final.sim/sim_1/synth/func/xsim/tb_finalproject_func_syn..."
    ("eval" body line 1)
    invoked from within
"eval "write_verilog $wv_args""
    invoked from within
"if { {.v} == $extn } {
        send_msg_id SIM-utils-025 INFO "write_verilog $wv_args"
        eval "write_verilog $wv_args"
      } else {
        se..."
    ("post_synth_sim" arm line 58)
    invoked from within
"switch -regexp -- $s_simulation_flow {
    {post_synth_sim} {
      if { {RTL} == $design_mode } {
        if { [get_param "project.checkRunResultsFor..."
    (procedure "xcs_write_design_netlist" line 25)
    invoked from within
"xcs_write_design_netlist $a_sim_vars(s_simset)           $a_sim_vars(s_simulation_flow)  $a_sim_vars(s_type)             $a_sim_vars(s_sim_top)       ..."
    (procedure "usf_xsim_setup_simulation" line 58)
    invoked from within
"usf_xsim_setup_simulation"
    invoked from within
"if { [usf_xsim_setup_simulation] } {
    return 1
  }"
    (procedure "tclapp::xilinx::xsim::setup" line 24)
    invoked from within
"tclapp::xilinx::xsim::setup { -simset sim_1 -mode post-synthesis -type functional -run_dir C:/Users/User/DSD_Lab/Final/DSD_final_project/final/final.s..."
