#-----------------------------------------------------------
# Vivado v2022.1 (64-bit)
# SW Build 3526262 on Mon Apr 18 15:48:16 MDT 2022
# IP Build 3524634 on Mon Apr 18 20:55:01 MDT 2022
# Start of session at: Mon May 18 16:14:10 2026
# Process ID: 37408
# Current directory: C:/Users/User/DSD_Lab/Final/DSD_final_project/final
# Command line: vivado.exe -gui_launcher_event rodinguilauncherevent19652 C:\Users\User\DSD_Lab\Final\DSD_final_project\final\final.xpr
# Log file: C:/Users/User/DSD_Lab/Final/DSD_final_project/final/vivado.log
# Journal file: C:/Users/User/DSD_Lab/Final/DSD_final_project/final\vivado.jou
# Running On: MSI, OS: Windows, CPU Frequency: 1797 MHz, CPU Physical cores: 16, Host memory: 33677 MB
#-----------------------------------------------------------
start_gui
open_project C:/Users/User/DSD_Lab/Final/DSD_final_project/final/final.xpr
WARNING: [Board 49-26] cannot add Board Part xilinx.com:kc705:part0:1.6 available at C:/Xilinx/Vivado/2022.1/data/xhub/boards/XilinxBoardStore/boards/Xilinx/kc705/1.6/board.xml as part xc7k325tffg900-2 specified in board_part file is either invalid or not available
WARNING: [Board 49-26] cannot add Board Part xilinx.com:kcu105:part0:1.6 available at C:/Xilinx/Vivado/2022.1/data/xhub/boards/XilinxBoardStore/boards/Xilinx/kcu105/1.6/board.xml as part xcku040-ffva1156-2-e specified in board_part file is either invalid or not available
WARNING: [Board 49-26] cannot add Board Part xilinx.com:kcu105:part0:1.7 available at C:/Xilinx/Vivado/2022.1/data/xhub/boards/XilinxBoardStore/boards/Xilinx/kcu105/1.7/board.xml as part xcku040-ffva1156-2-e specified in board_part file is either invalid or not available
WARNING: [Board 49-26] cannot add Board Part xilinx.com:kcu1500:part0:1.2 available at C:/Xilinx/Vivado/2022.1/data/xhub/boards/XilinxBoardStore/boards/Xilinx/kcu1500/1.2/board.xml as part xcku115-flvb2104-2-e specified in board_part file is either invalid or not available
WARNING: [Board 49-26] cannot add Board Part xilinx.com:vc707:part0:1.4 available at C:/Xilinx/Vivado/2022.1/data/xhub/boards/XilinxBoardStore/boards/Xilinx/vc707/1.4/board.xml as part xc7vx485tffg1761-2 specified in board_part file is either invalid or not available
WARNING: [Board 49-26] cannot add Board Part xilinx.com:vc709:part0:1.8 available at C:/Xilinx/Vivado/2022.1/data/xhub/boards/XilinxBoardStore/boards/Xilinx/vc709/1.8/board.xml as part xc7vx690tffg1761-2 specified in board_part file is either invalid or not available
WARNING: [Board 49-26] cannot add Board Part xilinx.com:vck190:part0:2.2 available at C:/Xilinx/Vivado/2022.1/data/xhub/boards/XilinxBoardStore/boards/Xilinx/vck190/production/2.2/board.xml as part xcvc1902-vsva2197-2mp-e-s specified in board_part file is either invalid or not available
WARNING: [Board 49-26] cannot add Board Part xilinx.com:vck190:part0:3.0 available at C:/Xilinx/Vivado/2022.1/data/xhub/boards/XilinxBoardStore/boards/Xilinx/vck190/production/3.0/board.xml as part xcvc1902-vsva2197-2mp-e-s specified in board_part file is either invalid or not available
WARNING: [Board 49-26] cannot add Board Part xilinx.com:vck190_newl:part0:1.0 available at C:/Xilinx/Vivado/2022.1/data/xhub/boards/XilinxBoardStore/boards/Xilinx/vck190_newl/production/1.0/board.xml as part xcvc1902-vsva2197-2mp-e-s specified in board_part file is either invalid or not available
WARNING: [Board 49-26] cannot add Board Part xilinx.com:vcu108:part0:1.6 available at C:/Xilinx/Vivado/2022.1/data/xhub/boards/XilinxBoardStore/boards/Xilinx/vcu108/1.6/board.xml as part xcvu095-ffva2104-2-e specified in board_part file is either invalid or not available
WARNING: [Board 49-26] cannot add Board Part xilinx.com:vcu108:part0:1.7 available at C:/Xilinx/Vivado/2022.1/data/xhub/boards/XilinxBoardStore/boards/Xilinx/vcu108/1.7/board.xml as part xcvu095-ffva2104-2-e specified in board_part file is either invalid or not available
WARNING: [Board 49-26] cannot add Board Part xilinx.com:vcu110:part0:1.4 available at C:/Xilinx/Vivado/2022.1/data/xhub/boards/XilinxBoardStore/boards/Xilinx/vcu110/1.4/board.xml as part xcvu190-flgc2104-2-e specified in board_part file is either invalid or not available
WARNING: [Board 49-26] cannot add Board Part xilinx.com:vcu118:part0:2.0 available at C:/Xilinx/Vivado/2022.1/data/xhub/boards/XilinxBoardStore/boards/Xilinx/vcu118/2.0/board.xml as part xcvu9p-flga2104-2l-e specified in board_part file is either invalid or not available
WARNING: [Board 49-26] cannot add Board Part xilinx.com:vcu118:part0:2.3 available at C:/Xilinx/Vivado/2022.1/data/xhub/boards/XilinxBoardStore/boards/Xilinx/vcu118/2.3/board.xml as part xcvu9p-flga2104-2l-e specified in board_part file is either invalid or not available
WARNING: [Board 49-26] cannot add Board Part xilinx.com:vcu118:part0:2.4 available at C:/Xilinx/Vivado/2022.1/data/xhub/boards/XilinxBoardStore/boards/Xilinx/vcu118/2.4/board.xml as part xcvu9p-flga2104-2l-e specified in board_part file is either invalid or not available
WARNING: [Board 49-26] cannot add Board Part xilinx.com:vcu128:part0:1.0 available at C:/Xilinx/Vivado/2022.1/data/xhub/boards/XilinxBoardStore/boards/Xilinx/vcu128/production/1.0/board.xml as part xcvu37p-fsvh2892-2l-e specified in board_part file is either invalid or not available
WARNING: [Board 49-26] cannot add Board Part xilinx.com:vcu129:part0:1.0 available at C:/Xilinx/Vivado/2022.1/data/xhub/boards/XilinxBoardStore/boards/Xilinx/vcu129/production/1.0/board.xml as part xcvu29p-fsga2577-2l-e specified in board_part file is either invalid or not available
WARNING: [Board 49-26] cannot add Board Part xilinx.com:vcu1525:part0:1.3 available at C:/Xilinx/Vivado/2022.1/data/xhub/boards/XilinxBoardStore/boards/Xilinx/vcu1525/1.3/board.xml as part xcvu9p-fsgd2104-2l-e specified in board_part file is either invalid or not available
WARNING: [Board 49-26] cannot add Board Part xilinx.com:vermeo_t1_mpsoc:part0:1.0 available at C:/Xilinx/Vivado/2022.1/data/xhub/boards/XilinxBoardStore/boards/Xilinx/vermeo_t1_mpsoc/1.0/board.xml as part xczu19eg-ffvd1760-2l-e specified in board_part file is either invalid or not available
WARNING: [Board 49-26] cannot add Board Part xilinx.com:vermeo_t1_rfsoc:part0:1.0 available at C:/Xilinx/Vivado/2022.1/data/xhub/boards/XilinxBoardStore/boards/Xilinx/vermeo_t1_rfsoc/1.0/board.xml as part xczu21dr-ffvd1156-2l-e specified in board_part file is either invalid or not available
WARNING: [Board 49-26] cannot add Board Part xilinx.com:vmk180:part0:2.2 available at C:/Xilinx/Vivado/2022.1/data/xhub/boards/XilinxBoardStore/boards/Xilinx/vmk180/production/2.2/board.xml as part xcvm1802-vsva2197-2mp-e-s specified in board_part file is either invalid or not available
WARNING: [Board 49-26] cannot add Board Part xilinx.com:vmk180:part0:3.0 available at C:/Xilinx/Vivado/2022.1/data/xhub/boards/XilinxBoardStore/boards/Xilinx/vmk180/production/3.0/board.xml as part xcvm1802-vsva2197-2mp-e-s specified in board_part file is either invalid or not available
WARNING: [Board 49-26] cannot add Board Part xilinx.com:vmk180_newl:part0:1.0 available at C:/Xilinx/Vivado/2022.1/data/xhub/boards/XilinxBoardStore/boards/Xilinx/vmk180_newl/production/1.0/board.xml as part xcvm1802-vsva2197-2mp-e-s specified in board_part file is either invalid or not available
WARNING: [Board 49-26] cannot add Board Part xilinx.com:vpk120_es:part0:1.2 available at C:/Xilinx/Vivado/2022.1/data/xhub/boards/XilinxBoardStore/boards/Xilinx/vpk120/es/1.2/board.xml as part xcvp1202-vsva2785-2mp-e-s-es1 specified in board_part file is either invalid or not available
WARNING: [Board 49-26] cannot add Board Part xilinx.com:vpk120_es_revb:part0:1.0 available at C:/Xilinx/Vivado/2022.1/data/xhub/boards/XilinxBoardStore/boards/Xilinx/vpk120_revb/es/1.0/board.xml as part xcvp1202-vsva2785-2mp-e-s-es1 specified in board_part file is either invalid or not available
WARNING: [Board 49-26] cannot add Board Part xilinx.com:zc706:part0:1.4 available at C:/Xilinx/Vivado/2022.1/data/xhub/boards/XilinxBoardStore/boards/Xilinx/zc706/1.4/board.xml as part xc7z045ffg900-2 specified in board_part file is either invalid or not available
WARNING: [Board 49-26] cannot add Board Part xilinx.com:zcu102:part0:3.3 available at C:/Xilinx/Vivado/2022.1/data/xhub/boards/XilinxBoardStore/boards/Xilinx/zcu102/3.3/board.xml as part xczu9eg-ffvb1156-2-e specified in board_part file is either invalid or not available
WARNING: [Board 49-26] cannot add Board Part xilinx.com:zcu102:part0:3.4 available at C:/Xilinx/Vivado/2022.1/data/xhub/boards/XilinxBoardStore/boards/Xilinx/zcu102/3.4/board.xml as part xczu9eg-ffvb1156-2-e specified in board_part file is either invalid or not available
WARNING: [Board 49-26] cannot add Board Part xilinx.com:zcu111:part0:1.2 available at C:/Xilinx/Vivado/2022.1/data/xhub/boards/XilinxBoardStore/boards/Xilinx/zcu111/1.2/board.xml as part xczu28dr-ffvg1517-2-e specified in board_part file is either invalid or not available
WARNING: [Board 49-26] cannot add Board Part xilinx.com:zcu111:part0:1.3 available at C:/Xilinx/Vivado/2022.1/data/xhub/boards/XilinxBoardStore/boards/Xilinx/zcu111/1.3/board.xml as part xczu28dr-ffvg1517-2-e specified in board_part file is either invalid or not available
WARNING: [Board 49-26] cannot add Board Part xilinx.com:zcu111:part0:1.4 available at C:/Xilinx/Vivado/2022.1/data/xhub/boards/XilinxBoardStore/boards/Xilinx/zcu111/1.4/board.xml as part xczu28dr-ffvg1517-2-e specified in board_part file is either invalid or not available
WARNING: [Board 49-26] cannot add Board Part xilinx.com:zcu1275:part0:1.0 available at C:/Xilinx/Vivado/2022.1/data/xhub/boards/XilinxBoardStore/boards/Xilinx/zcu1275/1.0/board.xml as part xczu29dr-ffvf1760-2-e specified in board_part file is either invalid or not available
WARNING: [Board 49-26] cannot add Board Part xilinx.com:zcu1285:part0:1.0 available at C:/Xilinx/Vivado/2022.1/data/xhub/boards/XilinxBoardStore/boards/Xilinx/zcu1285/1.0/board.xml as part xczu39dr-ffvf1760-2-i specified in board_part file is either invalid or not available
WARNING: [Board 49-26] cannot add Board Part xilinx.com:zcu208:part0:2.0 available at C:/Xilinx/Vivado/2022.1/data/xhub/boards/XilinxBoardStore/boards/Xilinx/zcu208/production/2.0/board.xml as part xczu48dr-fsvg1517-2-e specified in board_part file is either invalid or not available
WARNING: [Board 49-26] cannot add Board Part xilinx.com:zcu208ld:part0:2.0 available at C:/Xilinx/Vivado/2022.1/data/xhub/boards/XilinxBoardStore/boards/Xilinx/zcu208ld/production/2.0/board.xml as part xczu58dr-fsvg1517-2-i specified in board_part file is either invalid or not available
WARNING: [Board 49-26] cannot add Board Part xilinx.com:zcu216:part0:2.0 available at C:/Xilinx/Vivado/2022.1/data/xhub/boards/XilinxBoardStore/boards/Xilinx/zcu216/production/2.0/board.xml as part xczu49dr-ffvf1760-2-e specified in board_part file is either invalid or not available
WARNING: [Board 49-26] cannot add Board Part xilinx.com:zcu216ld:part0:2.0 available at C:/Xilinx/Vivado/2022.1/data/xhub/boards/XilinxBoardStore/boards/Xilinx/zcu216ld/production/2.0/board.xml as part xczu59dr-ffvf1760-2-i specified in board_part file is either invalid or not available
WARNING: [Board 49-26] cannot add Board Part xilinx.com:zcu670:part0:2.0 available at C:/Xilinx/Vivado/2022.1/data/xhub/boards/XilinxBoardStore/boards/Xilinx/zcu670/2.0/board.xml as part xczu67dr-fsve1156-2-i specified in board_part file is either invalid or not available
WARNING: [Board 49-26] cannot add Board Part xilinx.com:zcu670ld:part0:1.0 available at C:/Xilinx/Vivado/2022.1/data/xhub/boards/XilinxBoardStore/boards/Xilinx/zcu670ld/1.0/board.xml as part xczu57dr-fsve1156-2-i specified in board_part file is either invalid or not available
CRITICAL WARNING: [Project 1-19] Could not find the file 'C:/Users/User/DSD_Lab/FinalProject/final/final.srcs/utils_1/imports/synth_1/RISCV_CNN.dcp'.
WARNING: [Project 1-865] Could not find the file C:/Users/User/DSD_Lab/FinalProject/final/final.srcs/utils_1/imports/synth_1/RISCV_CNN.dcp
Scanning sources...
Finished scanning sources
WARNING: [Project 1-865] Could not find the file C:/Users/User/DSD_Lab/FinalProject/final/final.srcs/utils_1/imports/synth_1/RISCV_CNN.dcp
WARNING: [Project 1-865] Could not find the file C:/Users/User/DSD_Lab/FinalProject/final/final.srcs/utils_1/imports/synth_1/RISCV_CNN.dcp
WARNING: [Project 1-865] Could not find the file C:/Users/User/DSD_Lab/FinalProject/final/final.srcs/utils_1/imports/synth_1/RISCV_CNN.dcp
INFO: [IP_Flow 19-234] Refreshing IP repositories
INFO: [IP_Flow 19-1704] No user IP repositories specified
INFO: [IP_Flow 19-2313] Loaded Vivado IP repository 'C:/Xilinx/Vivado/2022.1/data/ip'.
open_project: Time (s): cpu = 00:00:26 ; elapsed = 00:00:09 . Memory (MB): peak = 1571.676 ; gain = 0.000
update_compile_order -fileset sources_1
launch_simulation
Command: launch_simulation 
INFO: [Vivado 12-12493] Simulation top is 'tb_finalproject'
WARNING: [Vivado 12-13340] Unable to auto find GCC executables from simulator install path! (path not set)
WARNING: [Vivado 12-13277] Compiled library path does not exist: ''
INFO: [Vivado 12-5698] Checking validity of IPs in the design for the 'XSim' simulator...
INFO: [Vivado 12-5682] Launching behavioral simulation in 'C:/Users/User/DSD_Lab/Final/DSD_final_project/final/final.sim/sim_1/behav/xsim'
INFO: [Vivado 12-4795] Using compiled simulation libraries for IPs
INFO: [SIM-utils-51] Simulation object is 'sim_1'
INFO: [SIM-utils-72] Using boost library from 'C:/Xilinx/Vivado/2022.1/tps/boost_1_72_0'
INFO: [USF-XSim-7] Finding pre-compiled libraries...
INFO: [USF-XSim-11] File 'C:/Xilinx/Vivado/2022.1/data/xsim/xsim.ini' copied to run dir:'C:/Users/User/DSD_Lab/Final/DSD_final_project/final/final.sim/sim_1/behav/xsim'
INFO: [SIM-utils-54] Inspecting design source files for 'tb_finalproject' in fileset 'sim_1'...
INFO: [SIM-utils-43] Exported 'C:/Users/User/DSD_Lab/Final/DSD_final_project/final/final.sim/sim_1/behav/xsim/golden_rom.mif'
INFO: [SIM-utils-43] Exported 'C:/Users/User/DSD_Lab/Final/DSD_final_project/final/final.sim/sim_1/behav/xsim/golden_rom.coe'
INFO: [SIM-utils-43] Exported 'C:/Users/User/DSD_Lab/Final/DSD_final_project/final/final.sim/sim_1/behav/xsim/init_rom.mif'
INFO: [SIM-utils-43] Exported 'C:/Users/User/DSD_Lab/Final/DSD_final_project/final/final.sim/sim_1/behav/xsim/init_rom.coe'
INFO: [SIM-utils-43] Exported 'C:/Users/User/DSD_Lab/Final/DSD_final_project/final/final.sim/sim_1/behav/xsim/instr_mem.mif'
INFO: [SIM-utils-43] Exported 'C:/Users/User/DSD_Lab/Final/DSD_final_project/final/final.sim/sim_1/behav/xsim/instr_mem_cpucheck.coe'
INFO: [USF-XSim-97] Finding global include files...
INFO: [USF-XSim-98] Fetching design files from 'sim_1'...
INFO: [USF-XSim-2] XSim::Compile design
INFO: [USF-XSim-61] Executing 'COMPILE and ANALYZE' step in 'C:/Users/User/DSD_Lab/Final/DSD_final_project/final/final.sim/sim_1/behav/xsim'
"xvlog --incr --relax -prj tb_finalproject_vlog.prj"
INFO: [VRFC 10-2263] Analyzing Verilog file "C:/Users/User/DSD_Lab/Final/DSD_final_project/final/final.gen/sources_1/ip/Data_mem/sim/Data_mem.v" into library xil_defaultlib
INFO: [VRFC 10-311] analyzing module Data_mem
INFO: [VRFC 10-2263] Analyzing Verilog file "C:/Users/User/DSD_Lab/Final/DSD_final_project/final/final.gen/sources_1/ip/instr_mem/sim/instr_mem.v" into library xil_defaultlib
INFO: [VRFC 10-311] analyzing module instr_mem
INFO: [VRFC 10-2263] Analyzing Verilog file "C:/Users/User/DSD_Lab/Final/DSD_final_project/final/final.gen/sources_1/ip/golden_rom/sim/golden_rom.v" into library xil_defaultlib
INFO: [VRFC 10-311] analyzing module golden_rom
INFO: [VRFC 10-2263] Analyzing Verilog file "C:/Users/User/DSD_Lab/Final/DSD_final_project/final/final.gen/sources_1/ip/init_rom/sim/init_rom.v" into library xil_defaultlib
INFO: [VRFC 10-311] analyzing module init_rom
INFO: [VRFC 10-2263] Analyzing Verilog file "C:/Users/User/DSD_Lab/Final/DSD_final_project/RISCV_CNN.v" into library xil_defaultlib
INFO: [VRFC 10-311] analyzing module RISCV_CNN
INFO: [VRFC 10-311] analyzing module Simple_CPU
INFO: [VRFC 10-311] analyzing module CNN
INFO: [VRFC 10-2263] Analyzing Verilog file "C:/Users/User/DSD_Lab/Final/DSD_final_project/test_circuit_bram_ip.v" into library xil_defaultlib
INFO: [VRFC 10-311] analyzing module test_circuit
INFO: [VRFC 10-2263] Analyzing Verilog file "C:/Users/User/DSD_Lab/Final/DSD_final_project/tb/tb_finalproject.v" into library xil_defaultlib
INFO: [VRFC 10-311] analyzing module tb_finalproject
INFO: [USF-XSim-69] 'compile' step finished in '1' seconds
INFO: [USF-XSim-3] XSim::Elaborate design
INFO: [USF-XSim-61] Executing 'ELABORATE' step in 'C:/Users/User/DSD_Lab/Final/DSD_final_project/final/final.sim/sim_1/behav/xsim'
"xelab --incr --debug typical --relax --mt 2 -L xil_defaultlib -L blk_mem_gen_v8_4_5 -L unisims_ver -L unimacro_ver -L secureip -L xpm --snapshot tb_finalproject_behav xil_defaultlib.tb_finalproject xil_defaultlib.glbl -log elaborate.log"
Vivado Simulator v2022.1
Copyright 1986-1999, 2001-2022 Xilinx, Inc. All Rights Reserved.
Running: C:/Xilinx/Vivado/2022.1/bin/unwrapped/win64.o/xelab.exe --incr --debug typical --relax --mt 2 -L xil_defaultlib -L blk_mem_gen_v8_4_5 -L unisims_ver -L unimacro_ver -L secureip -L xpm --snapshot tb_finalproject_behav xil_defaultlib.tb_finalproject xil_defaultlib.glbl -log elaborate.log 
Using 2 slave threads.
Starting static elaboration
Pass Through NonSizing Optimizer
Completed static elaboration
Starting simulation data flow analysis
Completed simulation data flow analysis
Time Resolution for simulation is 1ps
Compiling module blk_mem_gen_v8_4_5.blk_mem_gen_v8_4_5_output_stage(...
Compiling module blk_mem_gen_v8_4_5.blk_mem_gen_v8_4_5_softecc_outpu...
Compiling module blk_mem_gen_v8_4_5.blk_mem_gen_v8_4_5_mem_module(C_...
Compiling module blk_mem_gen_v8_4_5.blk_mem_gen_v8_4_5(C_FAMILY="art...
Compiling module xil_defaultlib.init_rom
Compiling module blk_mem_gen_v8_4_5.blk_mem_gen_v8_4_5_output_stage(...
Compiling module blk_mem_gen_v8_4_5.blk_mem_gen_v8_4_5_softecc_outpu...
Compiling module blk_mem_gen_v8_4_5.blk_mem_gen_v8_4_5_mem_module(C_...
Compiling module blk_mem_gen_v8_4_5.blk_mem_gen_v8_4_5(C_FAMILY="art...
Compiling module xil_defaultlib.golden_rom
Compiling module xil_defaultlib.test_circuit_default
Compiling module blk_mem_gen_v8_4_5.blk_mem_gen_v8_4_5_output_stage(...
Compiling module blk_mem_gen_v8_4_5.blk_mem_gen_v8_4_5_softecc_outpu...
Compiling module blk_mem_gen_v8_4_5.blk_mem_gen_v8_4_5_mem_module(C_...
Compiling module blk_mem_gen_v8_4_5.blk_mem_gen_v8_4_5(C_FAMILY="art...
Compiling module xil_defaultlib.instr_mem
Compiling module xil_defaultlib.Simple_CPU
Compiling module xil_defaultlib.CNN
Compiling module blk_mem_gen_v8_4_5.blk_mem_gen_v8_4_5_output_stage(...
Compiling module blk_mem_gen_v8_4_5.blk_mem_gen_v8_4_5_softecc_outpu...
Compiling module blk_mem_gen_v8_4_5.blk_mem_gen_v8_4_5_mem_module(C_...
Compiling module blk_mem_gen_v8_4_5.blk_mem_gen_v8_4_5(C_FAMILY="art...
Compiling module xil_defaultlib.Data_mem
Compiling module xil_defaultlib.RISCV_CNN
Compiling module xil_defaultlib.tb_finalproject
Compiling module xil_defaultlib.glbl
Built simulation snapshot tb_finalproject_behav
run_program: Time (s): cpu = 00:00:04 ; elapsed = 00:00:15 . Memory (MB): peak = 1571.676 ; gain = 0.000
INFO: [USF-XSim-69] 'elaborate' step finished in '15' seconds
INFO: [USF-XSim-4] XSim::Simulate design
INFO: [USF-XSim-61] Executing 'SIMULATE' step in 'C:/Users/User/DSD_Lab/Final/DSD_final_project/final/final.sim/sim_1/behav/xsim'
INFO: [USF-XSim-98] *** Running xsim
   with args "tb_finalproject_behav -key {Behavioral:sim_1:Functional:tb_finalproject} -tclbatch {tb_finalproject.tcl} -log {simulate.log}"
INFO: [USF-XSim-8] Loading simulator feature
Time resolution is 1 ps
source tb_finalproject.tcl
# set curr_wave [current_wave_config]
# if { [string length $curr_wave] == 0 } {
#   if { [llength [get_objects]] > 0} {
#     add_wave /
#     set_property needs_save false [current_wave_config]
#   } else {
#      send_msg_id Add_Wave-1 WARNING "No top level signals found. Simulator will start without a wave window. If you want to open a wave window go to 'File->New Waveform Configuration' or type 'create_wave_config' in the TCL console."
#   }
# }
# run all
 Block Memory Generator module loading initial data...
 Block Memory Generator data initialization complete.
Block Memory Generator module tb_finalproject.dut.u_test_circuit.init_rom_inst.inst.\native_mem_module.blk_mem_gen_v8_4_5_inst  is using a behavioral model for simulation which will not precisely model memory collision behavior.
 Block Memory Generator module loading initial data...
 Block Memory Generator data initialization complete.
Block Memory Generator module tb_finalproject.dut.u_test_circuit.golden_rom_inst.inst.\native_mem_module.blk_mem_gen_v8_4_5_inst  is using a behavioral model for simulation which will not precisely model memory collision behavior.
 Block Memory Generator module loading initial data...
 Block Memory Generator data initialization complete.
Block Memory Generator module tb_finalproject.dut.u_cpu.u_instr_mem.inst.\native_mem_module.blk_mem_gen_v8_4_5_inst  is using a behavioral model for simulation which will not precisely model memory collision behavior.
Block Memory Generator module tb_finalproject.dut.u_data_mem.inst.\native_mem_module.blk_mem_gen_v8_4_5_inst  is using a behavioral model for simulation which will not precisely model memory collision behavior.
blk_mem_gen_v8_4_5 collision detected at time: 10000485000, Instance: tb_finalproject.dut.u_data_mem.inst.\native_mem_module.blk_mem_gen_v8_4_5_inst , A write address: 6, B  read address: 6
blk_mem_gen_v8_4_5 collision detected at time: 10010795000, Instance: tb_finalproject.dut.u_data_mem.inst.\native_mem_module.blk_mem_gen_v8_4_5_inst , A write address: 6, B  read address: 6
blk_mem_gen_v8_4_5 collision detected at time: 10032445000, Instance: tb_finalproject.dut.u_data_mem.inst.\native_mem_module.blk_mem_gen_v8_4_5_inst , A write address: 6, B  read address: 6
blk_mem_gen_v8_4_5 collision detected at time: 10032465000, Instance: tb_finalproject.dut.u_data_mem.inst.\native_mem_module.blk_mem_gen_v8_4_5_inst , A read address: 6, B write address: 6
blk_mem_gen_v8_4_5 collision detected at time: 10043855000, Instance: tb_finalproject.dut.u_data_mem.inst.\native_mem_module.blk_mem_gen_v8_4_5_inst , A write address: 6, B  read address: 6
blk_mem_gen_v8_4_5 collision detected at time: 10054165000, Instance: tb_finalproject.dut.u_data_mem.inst.\native_mem_module.blk_mem_gen_v8_4_5_inst , A write address: 6, B  read address: 6
blk_mem_gen_v8_4_5 collision detected at time: 10075815000, Instance: tb_finalproject.dut.u_data_mem.inst.\native_mem_module.blk_mem_gen_v8_4_5_inst , A write address: 6, B  read address: 6
blk_mem_gen_v8_4_5 collision detected at time: 10075835000, Instance: tb_finalproject.dut.u_data_mem.inst.\native_mem_module.blk_mem_gen_v8_4_5_inst , A read address: 6, B write address: 6
blk_mem_gen_v8_4_5 collision detected at time: 10092795000, Instance: tb_finalproject.dut.u_data_mem.inst.\native_mem_module.blk_mem_gen_v8_4_5_inst , A write address: 6, B  read address: 6
blk_mem_gen_v8_4_5 collision detected at time: 10103105000, Instance: tb_finalproject.dut.u_data_mem.inst.\native_mem_module.blk_mem_gen_v8_4_5_inst , A write address: 6, B  read address: 6
blk_mem_gen_v8_4_5 collision detected at time: 10124755000, Instance: tb_finalproject.dut.u_data_mem.inst.\native_mem_module.blk_mem_gen_v8_4_5_inst , A write address: 6, B  read address: 6
blk_mem_gen_v8_4_5 collision detected at time: 10124775000, Instance: tb_finalproject.dut.u_data_mem.inst.\native_mem_module.blk_mem_gen_v8_4_5_inst , A read address: 6, B write address: 6
blk_mem_gen_v8_4_5 collision detected at time: 10148805000, Instance: tb_finalproject.dut.u_data_mem.inst.\native_mem_module.blk_mem_gen_v8_4_5_inst , A write address: 6, B  read address: 6
blk_mem_gen_v8_4_5 collision detected at time: 10159115000, Instance: tb_finalproject.dut.u_data_mem.inst.\native_mem_module.blk_mem_gen_v8_4_5_inst , A write address: 6, B  read address: 6
blk_mem_gen_v8_4_5 collision detected at time: 10180765000, Instance: tb_finalproject.dut.u_data_mem.inst.\native_mem_module.blk_mem_gen_v8_4_5_inst , A write address: 6, B  read address: 6
blk_mem_gen_v8_4_5 collision detected at time: 10180785000, Instance: tb_finalproject.dut.u_data_mem.inst.\native_mem_module.blk_mem_gen_v8_4_5_inst , A read address: 6, B write address: 6
blk_mem_gen_v8_4_5 collision detected at time: 10213145000, Instance: tb_finalproject.dut.u_data_mem.inst.\native_mem_module.blk_mem_gen_v8_4_5_inst , A write address: 6, B  read address: 6
blk_mem_gen_v8_4_5 collision detected at time: 10223455000, Instance: tb_finalproject.dut.u_data_mem.inst.\native_mem_module.blk_mem_gen_v8_4_5_inst , A write address: 6, B  read address: 6
blk_mem_gen_v8_4_5 collision detected at time: 10245105000, Instance: tb_finalproject.dut.u_data_mem.inst.\native_mem_module.blk_mem_gen_v8_4_5_inst , A write address: 6, B  read address: 6
blk_mem_gen_v8_4_5 collision detected at time: 10245125000, Instance: tb_finalproject.dut.u_data_mem.inst.\native_mem_module.blk_mem_gen_v8_4_5_inst , A read address: 6, B write address: 6
blk_mem_gen_v8_4_5 collision detected at time: 10287315000, Instance: tb_finalproject.dut.u_data_mem.inst.\native_mem_module.blk_mem_gen_v8_4_5_inst , A write address: 6, B  read address: 6
blk_mem_gen_v8_4_5 collision detected at time: 10297625000, Instance: tb_finalproject.dut.u_data_mem.inst.\native_mem_module.blk_mem_gen_v8_4_5_inst , A write address: 6, B  read address: 6
blk_mem_gen_v8_4_5 collision detected at time: 10319275000, Instance: tb_finalproject.dut.u_data_mem.inst.\native_mem_module.blk_mem_gen_v8_4_5_inst , A write address: 6, B  read address: 6
blk_mem_gen_v8_4_5 collision detected at time: 10319295000, Instance: tb_finalproject.dut.u_data_mem.inst.\native_mem_module.blk_mem_gen_v8_4_5_inst , A read address: 6, B write address: 6
blk_mem_gen_v8_4_5 collision detected at time: 10372575000, Instance: tb_finalproject.dut.u_data_mem.inst.\native_mem_module.blk_mem_gen_v8_4_5_inst , A write address: 6, B  read address: 6
blk_mem_gen_v8_4_5 collision detected at time: 10382885000, Instance: tb_finalproject.dut.u_data_mem.inst.\native_mem_module.blk_mem_gen_v8_4_5_inst , A write address: 6, B  read address: 6
blk_mem_gen_v8_4_5 collision detected at time: 10404535000, Instance: tb_finalproject.dut.u_data_mem.inst.\native_mem_module.blk_mem_gen_v8_4_5_inst , A write address: 6, B  read address: 6
blk_mem_gen_v8_4_5 collision detected at time: 10404555000, Instance: tb_finalproject.dut.u_data_mem.inst.\native_mem_module.blk_mem_gen_v8_4_5_inst , A read address: 6, B write address: 6
blk_mem_gen_v8_4_5 collision detected at time: 10470425000, Instance: tb_finalproject.dut.u_data_mem.inst.\native_mem_module.blk_mem_gen_v8_4_5_inst , A write address: 6, B  read address: 6
blk_mem_gen_v8_4_5 collision detected at time: 10480735000, Instance: tb_finalproject.dut.u_data_mem.inst.\native_mem_module.blk_mem_gen_v8_4_5_inst , A write address: 6, B  read address: 6
blk_mem_gen_v8_4_5 collision detected at time: 10502385000, Instance: tb_finalproject.dut.u_data_mem.inst.\native_mem_module.blk_mem_gen_v8_4_5_inst , A write address: 6, B  read address: 6
blk_mem_gen_v8_4_5 collision detected at time: 10502405000, Instance: tb_finalproject.dut.u_data_mem.inst.\native_mem_module.blk_mem_gen_v8_4_5_inst , A read address: 6, B write address: 6
blk_mem_gen_v8_4_5 collision detected at time: 10582125000, Instance: tb_finalproject.dut.u_data_mem.inst.\native_mem_module.blk_mem_gen_v8_4_5_inst , A write address: 6, B  read address: 6
blk_mem_gen_v8_4_5 collision detected at time: 10592435000, Instance: tb_finalproject.dut.u_data_mem.inst.\native_mem_module.blk_mem_gen_v8_4_5_inst , A write address: 6, B  read address: 6
blk_mem_gen_v8_4_5 collision detected at time: 10614085000, Instance: tb_finalproject.dut.u_data_mem.inst.\native_mem_module.blk_mem_gen_v8_4_5_inst , A write address: 6, B  read address: 6
blk_mem_gen_v8_4_5 collision detected at time: 10614105000, Instance: tb_finalproject.dut.u_data_mem.inst.\native_mem_module.blk_mem_gen_v8_4_5_inst , A read address: 6, B write address: 6
blk_mem_gen_v8_4_5 collision detected at time: 10709175000, Instance: tb_finalproject.dut.u_data_mem.inst.\native_mem_module.blk_mem_gen_v8_4_5_inst , A write address: 6, B  read address: 6
blk_mem_gen_v8_4_5 collision detected at time: 10719485000, Instance: tb_finalproject.dut.u_data_mem.inst.\native_mem_module.blk_mem_gen_v8_4_5_inst , A write address: 6, B  read address: 6
blk_mem_gen_v8_4_5 collision detected at time: 10741135000, Instance: tb_finalproject.dut.u_data_mem.inst.\native_mem_module.blk_mem_gen_v8_4_5_inst , A write address: 6, B  read address: 6
blk_mem_gen_v8_4_5 collision detected at time: 10741155000, Instance: tb_finalproject.dut.u_data_mem.inst.\native_mem_module.blk_mem_gen_v8_4_5_inst , A read address: 6, B write address: 6
score_bcd = 0100
tc = 0, bcd = 0001
tc = 1, bcd = 0011
tc = 2, bcd = 0021
tc = 3, bcd = 0031
tc = 4, bcd = 0041
tc = 5, bcd = 0051
tc = 6, bcd = 0061
tc = 7, bcd = 0071
tc = 8, bcd = 0081
tc = 9, bcd = 0091
tc = a, bcd = 0101
tc = b, bcd = 0111
tc = c, bcd = 0121
tc = d, bcd = 0131
tc = e, bcd = 0141
FINALPROJECT_SIM_PASS
$finish called at time : 21901395 ns : File "C:/Users/User/DSD_Lab/Final/DSD_final_project/tb/tb_finalproject.v" Line 147
run: Time (s): cpu = 00:00:11 ; elapsed = 00:00:25 . Memory (MB): peak = 1571.676 ; gain = 0.000
xsim: Time (s): cpu = 00:00:18 ; elapsed = 00:00:28 . Memory (MB): peak = 1571.676 ; gain = 0.000
INFO: [USF-XSim-96] XSim completed. Design snapshot 'tb_finalproject_behav' loaded.
INFO: [USF-XSim-97] XSim simulation ran for all
launch_simulation: Time (s): cpu = 00:00:26 ; elapsed = 00:00:47 . Memory (MB): peak = 1571.676 ; gain = 0.000
launch_simulation -mode post-synthesis -type timing
Command: launch_simulation  -mode post-synthesis -type timing
INFO: [Vivado 12-12493] Simulation top is 'tb_finalproject'
WARNING: [Vivado 12-13340] Unable to auto find GCC executables from simulator install path! (path not set)
WARNING: [Vivado 12-13277] Compiled library path does not exist: ''
INFO: [Vivado 12-5698] Checking validity of IPs in the design for the 'XSim' simulator...
INFO: [Vivado 12-5682] Launching post-synthesis timing simulation in 'C:/Users/User/DSD_Lab/Final/DSD_final_project/final/final.sim/sim_1/synth/timing/xsim'
INFO: [Vivado 12-4795] Using compiled simulation libraries for IPs
INFO: [SIM-utils-51] Simulation object is 'sim_1'
INFO: [SIM-utils-72] Using boost library from 'C:/Xilinx/Vivado/2022.1/tps/boost_1_72_0'
Design is defaulting to impl run constrset: constrs_1
Design is defaulting to synth run part: xc7a35tcsg324-1
INFO: [Device 21-403] Loading part xc7a35tcsg324-1
INFO: [Project 1-454] Reading design checkpoint 'c:/Users/User/DSD_Lab/Final/DSD_final_project/final/final.gen/sources_1/ip/Data_mem/Data_mem.dcp' for cell 'u_data_mem'
INFO: [Project 1-454] Reading design checkpoint 'c:/Users/User/DSD_Lab/Final/DSD_final_project/final/final.gen/sources_1/ip/instr_mem/instr_mem.dcp' for cell 'u_cpu/u_instr_mem'
INFO: [Project 1-454] Reading design checkpoint 'c:/Users/User/DSD_Lab/Final/DSD_final_project/final/final.gen/sources_1/ip/golden_rom/golden_rom.dcp' for cell 'u_test_circuit/golden_rom_inst'
INFO: [Project 1-454] Reading design checkpoint 'c:/Users/User/DSD_Lab/Final/DSD_final_project/final/final.gen/sources_1/ip/init_rom/init_rom.dcp' for cell 'u_test_circuit/init_rom_inst'
Netlist sorting complete. Time (s): cpu = 00:00:00 ; elapsed = 00:00:00.030 . Memory (MB): peak = 1575.695 ; gain = 0.000
INFO: [Netlist 29-17] Analyzing 485 Unisim elements for replacement
INFO: [Netlist 29-28] Unisim Transformation completed in 0 CPU seconds
INFO: [Project 1-479] Netlist was created with Vivado 2022.1
INFO: [Project 1-570] Preparing netlist for logic optimization
Parsing XDC File [C:/Users/User/DSD_Lab/Final/DSD_final_project/constraints/RISCV_CNN.xdc]
Finished Parsing XDC File [C:/Users/User/DSD_Lab/Final/DSD_final_project/constraints/RISCV_CNN.xdc]
INFO: [Opt 31-138] Pushed 0 inverter(s) to 0 load pin(s).
Netlist sorting complete. Time (s): cpu = 00:00:00 ; elapsed = 00:00:00.002 . Memory (MB): peak = 1681.207 ; gain = 0.000
INFO: [Project 1-111] Unisim Transformation Summary:
No Unisim elements were transformed.

open_run: Time (s): cpu = 00:00:21 ; elapsed = 00:00:10 . Memory (MB): peak = 1825.980 ; gain = 254.305
INFO: [SIM-utils-24] Writing simulation netlist file for design 'synth_1'...
INFO: [SIM-utils-25] write_verilog -mode timesim -nolib -sdf_anno true -force -file "C:/Users/User/DSD_Lab/Final/DSD_final_project/final/final.sim/sim_1/synth/timing/xsim/tb_finalproject_time_synth.v"
INFO: [SIM-utils-27] Writing SDF file...
INFO: [SIM-utils-28] write_sdf -mode timesim -process_corner slow -force -file "C:/Users/User/DSD_Lab/Final/DSD_final_project/final/final.sim/sim_1/synth/timing/xsim/tb_finalproject_time_synth.sdf"
write_sdf: Time (s): cpu = 00:00:10 ; elapsed = 00:00:11 . Memory (MB): peak = 2235.820 ; gain = 363.406
INFO: [SIM-utils-36] Netlist generated:C:/Users/User/DSD_Lab/Final/DSD_final_project/final/final.sim/sim_1/synth/timing/xsim/tb_finalproject_time_synth.v
INFO: [SIM-utils-37] SDF generated:C:/Users/User/DSD_Lab/Final/DSD_final_project/final/final.sim/sim_1/synth/timing/xsim/tb_finalproject_time_synth.sdf
INFO: [USF-XSim-7] Finding pre-compiled libraries...
INFO: [USF-XSim-11] File 'C:/Xilinx/Vivado/2022.1/data/xsim/xsim.ini' copied to run dir:'C:/Users/User/DSD_Lab/Final/DSD_final_project/final/final.sim/sim_1/synth/timing/xsim'
INFO: [SIM-utils-54] Inspecting design source files for 'tb_finalproject' in fileset 'sim_1'...
INFO: [SIM-utils-43] Exported 'C:/Users/User/DSD_Lab/Final/DSD_final_project/final/final.sim/sim_1/synth/timing/xsim/golden_rom.mif'
INFO: [SIM-utils-43] Exported 'C:/Users/User/DSD_Lab/Final/DSD_final_project/final/final.sim/sim_1/synth/timing/xsim/golden_rom.coe'
INFO: [SIM-utils-43] Exported 'C:/Users/User/DSD_Lab/Final/DSD_final_project/final/final.sim/sim_1/synth/timing/xsim/init_rom.mif'
INFO: [SIM-utils-43] Exported 'C:/Users/User/DSD_Lab/Final/DSD_final_project/final/final.sim/sim_1/synth/timing/xsim/init_rom.coe'
INFO: [SIM-utils-43] Exported 'C:/Users/User/DSD_Lab/Final/DSD_final_project/final/final.sim/sim_1/synth/timing/xsim/instr_mem.mif'
INFO: [SIM-utils-43] Exported 'C:/Users/User/DSD_Lab/Final/DSD_final_project/final/final.sim/sim_1/synth/timing/xsim/instr_mem_cpucheck.coe'
INFO: [USF-XSim-2] XSim::Compile design
INFO: [USF-XSim-61] Executing 'COMPILE and ANALYZE' step in 'C:/Users/User/DSD_Lab/Final/DSD_final_project/final/final.sim/sim_1/synth/timing/xsim'
"xvlog --incr --relax -prj tb_finalproject_vlog.prj"
INFO: [VRFC 10-2263] Analyzing Verilog file "C:/Users/User/DSD_Lab/Final/DSD_final_project/final/final.sim/sim_1/synth/timing/xsim/tb_finalproject_time_synth.v" into library xil_defaultlib
INFO: [VRFC 10-311] analyzing module CNN
INFO: [VRFC 10-311] analyzing module Data_mem
INFO: [VRFC 10-311] analyzing module RISCV_CNN
INFO: [VRFC 10-311] analyzing module Simple_CPU
INFO: [VRFC 10-311] analyzing module golden_rom
INFO: [VRFC 10-311] analyzing module init_rom
INFO: [VRFC 10-311] analyzing module instr_mem
INFO: [VRFC 10-311] analyzing module test_circuit
INFO: [VRFC 10-311] analyzing module Data_mem_blk_mem_gen_generic_cstr
INFO: [VRFC 10-311] analyzing module Data_mem_blk_mem_gen_prim_width
INFO: [VRFC 10-311] analyzing module Data_mem_blk_mem_gen_prim_wrapper
INFO: [VRFC 10-311] analyzing module Data_mem_blk_mem_gen_top
INFO: [VRFC 10-311] analyzing module Data_mem_blk_mem_gen_v8_4_5
INFO: [VRFC 10-311] analyzing module Data_mem_blk_mem_gen_v8_4_5_synth
INFO: [VRFC 10-311] analyzing module golden_rom_blk_mem_gen_generic_cstr
INFO: [VRFC 10-311] analyzing module golden_rom_blk_mem_gen_prim_width
INFO: [VRFC 10-311] analyzing module golden_rom_blk_mem_gen_prim_width__parameterized0
INFO: [VRFC 10-311] analyzing module golden_rom_blk_mem_gen_prim_width__parameterized1
INFO: [VRFC 10-311] analyzing module golden_rom_blk_mem_gen_prim_width__parameterized2
INFO: [VRFC 10-311] analyzing module golden_rom_blk_mem_gen_prim_wrapper_init
INFO: [VRFC 10-311] analyzing module golden_rom_blk_mem_gen_prim_wrapper_init__parameterized0
INFO: [VRFC 10-311] analyzing module golden_rom_blk_mem_gen_prim_wrapper_init__parameterized1
INFO: [VRFC 10-311] analyzing module golden_rom_blk_mem_gen_prim_wrapper_init__parameterized2
INFO: [VRFC 10-311] analyzing module golden_rom_blk_mem_gen_top
INFO: [VRFC 10-311] analyzing module golden_rom_blk_mem_gen_v8_4_5
INFO: [VRFC 10-311] analyzing module golden_rom_blk_mem_gen_v8_4_5_synth
INFO: [VRFC 10-311] analyzing module init_rom_bindec
INFO: [VRFC 10-311] analyzing module init_rom_blk_mem_gen_generic_cstr
INFO: [VRFC 10-311] analyzing module init_rom_blk_mem_gen_mux
INFO: [VRFC 10-311] analyzing module init_rom_blk_mem_gen_prim_width
INFO: [VRFC 10-311] analyzing module init_rom_blk_mem_gen_prim_width__parameterized0
INFO: [VRFC 10-311] analyzing module init_rom_blk_mem_gen_prim_width__parameterized1
INFO: [VRFC 10-311] analyzing module init_rom_blk_mem_gen_prim_width__parameterized10
INFO: [VRFC 10-311] analyzing module init_rom_blk_mem_gen_prim_width__parameterized2
INFO: [VRFC 10-311] analyzing module init_rom_blk_mem_gen_prim_width__parameterized3
INFO: [VRFC 10-311] analyzing module init_rom_blk_mem_gen_prim_width__parameterized4
INFO: [VRFC 10-311] analyzing module init_rom_blk_mem_gen_prim_width__parameterized5
INFO: [VRFC 10-311] analyzing module init_rom_blk_mem_gen_prim_width__parameterized6
INFO: [VRFC 10-311] analyzing module init_rom_blk_mem_gen_prim_width__parameterized7
INFO: [VRFC 10-311] analyzing module init_rom_blk_mem_gen_prim_width__parameterized8
INFO: [VRFC 10-311] analyzing module init_rom_blk_mem_gen_prim_width__parameterized9
INFO: [VRFC 10-311] analyzing module init_rom_blk_mem_gen_prim_wrapper_init
INFO: [VRFC 10-311] analyzing module init_rom_blk_mem_gen_prim_wrapper_init__parameterized0
INFO: [VRFC 10-311] analyzing module init_rom_blk_mem_gen_prim_wrapper_init__parameterized1
INFO: [VRFC 10-311] analyzing module init_rom_blk_mem_gen_prim_wrapper_init__parameterized10
INFO: [VRFC 10-311] analyzing module init_rom_blk_mem_gen_prim_wrapper_init__parameterized2
INFO: [VRFC 10-311] analyzing module init_rom_blk_mem_gen_prim_wrapper_init__parameterized3
INFO: [VRFC 10-311] analyzing module init_rom_blk_mem_gen_prim_wrapper_init__parameterized4
INFO: [VRFC 10-311] analyzing module init_rom_blk_mem_gen_prim_wrapper_init__parameterized5
INFO: [VRFC 10-311] analyzing module init_rom_blk_mem_gen_prim_wrapper_init__parameterized6
INFO: [VRFC 10-311] analyzing module init_rom_blk_mem_gen_prim_wrapper_init__parameterized7
INFO: [VRFC 10-311] analyzing module init_rom_blk_mem_gen_prim_wrapper_init__parameterized8
INFO: [VRFC 10-311] analyzing module init_rom_blk_mem_gen_prim_wrapper_init__parameterized9
INFO: [VRFC 10-311] analyzing module init_rom_blk_mem_gen_top
INFO: [VRFC 10-311] analyzing module init_rom_blk_mem_gen_v8_4_5
INFO: [VRFC 10-311] analyzing module init_rom_blk_mem_gen_v8_4_5_synth
INFO: [VRFC 10-311] analyzing module instr_mem_blk_mem_gen_generic_cstr
INFO: [VRFC 10-311] analyzing module instr_mem_blk_mem_gen_prim_width
INFO: [VRFC 10-311] analyzing module instr_mem_blk_mem_gen_prim_wrapper_init
INFO: [VRFC 10-311] analyzing module instr_mem_blk_mem_gen_top
INFO: [VRFC 10-311] analyzing module instr_mem_blk_mem_gen_v8_4_5
INFO: [VRFC 10-311] analyzing module instr_mem_blk_mem_gen_v8_4_5_synth
INFO: [VRFC 10-311] analyzing module glbl
INFO: [VRFC 10-2263] Analyzing Verilog file "C:/Users/User/DSD_Lab/Final/DSD_final_project/tb/tb_finalproject.v" into library xil_defaultlib
INFO: [VRFC 10-311] analyzing module tb_finalproject
INFO: [USF-XSim-69] 'compile' step finished in '3' seconds
INFO: [USF-XSim-3] XSim::Elaborate design
INFO: [USF-XSim-61] Executing 'ELABORATE' step in 'C:/Users/User/DSD_Lab/Final/DSD_final_project/final/final.sim/sim_1/synth/timing/xsim'
"xelab --incr --debug typical --relax --mt 2 --maxdelay -L xil_defaultlib -L simprims_ver -L secureip --snapshot tb_finalproject_time_synth -transport_int_delays -pulse_r 0 -pulse_int_r 0 -pulse_e 0 -pulse_int_e 0 xil_defaultlib.tb_finalproject xil_defaultlib.glbl -log elaborate.log"
Vivado Simulator v2022.1
Copyright 1986-1999, 2001-2022 Xilinx, Inc. All Rights Reserved.
Running: C:/Xilinx/Vivado/2022.1/bin/unwrapped/win64.o/xelab.exe --incr --debug typical --relax --mt 2 --maxdelay -L xil_defaultlib -L simprims_ver -L secureip --snapshot tb_finalproject_time_synth -transport_int_delays -pulse_r 0 -pulse_int_r 0 -pulse_e 0 -pulse_int_e 0 xil_defaultlib.tb_finalproject xil_defaultlib.glbl -log elaborate.log 
Using 2 slave threads.
Starting static elaboration
Pass Through NonSizing Optimizer
Completed static elaboration
Starting simulation data flow analysis
Completed simulation data flow analysis
INFO: [XSIM 43-3451] SDF backannotation process started with SDF file "tb_finalproject_time_synth.sdf", for root module "tb_finalproject/dut".
INFO: [XSIM 43-3452] SDF backannotation was successful for SDF file "tb_finalproject_time_synth.sdf", for root module "tb_finalproject/dut".
Time Resolution for simulation is 1ps
Compiling module simprims_ver.OBUF
Compiling module simprims_ver.BUFG
Compiling module simprims_ver.IBUF
Compiling module simprims_ver.FDCE_default
Compiling module simprims_ver.DSP48E1(ACASCREG=0,ALUMODEREG=0,...
Compiling module simprims_ver.CARRY4
Compiling module simprims_ver.x_lut2_mux4
Compiling module simprims_ver.LUT2
Compiling module simprims_ver.LUT5
Compiling module simprims_ver.LUT6
Compiling module simprims_ver.x_lut3_mux8
Compiling module simprims_ver.LUT3
Compiling module simprims_ver.FDPE_default
Compiling module simprims_ver.x_lut1_mux2
Compiling module simprims_ver.LUT1
Compiling module simprims_ver.LUT4
Compiling module xil_defaultlib.CNN
Compiling module simprims_ver.MUXF7
Compiling module simprims_ver.MUXF8
Compiling module simprims_ver.GND
Compiling module simprims_ver.RB18_INTERNAL_VLOG(RDADDR_COLLIS...
Compiling module simprims_ver.RAMB18E1(INIT_00=256'b0100010100...
Compiling module xil_defaultlib.instr_mem
Compiling module xil_defaultlib.Simple_CPU
Compiling module simprims_ver.RB36_INTERNAL_VLOG(READ_WIDTH_A=...
Compiling module simprims_ver.RAMB36E1(READ_WIDTH_A=36,READ_WI...
Compiling module xil_defaultlib.Data_mem
Compiling module simprims_ver.RB36_INTERNAL_VLOG(RDADDR_COLLIS...
Compiling module simprims_ver.RAMB36E1(INITP_00=256'b010001111...
Compiling module simprims_ver.RB36_INTERNAL_VLOG(RDADDR_COLLIS...
Compiling module simprims_ver.RAMB36E1(INITP_00=256'b011001011...
Compiling module simprims_ver.RB36_INTERNAL_VLOG(RDADDR_COLLIS...
Compiling module simprims_ver.RAMB36E1(INITP_00=256'b011111100...
Compiling module simprims_ver.RB36_INTERNAL_VLOG(RDADDR_COLLIS...
Compiling module simprims_ver.RAMB36E1(INIT_00=256'b0110000111...
Compiling module xil_defaultlib.golden_rom
Compiling module simprims_ver.FDRE_default
Compiling module simprims_ver.RB18_INTERNAL_VLOG(RDADDR_COLLIS...
Compiling module simprims_ver.RAMB18E1(INIT_00=256'b0110110000...
Compiling module simprims_ver.RB36_INTERNAL_VLOG(RDADDR_COLLIS...
Compiling module simprims_ver.RAMB36E1(INITP_00=256'b111110100...
Compiling module simprims_ver.RB36_INTERNAL_VLOG(RDADDR_COLLIS...
Compiling module simprims_ver.RAMB36E1(INITP_00=256'b111000111...
Compiling module simprims_ver.RB18_INTERNAL_VLOG(RDADDR_COLLIS...
Compiling module simprims_ver.RAMB18E1(INIT_00=256'b0101011000...
Compiling module simprims_ver.RB18_INTERNAL_VLOG(RDADDR_COLLIS...
Compiling module simprims_ver.RAMB18E1(INIT_00=256'b1111101000...
Compiling module simprims_ver.RB18_INTERNAL_VLOG(RDADDR_COLLIS...
Compiling module simprims_ver.RAMB18E1(INIT_00=256'b1001111011...
Compiling module simprims_ver.RB36_INTERNAL_VLOG(RDADDR_COLLIS...
Compiling module simprims_ver.RAMB36E1(INITP_00=256'b100010001...
Compiling module simprims_ver.RB36_INTERNAL_VLOG(RDADDR_COLLIS...
Compiling module simprims_ver.RAMB36E1(INITP_00=256'b111111110...
Compiling module simprims_ver.RB18_INTERNAL_VLOG(RDADDR_COLLIS...
Compiling module simprims_ver.RAMB18E1(INITP_00=256'b111010010...
Compiling module simprims_ver.RB36_INTERNAL_VLOG(RDADDR_COLLIS...
Compiling module simprims_ver.RAMB36E1(INITP_00=256'b100010001...
Compiling module simprims_ver.RB36_INTERNAL_VLOG(RDADDR_COLLIS...
Compiling module simprims_ver.RAMB36E1(INITP_00=256'b110000111...
Compiling module simprims_ver.RB36_INTERNAL_VLOG(RDADDR_COLLIS...
Compiling module simprims_ver.RAMB36E1(INITP_00=256'b011001010...
Compiling module xil_defaultlib.init_rom
Compiling module simprims_ver.DSP48E1(ACASCREG=0,ADREG=0,ALUMO...
Compiling module xil_defaultlib.test_circuit
Compiling module xil_defaultlib.RISCV_CNN
Compiling module xil_defaultlib.tb_finalproject
Compiling module xil_defaultlib.glbl
Built simulation snapshot tb_finalproject_time_synth
run_program: Time (s): cpu = 00:00:12 ; elapsed = 00:03:06 . Memory (MB): peak = 2241.484 ; gain = 0.000
INFO: [USF-XSim-69] 'elaborate' step finished in '186' seconds
INFO: [USF-XSim-4] XSim::Simulate design
INFO: [USF-XSim-61] Executing 'SIMULATE' step in 'C:/Users/User/DSD_Lab/Final/DSD_final_project/final/final.sim/sim_1/synth/timing/xsim'
INFO: [USF-XSim-98] *** Running xsim
   with args "tb_finalproject_time_synth -key {Post-Synthesis:sim_1:Timing:tb_finalproject} -tclbatch {tb_finalproject.tcl} -log {simulate.log}"
INFO: [USF-XSim-8] Loading simulator feature
Time resolution is 1 ps
source tb_finalproject.tcl
# set curr_wave [current_wave_config]
# if { [string length $curr_wave] == 0 } {
#   if { [llength [get_objects]] > 0} {
#     add_wave /
#     set_property needs_save false [current_wave_config]
#   } else {
#      send_msg_id Add_Wave-1 WARNING "No top level signals found. Simulator will start without a wave window. If you want to open a wave window go to 'File->New Waveform Configuration' or type 'create_wave_config' in the TCL console."
#   }
# }
# run all
WARNING: "C:/Xilinx/Vivado/2022.1/data/verilog/src/unisims/FDCE.v" Line 160: Timing violation in scope /tb_finalproject/dut/u_test_circuit/anode_q_reg[0]/TChk160_13711 at time 198136 ps $recrem (negedge CLR,posedge C,(0:0:0),(0:0:0),notifier,rst_clk_enable_p,rst_clk_enable_p,CLR_dly,C_dly) 
WARNING: "C:/Xilinx/Vivado/2022.1/data/verilog/src/unisims/FDCE.v" Line 160: Timing violation in scope /tb_finalproject/dut/u_test_circuit/scan_counter_reg[0]/TChk160_13711 at time 198136 ps $recrem (negedge CLR,posedge C,(0:0:0),(0:0:0),notifier,rst_clk_enable_p,rst_clk_enable_p,CLR_dly,C_dly) 
WARNING: "C:/Xilinx/Vivado/2022.1/data/verilog/src/unisims/FDCE.v" Line 160: Timing violation in scope /tb_finalproject/dut/u_test_circuit/seven_seg_q_reg[1]/TChk160_13711 at time 198136 ps $recrem (negedge CLR,posedge C,(0:0:0),(0:0:0),notifier,rst_clk_enable_p,rst_clk_enable_p,CLR_dly,C_dly) 
WARNING: "C:/Xilinx/Vivado/2022.1/data/verilog/src/unisims/FDCE.v" Line 160: Timing violation in scope /tb_finalproject/dut/u_test_circuit/seven_seg_q_reg[2]/TChk160_13711 at time 198136 ps $recrem (negedge CLR,posedge C,(0:0:0),(0:0:0),notifier,rst_clk_enable_p,rst_clk_enable_p,CLR_dly,C_dly) 
WARNING: "C:/Xilinx/Vivado/2022.1/data/verilog/src/unisims/FDCE.v" Line 160: Timing violation in scope /tb_finalproject/dut/u_test_circuit/seven_seg_q_reg[3]/TChk160_13711 at time 198136 ps $recrem (negedge CLR,posedge C,(0:0:0),(0:0:0),notifier,rst_clk_enable_p,rst_clk_enable_p,CLR_dly,C_dly) 
WARNING: "C:/Xilinx/Vivado/2022.1/data/verilog/src/unisims/FDCE.v" Line 160: Timing violation in scope /tb_finalproject/dut/u_test_circuit/seven_seg_q_reg[4]/TChk160_13711 at time 198136 ps $recrem (negedge CLR,posedge C,(0:0:0),(0:0:0),notifier,rst_clk_enable_p,rst_clk_enable_p,CLR_dly,C_dly) 
WARNING: "C:/Xilinx/Vivado/2022.1/data/verilog/src/unisims/FDCE.v" Line 160: Timing violation in scope /tb_finalproject/dut/u_test_circuit/seven_seg_q_reg[5]/TChk160_13711 at time 198136 ps $recrem (negedge CLR,posedge C,(0:0:0),(0:0:0),notifier,rst_clk_enable_p,rst_clk_enable_p,CLR_dly,C_dly) 
WARNING: "C:/Xilinx/Vivado/2022.1/data/verilog/src/unisims/FDCE.v" Line 160: Timing violation in scope /tb_finalproject/dut/u_test_circuit/seven_seg_q_reg[6]/TChk160_13711 at time 198136 ps $recrem (negedge CLR,posedge C,(0:0:0),(0:0:0),notifier,rst_clk_enable_p,rst_clk_enable_p,CLR_dly,C_dly) 
WARNING: "C:/Xilinx/Vivado/2022.1/data/verilog/src/unisims/FDPE.v" Line 160: Timing violation in scope /tb_finalproject/dut/u_test_circuit/sys_rstn_reg_inv/TChk160_15939 at time 198136 ps $recrem (negedge PRE,posedge C,(0:0:0),(0:0:0),notifier,set_clk_enable_p,set_clk_enable_p,PRE_dly,C_dly) 
WARNING: "C:/Xilinx/Vivado/2022.1/data/verilog/src/unisims/FDPE.v" Line 160: Timing violation in scope /tb_finalproject/dut/u_test_circuit/test_mode_reg/TChk160_15939 at time 198136 ps $recrem (negedge PRE,posedge C,(0:0:0),(0:0:0),notifier,set_clk_enable_p,set_clk_enable_p,PRE_dly,C_dly) 
INFO: [Common 17-41] Interrupt caught. Command should exit soon.
run: Time (s): cpu = 00:10:11 ; elapsed = 00:57:53 . Memory (MB): peak = 2317.141 ; gain = 5.246
INFO: [Common 17-344] 'run' was cancelled
INFO: [Common 17-344] 'source' was cancelled
xsim: Time (s): cpu = 00:10:17 ; elapsed = 00:57:56 . Memory (MB): peak = 2317.141 ; gain = 75.656
INFO: [Common 17-344] 'xsim' was cancelled
INFO: [Vivado 12-5357] 'simulate' step aborted
launch_simulation: Time (s): cpu = 00:11:15 ; elapsed = 01:01:33 . Memory (MB): peak = 2317.141 ; gain = 745.465
INFO: [Common 17-344] 'launch_simulation' was cancelled
reset_run synth_1
INFO: [Project 1-1161] Replacing file C:/Users/User/DSD_Lab/FinalProject/final/final.srcs/utils_1/imports/synth_1/RISCV_CNN.dcp with file C:/Users/User/DSD_Lab/Final/DSD_final_project/final/final.runs/synth_1/RISCV_CNN.dcp
WARNING: [Vivado 12-1017] Problems encountered:
1. Failed to delete one or more files in run directory C:/Users/User/DSD_Lab/Final/DSD_final_project/final/final.runs/synth_1

launch_runs synth_1 -jobs 16
ERROR: [Vivado 12-3280] Incremental checkpoint file 'C:/Users/User/DSD_Lab/FinalProject/final/final.srcs/utils_1/imports/synth_1/RISCV_CNN.dcp' set on run 'synth_1' does not exist.
close_sim
INFO: xsimkernel Simulation Memory Usage: 121968 KB (Peak: 121968 KB), Simulation CPU Usage: 3447983 ms
INFO: [Simtcl 6-16] Simulation closed
close_sim
INFO: xsimkernel Simulation Memory Usage: 19916 KB (Peak: 19916 KB), Simulation CPU Usage: 23155 ms
INFO: [Simtcl 6-16] Simulation closed
launch_runs synth_1 -jobs 16
ERROR: [Vivado 12-3280] Incremental checkpoint file 'C:/Users/User/DSD_Lab/FinalProject/final/final.srcs/utils_1/imports/synth_1/RISCV_CNN.dcp' set on run 'synth_1' does not exist.
close_design
launch_runs synth_1 -jobs 16
ERROR: [Vivado 12-3280] Incremental checkpoint file 'C:/Users/User/DSD_Lab/FinalProject/final/final.srcs/utils_1/imports/synth_1/RISCV_CNN.dcp' set on run 'synth_1' does not exist.
launch_runs synth_1 -jobs 16
ERROR: [Vivado 12-3280] Incremental checkpoint file 'C:/Users/User/DSD_Lab/FinalProject/final/final.srcs/utils_1/imports/synth_1/RISCV_CNN.dcp' set on run 'synth_1' does not exist.
launch_runs synth_1 -jobs 16
ERROR: [Vivado 12-3280] Incremental checkpoint file 'C:/Users/User/DSD_Lab/FinalProject/final/final.srcs/utils_1/imports/synth_1/RISCV_CNN.dcp' set on run 'synth_1' does not exist.
exit
INFO: [Common 17-206] Exiting Vivado at Mon May 18 17:22:38 2026...
