#-----------------------------------------------------------
# Vivado v2022.1 (64-bit)
# SW Build 3526262 on Mon Apr 18 15:48:16 MDT 2022
# IP Build 3524634 on Mon Apr 18 20:55:01 MDT 2022
# Start of session at: Sat May 16 01:31:59 2026
# Process ID: 58384
# Current directory: C:/Users/User/DSD_Lab/Final/DSD_final_project/final
# Command line: vivado.exe -gui_launcher_event rodinguilauncherevent57188 C:\Users\User\DSD_Lab\Final\DSD_final_project\final\final.xpr
# Log file: C:/Users/User/DSD_Lab/Final/DSD_final_project/final/vivado.log
# Journal file: C:/Users/User/DSD_Lab/Final/DSD_final_project/final\vivado.jou
# Running On: MSI, OS: Windows, CPU Frequency: 1797 MHz, CPU Physical cores: 16, Host memory: 33677 MB
#-----------------------------------------------------------
start_gui
open_project C:/Users/User/DSD_Lab/Final/DSD_final_project/final/final.xpr
WARNING: [Board 49-26] cannot add Board Part xilinx.com:kc705:part0:1.6 available at C:/Xilinx/Vivado/2022.1/data/xhub/boards/XilinxBoardStore/boards/Xilinx/kc705/1.6/board.xml as part xc7k325tffg900-2 specified in board_part file is either invalid or not available
WARNING: [Board 49-26] cannot add Board Part xilinx.com:kcu105:part0:1.6 available at C:/Xilinx/Vivado/2022.1/data/xhub/boards/XilinxBoardStore/boards/Xilinx/kcu105/1.6/board.xml as part xcku040-ffva1156-2-e specified in board_part file is either invalid or not available
WARNING: [Board 49-26] cannot add Board Part xilinx.com:kcu105:part0:1.7 available at C:/Xilinx/Vivado/2022.1/data/xhub/boards/XilinxBoardStore/boards/Xilinx/kcu105/1.7/board.xml as part xcku040-ffva1156-2-e specified in board_part file is either invalid or not available
WARNING: [Board 49-26] cannot add Board Part xilinx.com:kcu1500:part0:1.2 available at C:/Xilinx/Vivado/2022.1/data/xhub/boards/XilinxBoardStore/boards/Xilinx/kcu1500/1.2/board.xml as part xcku115-flvb2104-2-e specified in board_part file is either invalid or not available
WARNING: [Board 49-26] cannot add Board Part xilinx.com:vc707:part0:1.4 available at C:/Xilinx/Vivado/2022.1/data/xhub/boards/XilinxBoardStore/boards/Xilinx/vc707/1.4/board.xml as part xc7vx485tffg1761-2 specified in board_part file is either invalid or not available
WARNING: [Board 49-26] cannot add Board Part xilinx.com:vc709:part0:1.8 available at C:/Xilinx/Vivado/2022.1/data/xhub/boards/XilinxBoardStore/boards/Xilinx/vc709/1.8/board.xml as part xc7vx690tffg1761-2 specified in board_part file is either invalid or not available
WARNING: [Board 49-26] cannot add Board Part xilinx.com:vck190:part0:2.2 available at C:/Xilinx/Vivado/2022.1/data/xhub/boards/XilinxBoardStore/boards/Xilinx/vck190/production/2.2/board.xml as part xcvc1902-vsva2197-2mp-e-s specified in board_part file is either invalid or not available
WARNING: [Board 49-26] cannot add Board Part xilinx.com:vck190:part0:3.0 available at C:/Xilinx/Vivado/2022.1/data/xhub/boards/XilinxBoardStore/boards/Xilinx/vck190/production/3.0/board.xml as part xcvc1902-vsva2197-2mp-e-s specified in board_part file is either invalid or not available
WARNING: [Board 49-26] cannot add Board Part xilinx.com:vck190_newl:part0:1.0 available at C:/Xilinx/Vivado/2022.1/data/xhub/boards/XilinxBoardStore/boards/Xilinx/vck190_newl/production/1.0/board.xml as part xcvc1902-vsva2197-2mp-e-s specified in board_part file is either invalid or not available
WARNING: [Board 49-26] cannot add Board Part xilinx.com:vcu108:part0:1.6 available at C:/Xilinx/Vivado/2022.1/data/xhub/boards/XilinxBoardStore/boards/Xilinx/vcu108/1.6/board.xml as part xcvu095-ffva2104-2-e specified in board_part file is either invalid or not available
WARNING: [Board 49-26] cannot add Board Part xilinx.com:vcu108:part0:1.7 available at C:/Xilinx/Vivado/2022.1/data/xhub/boards/XilinxBoardStore/boards/Xilinx/vcu108/1.7/board.xml as part xcvu095-ffva2104-2-e specified in board_part file is either invalid or not available
WARNING: [Board 49-26] cannot add Board Part xilinx.com:vcu110:part0:1.4 available at C:/Xilinx/Vivado/2022.1/data/xhub/boards/XilinxBoardStore/boards/Xilinx/vcu110/1.4/board.xml as part xcvu190-flgc2104-2-e specified in board_part file is either invalid or not available
WARNING: [Board 49-26] cannot add Board Part xilinx.com:vcu118:part0:2.0 available at C:/Xilinx/Vivado/2022.1/data/xhub/boards/XilinxBoardStore/boards/Xilinx/vcu118/2.0/board.xml as part xcvu9p-flga2104-2l-e specified in board_part file is either invalid or not available
WARNING: [Board 49-26] cannot add Board Part xilinx.com:vcu118:part0:2.3 available at C:/Xilinx/Vivado/2022.1/data/xhub/boards/XilinxBoardStore/boards/Xilinx/vcu118/2.3/board.xml as part xcvu9p-flga2104-2l-e specified in board_part file is either invalid or not available
WARNING: [Board 49-26] cannot add Board Part xilinx.com:vcu118:part0:2.4 available at C:/Xilinx/Vivado/2022.1/data/xhub/boards/XilinxBoardStore/boards/Xilinx/vcu118/2.4/board.xml as part xcvu9p-flga2104-2l-e specified in board_part file is either invalid or not available
WARNING: [Board 49-26] cannot add Board Part xilinx.com:vcu128:part0:1.0 available at C:/Xilinx/Vivado/2022.1/data/xhub/boards/XilinxBoardStore/boards/Xilinx/vcu128/production/1.0/board.xml as part xcvu37p-fsvh2892-2l-e specified in board_part file is either invalid or not available
WARNING: [Board 49-26] cannot add Board Part xilinx.com:vcu129:part0:1.0 available at C:/Xilinx/Vivado/2022.1/data/xhub/boards/XilinxBoardStore/boards/Xilinx/vcu129/production/1.0/board.xml as part xcvu29p-fsga2577-2l-e specified in board_part file is either invalid or not available
WARNING: [Board 49-26] cannot add Board Part xilinx.com:vcu1525:part0:1.3 available at C:/Xilinx/Vivado/2022.1/data/xhub/boards/XilinxBoardStore/boards/Xilinx/vcu1525/1.3/board.xml as part xcvu9p-fsgd2104-2l-e specified in board_part file is either invalid or not available
WARNING: [Board 49-26] cannot add Board Part xilinx.com:vermeo_t1_mpsoc:part0:1.0 available at C:/Xilinx/Vivado/2022.1/data/xhub/boards/XilinxBoardStore/boards/Xilinx/vermeo_t1_mpsoc/1.0/board.xml as part xczu19eg-ffvd1760-2l-e specified in board_part file is either invalid or not available
WARNING: [Board 49-26] cannot add Board Part xilinx.com:vermeo_t1_rfsoc:part0:1.0 available at C:/Xilinx/Vivado/2022.1/data/xhub/boards/XilinxBoardStore/boards/Xilinx/vermeo_t1_rfsoc/1.0/board.xml as part xczu21dr-ffvd1156-2l-e specified in board_part file is either invalid or not available
WARNING: [Board 49-26] cannot add Board Part xilinx.com:vmk180:part0:2.2 available at C:/Xilinx/Vivado/2022.1/data/xhub/boards/XilinxBoardStore/boards/Xilinx/vmk180/production/2.2/board.xml as part xcvm1802-vsva2197-2mp-e-s specified in board_part file is either invalid or not available
WARNING: [Board 49-26] cannot add Board Part xilinx.com:vmk180:part0:3.0 available at C:/Xilinx/Vivado/2022.1/data/xhub/boards/XilinxBoardStore/boards/Xilinx/vmk180/production/3.0/board.xml as part xcvm1802-vsva2197-2mp-e-s specified in board_part file is either invalid or not available
WARNING: [Board 49-26] cannot add Board Part xilinx.com:vmk180_newl:part0:1.0 available at C:/Xilinx/Vivado/2022.1/data/xhub/boards/XilinxBoardStore/boards/Xilinx/vmk180_newl/production/1.0/board.xml as part xcvm1802-vsva2197-2mp-e-s specified in board_part file is either invalid or not available
WARNING: [Board 49-26] cannot add Board Part xilinx.com:vpk120_es:part0:1.2 available at C:/Xilinx/Vivado/2022.1/data/xhub/boards/XilinxBoardStore/boards/Xilinx/vpk120/es/1.2/board.xml as part xcvp1202-vsva2785-2mp-e-s-es1 specified in board_part file is either invalid or not available
WARNING: [Board 49-26] cannot add Board Part xilinx.com:vpk120_es_revb:part0:1.0 available at C:/Xilinx/Vivado/2022.1/data/xhub/boards/XilinxBoardStore/boards/Xilinx/vpk120_revb/es/1.0/board.xml as part xcvp1202-vsva2785-2mp-e-s-es1 specified in board_part file is either invalid or not available
WARNING: [Board 49-26] cannot add Board Part xilinx.com:zc706:part0:1.4 available at C:/Xilinx/Vivado/2022.1/data/xhub/boards/XilinxBoardStore/boards/Xilinx/zc706/1.4/board.xml as part xc7z045ffg900-2 specified in board_part file is either invalid or not available
WARNING: [Board 49-26] cannot add Board Part xilinx.com:zcu102:part0:3.3 available at C:/Xilinx/Vivado/2022.1/data/xhub/boards/XilinxBoardStore/boards/Xilinx/zcu102/3.3/board.xml as part xczu9eg-ffvb1156-2-e specified in board_part file is either invalid or not available
WARNING: [Board 49-26] cannot add Board Part xilinx.com:zcu102:part0:3.4 available at C:/Xilinx/Vivado/2022.1/data/xhub/boards/XilinxBoardStore/boards/Xilinx/zcu102/3.4/board.xml as part xczu9eg-ffvb1156-2-e specified in board_part file is either invalid or not available
WARNING: [Board 49-26] cannot add Board Part xilinx.com:zcu111:part0:1.2 available at C:/Xilinx/Vivado/2022.1/data/xhub/boards/XilinxBoardStore/boards/Xilinx/zcu111/1.2/board.xml as part xczu28dr-ffvg1517-2-e specified in board_part file is either invalid or not available
WARNING: [Board 49-26] cannot add Board Part xilinx.com:zcu111:part0:1.3 available at C:/Xilinx/Vivado/2022.1/data/xhub/boards/XilinxBoardStore/boards/Xilinx/zcu111/1.3/board.xml as part xczu28dr-ffvg1517-2-e specified in board_part file is either invalid or not available
WARNING: [Board 49-26] cannot add Board Part xilinx.com:zcu111:part0:1.4 available at C:/Xilinx/Vivado/2022.1/data/xhub/boards/XilinxBoardStore/boards/Xilinx/zcu111/1.4/board.xml as part xczu28dr-ffvg1517-2-e specified in board_part file is either invalid or not available
WARNING: [Board 49-26] cannot add Board Part xilinx.com:zcu1275:part0:1.0 available at C:/Xilinx/Vivado/2022.1/data/xhub/boards/XilinxBoardStore/boards/Xilinx/zcu1275/1.0/board.xml as part xczu29dr-ffvf1760-2-e specified in board_part file is either invalid or not available
WARNING: [Board 49-26] cannot add Board Part xilinx.com:zcu1285:part0:1.0 available at C:/Xilinx/Vivado/2022.1/data/xhub/boards/XilinxBoardStore/boards/Xilinx/zcu1285/1.0/board.xml as part xczu39dr-ffvf1760-2-i specified in board_part file is either invalid or not available
WARNING: [Board 49-26] cannot add Board Part xilinx.com:zcu208:part0:2.0 available at C:/Xilinx/Vivado/2022.1/data/xhub/boards/XilinxBoardStore/boards/Xilinx/zcu208/production/2.0/board.xml as part xczu48dr-fsvg1517-2-e specified in board_part file is either invalid or not available
WARNING: [Board 49-26] cannot add Board Part xilinx.com:zcu208ld:part0:2.0 available at C:/Xilinx/Vivado/2022.1/data/xhub/boards/XilinxBoardStore/boards/Xilinx/zcu208ld/production/2.0/board.xml as part xczu58dr-fsvg1517-2-i specified in board_part file is either invalid or not available
WARNING: [Board 49-26] cannot add Board Part xilinx.com:zcu216:part0:2.0 available at C:/Xilinx/Vivado/2022.1/data/xhub/boards/XilinxBoardStore/boards/Xilinx/zcu216/production/2.0/board.xml as part xczu49dr-ffvf1760-2-e specified in board_part file is either invalid or not available
WARNING: [Board 49-26] cannot add Board Part xilinx.com:zcu216ld:part0:2.0 available at C:/Xilinx/Vivado/2022.1/data/xhub/boards/XilinxBoardStore/boards/Xilinx/zcu216ld/production/2.0/board.xml as part xczu59dr-ffvf1760-2-i specified in board_part file is either invalid or not available
WARNING: [Board 49-26] cannot add Board Part xilinx.com:zcu670:part0:2.0 available at C:/Xilinx/Vivado/2022.1/data/xhub/boards/XilinxBoardStore/boards/Xilinx/zcu670/2.0/board.xml as part xczu67dr-fsve1156-2-i specified in board_part file is either invalid or not available
WARNING: [Board 49-26] cannot add Board Part xilinx.com:zcu670ld:part0:1.0 available at C:/Xilinx/Vivado/2022.1/data/xhub/boards/XilinxBoardStore/boards/Xilinx/zcu670ld/1.0/board.xml as part xczu57dr-fsve1156-2-i specified in board_part file is either invalid or not available
INFO: [Project 1-313] Project file moved from 'C:/Users/User/DSD_Lab/FinalProject/final' since last save.
Scanning sources...
Finished scanning sources
WARNING: [Project 1-509] GeneratedRun file for 'synth_1' not found
WARNING: [Project 1-509] GeneratedRun file for 'Data_mem_synth_1' not found
WARNING: [Project 1-509] GeneratedRun file for 'instr_mem_synth_1' not found
WARNING: [Project 1-509] GeneratedRun file for 'golden_rom_synth_1' not found
WARNING: [Project 1-509] GeneratedRun file for 'init_rom_synth_1' not found
WARNING: [Project 1-509] GeneratedRun file for 'impl_1' not found
INFO: [IP_Flow 19-234] Refreshing IP repositories
INFO: [IP_Flow 19-1704] No user IP repositories specified
INFO: [IP_Flow 19-2313] Loaded Vivado IP repository 'C:/Xilinx/Vivado/2022.1/data/ip'.
open_project: Time (s): cpu = 00:00:21 ; elapsed = 00:00:09 . Memory (MB): peak = 1226.312 ; gain = 0.000
update_compile_order -fileset sources_1
launch_runs synth_1 -jobs 16
WARNING: [Vivado 12-7122] Auto Incremental Compile:: No reference checkpoint was found in run synth_1. Auto-incremental flow will not be run, the standard flow will be run instead.
[Sat May 16 01:33:27 2026] Launched Data_mem_synth_1, instr_mem_synth_1, golden_rom_synth_1, init_rom_synth_1...
Run output will be captured here:
Data_mem_synth_1: C:/Users/User/DSD_Lab/Final/DSD_final_project/final/final.runs/Data_mem_synth_1/runme.log
instr_mem_synth_1: C:/Users/User/DSD_Lab/Final/DSD_final_project/final/final.runs/instr_mem_synth_1/runme.log
golden_rom_synth_1: C:/Users/User/DSD_Lab/Final/DSD_final_project/final/final.runs/golden_rom_synth_1/runme.log
init_rom_synth_1: C:/Users/User/DSD_Lab/Final/DSD_final_project/final/final.runs/init_rom_synth_1/runme.log
[Sat May 16 01:33:28 2026] Launched synth_1...
Run output will be captured here: C:/Users/User/DSD_Lab/Final/DSD_final_project/final/final.runs/synth_1/runme.log
launch_simulation
Command: launch_simulation 
INFO: [Vivado 12-12493] Simulation top is 'tb_finalproject'
WARNING: [Vivado 12-13340] Unable to auto find GCC executables from simulator install path! (path not set)
WARNING: [Vivado 12-13277] Compiled library path does not exist: ''
INFO: [Vivado 12-5698] Checking validity of IPs in the design for the 'XSim' simulator...
INFO: [Vivado 12-5682] Launching behavioral simulation in 'C:/Users/User/DSD_Lab/Final/DSD_final_project/final/final.sim/sim_1/behav/xsim'
INFO: [Vivado 12-4795] Using compiled simulation libraries for IPs
INFO: [SIM-utils-51] Simulation object is 'sim_1'
INFO: [SIM-utils-72] Using boost library from 'C:/Xilinx/Vivado/2022.1/tps/boost_1_72_0'
INFO: [USF-XSim-7] Finding pre-compiled libraries...
INFO: [USF-XSim-11] File 'C:/Xilinx/Vivado/2022.1/data/xsim/xsim.ini' copied to run dir:'C:/Users/User/DSD_Lab/Final/DSD_final_project/final/final.sim/sim_1/behav/xsim'
INFO: [SIM-utils-54] Inspecting design source files for 'tb_finalproject' in fileset 'sim_1'...
INFO: [SIM-utils-43] Exported 'C:/Users/User/DSD_Lab/Final/DSD_final_project/final/final.sim/sim_1/behav/xsim/golden_rom.mif'
INFO: [SIM-utils-43] Exported 'C:/Users/User/DSD_Lab/Final/DSD_final_project/final/final.sim/sim_1/behav/xsim/golden_rom.coe'
INFO: [SIM-utils-43] Exported 'C:/Users/User/DSD_Lab/Final/DSD_final_project/final/final.sim/sim_1/behav/xsim/init_rom.mif'
INFO: [SIM-utils-43] Exported 'C:/Users/User/DSD_Lab/Final/DSD_final_project/final/final.sim/sim_1/behav/xsim/init_rom.coe'
INFO: [SIM-utils-43] Exported 'C:/Users/User/DSD_Lab/Final/DSD_final_project/final/final.sim/sim_1/behav/xsim/instr_mem.mif'
INFO: [SIM-utils-43] Exported 'C:/Users/User/DSD_Lab/Final/DSD_final_project/final/final.sim/sim_1/behav/xsim/instr_mem_cpucheck.coe'
INFO: [USF-XSim-97] Finding global include files...
INFO: [USF-XSim-98] Fetching design files from 'sim_1'...
INFO: [USF-XSim-2] XSim::Compile design
INFO: [USF-XSim-61] Executing 'COMPILE and ANALYZE' step in 'C:/Users/User/DSD_Lab/Final/DSD_final_project/final/final.sim/sim_1/behav/xsim'
"xvlog --incr --relax -prj tb_finalproject_vlog.prj"
INFO: [VRFC 10-2263] Analyzing Verilog file "C:/Users/User/DSD_Lab/Final/DSD_final_project/final/final.gen/sources_1/ip/Data_mem/sim/Data_mem.v" into library xil_defaultlib
INFO: [VRFC 10-311] analyzing module Data_mem
INFO: [VRFC 10-2263] Analyzing Verilog file "C:/Users/User/DSD_Lab/Final/DSD_final_project/final/final.gen/sources_1/ip/instr_mem/sim/instr_mem.v" into library xil_defaultlib
INFO: [VRFC 10-311] analyzing module instr_mem
INFO: [VRFC 10-2263] Analyzing Verilog file "C:/Users/User/DSD_Lab/Final/DSD_final_project/final/final.gen/sources_1/ip/golden_rom/sim/golden_rom.v" into library xil_defaultlib
INFO: [VRFC 10-311] analyzing module golden_rom
INFO: [VRFC 10-2263] Analyzing Verilog file "C:/Users/User/DSD_Lab/Final/DSD_final_project/final/final.gen/sources_1/ip/init_rom/sim/init_rom.v" into library xil_defaultlib
INFO: [VRFC 10-311] analyzing module init_rom
INFO: [VRFC 10-2263] Analyzing Verilog file "C:/Users/User/DSD_Lab/Final/DSD_final_project/RISCV_CNN.v" into library xil_defaultlib
INFO: [VRFC 10-311] analyzing module RISCV_CNN
INFO: [VRFC 10-2263] Analyzing Verilog file "C:/Users/User/DSD_Lab/Final/DSD_final_project/src/student_fp_core.v" into library xil_defaultlib
INFO: [VRFC 10-311] analyzing module Simple_CPU
INFO: [VRFC 10-311] analyzing module CNN
INFO: [VRFC 10-2263] Analyzing Verilog file "C:/Users/User/DSD_Lab/Final/DSD_final_project/test_circuit_bram_ip.v" into library xil_defaultlib
INFO: [VRFC 10-311] analyzing module test_circuit
INFO: [VRFC 10-2263] Analyzing Verilog file "C:/Users/User/DSD_Lab/Final/DSD_final_project/tb/tb_finalproject.v" into library xil_defaultlib
INFO: [VRFC 10-311] analyzing module tb_finalproject
INFO: [VRFC 10-2263] Analyzing Verilog file "C:/Users/User/DSD_Lab/Final/DSD_final_project/final/final.sim/sim_1/behav/xsim/glbl.v" into library xil_defaultlib
INFO: [VRFC 10-311] analyzing module glbl
INFO: [USF-XSim-69] 'compile' step finished in '2' seconds
INFO: [USF-XSim-3] XSim::Elaborate design
INFO: [USF-XSim-61] Executing 'ELABORATE' step in 'C:/Users/User/DSD_Lab/Final/DSD_final_project/final/final.sim/sim_1/behav/xsim'
"xelab --incr --debug typical --relax --mt 2 -L xil_defaultlib -L blk_mem_gen_v8_4_5 -L unisims_ver -L unimacro_ver -L secureip -L xpm --snapshot tb_finalproject_behav xil_defaultlib.tb_finalproject xil_defaultlib.glbl -log elaborate.log"
INFO: [Common 17-41] Interrupt caught. Command should exit soon.
Vivado Simulator v2022.1
Copyright 1986-1999, 2001-2022 Xilinx, Inc. All Rights Reserved.
Running: C:/Xilinx/Vivado/2022.1/bin/unwrapped/win64.o/xelab.exe --incr --debug typical --relax --mt 2 -L xil_defaultlib -L blk_mem_gen_v8_4_5 -L unisims_ver -L unimacro_ver -L secureip -L xpm --snapshot tb_finalproject_behav xil_defaultlib.tb_finalproject xil_defaultlib.glbl -log elaborate.log 
Using 2 slave threads.
Starting static elaboration
Pass Through NonSizing Optimizer
Completed static elaboration
Starting simulation data flow analysis
Completed simulation data flow analysis
Time Resolution for simulation is 1ps
Compiling module blk_mem_gen_v8_4_5.blk_mem_gen_v8_4_5_output_stage(...
Compiling module blk_mem_gen_v8_4_5.blk_mem_gen_v8_4_5_softecc_outpu...
Compiling module blk_mem_gen_v8_4_5.blk_mem_gen_v8_4_5_mem_module(C_...
Compiling module blk_mem_gen_v8_4_5.blk_mem_gen_v8_4_5(C_FAMILY="art...
Compiling module xil_defaultlib.init_rom
Compiling module blk_mem_gen_v8_4_5.blk_mem_gen_v8_4_5_output_stage(...
Compiling module blk_mem_gen_v8_4_5.blk_mem_gen_v8_4_5_softecc_outpu...
Compiling module blk_mem_gen_v8_4_5.blk_mem_gen_v8_4_5_mem_module(C_...
Compiling module blk_mem_gen_v8_4_5.blk_mem_gen_v8_4_5(C_FAMILY="art...
Compiling module xil_defaultlib.golden_rom
Compiling module xil_defaultlib.test_circuit_default
Compiling module blk_mem_gen_v8_4_5.blk_mem_gen_v8_4_5_output_stage(...
Compiling module blk_mem_gen_v8_4_5.blk_mem_gen_v8_4_5_softecc_outpu...
Compiling module blk_mem_gen_v8_4_5.blk_mem_gen_v8_4_5_mem_module(C_...
Compiling module blk_mem_gen_v8_4_5.blk_mem_gen_v8_4_5(C_FAMILY="art...
Compiling module xil_defaultlib.instr_mem
Compiling module xil_defaultlib.Simple_CPU
Compiling module xil_defaultlib.CNN
Compiling module blk_mem_gen_v8_4_5.blk_mem_gen_v8_4_5_output_stage(...
Compiling module blk_mem_gen_v8_4_5.blk_mem_gen_v8_4_5_softecc_outpu...
Compiling module blk_mem_gen_v8_4_5.blk_mem_gen_v8_4_5_mem_module(C_...
Compiling module blk_mem_gen_v8_4_5.blk_mem_gen_v8_4_5(C_FAMILY="art...
Compiling module xil_defaultlib.Data_mem
Compiling module xil_defaultlib.RISCV_CNN
Compiling module xil_defaultlib.tb_finalproject
Compiling module xil_defaultlib.glbl
INFO: [Common 17-344] 'run_program' was cancelled
INFO: [Vivado 12-5357] 'elaborate' step aborted
launch_simulation: Time (s): cpu = 00:00:04 ; elapsed = 00:00:09 . Memory (MB): peak = 1226.312 ; gain = 0.000
INFO: [Common 17-344] 'launch_simulation' was cancelled
reset_run synth_1
WARNING: [Vivado 12-1017] Problems encountered:
1. Failed to delete one or more files in run directory C:/Users/User/DSD_Lab/Final/DSD_final_project/final/final.runs/synth_1

launch_runs synth_1 -jobs 16
WARNING: [Vivado 12-7122] Auto Incremental Compile:: No reference checkpoint was found in run synth_1. Auto-incremental flow will not be run, the standard flow will be run instead.
[Sat May 16 01:35:57 2026] Launched synth_1...
Run output will be captured here: C:/Users/User/DSD_Lab/Final/DSD_final_project/final/final.runs/synth_1/runme.log
launch_simulation
Command: launch_simulation 
INFO: [Vivado 12-12493] Simulation top is 'tb_finalproject'
WARNING: [Vivado 12-13340] Unable to auto find GCC executables from simulator install path! (path not set)
WARNING: [Vivado 12-13277] Compiled library path does not exist: ''
INFO: [Vivado 12-5698] Checking validity of IPs in the design for the 'XSim' simulator...
INFO: [Vivado 12-5682] Launching behavioral simulation in 'C:/Users/User/DSD_Lab/Final/DSD_final_project/final/final.sim/sim_1/behav/xsim'
INFO: [Vivado 12-4795] Using compiled simulation libraries for IPs
INFO: [SIM-utils-51] Simulation object is 'sim_1'
INFO: [SIM-utils-72] Using boost library from 'C:/Xilinx/Vivado/2022.1/tps/boost_1_72_0'
INFO: [USF-XSim-7] Finding pre-compiled libraries...
INFO: [USF-XSim-11] File 'C:/Xilinx/Vivado/2022.1/data/xsim/xsim.ini' copied to run dir:'C:/Users/User/DSD_Lab/Final/DSD_final_project/final/final.sim/sim_1/behav/xsim'
INFO: [SIM-utils-54] Inspecting design source files for 'tb_finalproject' in fileset 'sim_1'...
INFO: [SIM-utils-43] Exported 'C:/Users/User/DSD_Lab/Final/DSD_final_project/final/final.sim/sim_1/behav/xsim/golden_rom.mif'
INFO: [SIM-utils-43] Exported 'C:/Users/User/DSD_Lab/Final/DSD_final_project/final/final.sim/sim_1/behav/xsim/golden_rom.coe'
INFO: [SIM-utils-43] Exported 'C:/Users/User/DSD_Lab/Final/DSD_final_project/final/final.sim/sim_1/behav/xsim/init_rom.mif'
INFO: [SIM-utils-43] Exported 'C:/Users/User/DSD_Lab/Final/DSD_final_project/final/final.sim/sim_1/behav/xsim/init_rom.coe'
INFO: [SIM-utils-43] Exported 'C:/Users/User/DSD_Lab/Final/DSD_final_project/final/final.sim/sim_1/behav/xsim/instr_mem.mif'
INFO: [SIM-utils-43] Exported 'C:/Users/User/DSD_Lab/Final/DSD_final_project/final/final.sim/sim_1/behav/xsim/instr_mem_cpucheck.coe'
INFO: [USF-XSim-97] Finding global include files...
INFO: [USF-XSim-98] Fetching design files from 'sim_1'...
INFO: [USF-XSim-2] XSim::Compile design
INFO: [USF-XSim-61] Executing 'COMPILE and ANALYZE' step in 'C:/Users/User/DSD_Lab/Final/DSD_final_project/final/final.sim/sim_1/behav/xsim'
"xvlog --incr --relax -prj tb_finalproject_vlog.prj"
INFO: [USF-XSim-69] 'compile' step finished in '1' seconds
INFO: [USF-XSim-3] XSim::Elaborate design
INFO: [USF-XSim-61] Executing 'ELABORATE' step in 'C:/Users/User/DSD_Lab/Final/DSD_final_project/final/final.sim/sim_1/behav/xsim'
"xelab --incr --debug typical --relax --mt 2 -L xil_defaultlib -L blk_mem_gen_v8_4_5 -L unisims_ver -L unimacro_ver -L secureip -L xpm --snapshot tb_finalproject_behav xil_defaultlib.tb_finalproject xil_defaultlib.glbl -log elaborate.log"
Vivado Simulator v2022.1
Copyright 1986-1999, 2001-2022 Xilinx, Inc. All Rights Reserved.
Running: C:/Xilinx/Vivado/2022.1/bin/unwrapped/win64.o/xelab.exe --incr --debug typical --relax --mt 2 -L xil_defaultlib -L blk_mem_gen_v8_4_5 -L unisims_ver -L unimacro_ver -L secureip -L xpm --snapshot tb_finalproject_behav xil_defaultlib.tb_finalproject xil_defaultlib.glbl -log elaborate.log 
Using 2 slave threads.
Starting static elaboration
Pass Through NonSizing Optimizer
Completed static elaboration
Starting simulation data flow analysis
Completed simulation data flow analysis
Time Resolution for simulation is 1ps
Compiling module blk_mem_gen_v8_4_5.blk_mem_gen_v8_4_5_output_stage(...
Compiling module blk_mem_gen_v8_4_5.blk_mem_gen_v8_4_5_softecc_outpu...
Compiling module blk_mem_gen_v8_4_5.blk_mem_gen_v8_4_5_mem_module(C_...
Compiling module blk_mem_gen_v8_4_5.blk_mem_gen_v8_4_5(C_FAMILY="art...
Compiling module xil_defaultlib.init_rom
Compiling module blk_mem_gen_v8_4_5.blk_mem_gen_v8_4_5_output_stage(...
Compiling module blk_mem_gen_v8_4_5.blk_mem_gen_v8_4_5_softecc_outpu...
Compiling module blk_mem_gen_v8_4_5.blk_mem_gen_v8_4_5_mem_module(C_...
Compiling module blk_mem_gen_v8_4_5.blk_mem_gen_v8_4_5(C_FAMILY="art...
Compiling module xil_defaultlib.golden_rom
Compiling module xil_defaultlib.test_circuit_default
Compiling module blk_mem_gen_v8_4_5.blk_mem_gen_v8_4_5_output_stage(...
Compiling module blk_mem_gen_v8_4_5.blk_mem_gen_v8_4_5_softecc_outpu...
Compiling module blk_mem_gen_v8_4_5.blk_mem_gen_v8_4_5_mem_module(C_...
Compiling module blk_mem_gen_v8_4_5.blk_mem_gen_v8_4_5(C_FAMILY="art...
Compiling module xil_defaultlib.instr_mem
Compiling module xil_defaultlib.Simple_CPU
Compiling module xil_defaultlib.CNN
Compiling module blk_mem_gen_v8_4_5.blk_mem_gen_v8_4_5_output_stage(...
Compiling module blk_mem_gen_v8_4_5.blk_mem_gen_v8_4_5_softecc_outpu...
Compiling module blk_mem_gen_v8_4_5.blk_mem_gen_v8_4_5_mem_module(C_...
Compiling module blk_mem_gen_v8_4_5.blk_mem_gen_v8_4_5(C_FAMILY="art...
Compiling module xil_defaultlib.Data_mem
Compiling module xil_defaultlib.RISCV_CNN
Compiling module xil_defaultlib.tb_finalproject
Compiling module xil_defaultlib.glbl
Built simulation snapshot tb_finalproject_behav
run_program: Time (s): cpu = 00:00:00 ; elapsed = 00:00:11 . Memory (MB): peak = 1226.312 ; gain = 0.000
INFO: [USF-XSim-69] 'elaborate' step finished in '11' seconds
INFO: [USF-XSim-4] XSim::Simulate design
INFO: [USF-XSim-61] Executing 'SIMULATE' step in 'C:/Users/User/DSD_Lab/Final/DSD_final_project/final/final.sim/sim_1/behav/xsim'
INFO: [USF-XSim-98] *** Running xsim
   with args "tb_finalproject_behav -key {Behavioral:sim_1:Functional:tb_finalproject} -tclbatch {tb_finalproject.tcl} -log {simulate.log}"
INFO: [USF-XSim-8] Loading simulator feature
Time resolution is 1 ps
source tb_finalproject.tcl
# set curr_wave [current_wave_config]
# if { [string length $curr_wave] == 0 } {
#   if { [llength [get_objects]] > 0} {
#     add_wave /
#     set_property needs_save false [current_wave_config]
#   } else {
#      send_msg_id Add_Wave-1 WARNING "No top level signals found. Simulator will start without a wave window. If you want to open a wave window go to 'File->New Waveform Configuration' or type 'create_wave_config' in the TCL console."
#   }
# }
# run 1000ns
 Block Memory Generator module loading initial data...
 Block Memory Generator data initialization complete.
Block Memory Generator module tb_finalproject.dut.u_test_circuit.init_rom_inst.inst.\native_mem_module.blk_mem_gen_v8_4_5_inst  is using a behavioral model for simulation which will not precisely model memory collision behavior.
 Block Memory Generator module loading initial data...
 Block Memory Generator data initialization complete.
Block Memory Generator module tb_finalproject.dut.u_test_circuit.golden_rom_inst.inst.\native_mem_module.blk_mem_gen_v8_4_5_inst  is using a behavioral model for simulation which will not precisely model memory collision behavior.
 Block Memory Generator module loading initial data...
 Block Memory Generator data initialization complete.
Block Memory Generator module tb_finalproject.dut.u_cpu.u_instr_mem.inst.\native_mem_module.blk_mem_gen_v8_4_5_inst  is using a behavioral model for simulation which will not precisely model memory collision behavior.
Block Memory Generator module tb_finalproject.dut.u_data_mem.inst.\native_mem_module.blk_mem_gen_v8_4_5_inst  is using a behavioral model for simulation which will not precisely model memory collision behavior.
INFO: [USF-XSim-96] XSim completed. Design snapshot 'tb_finalproject_behav' loaded.
INFO: [USF-XSim-97] XSim simulation ran for 1000ns
launch_simulation: Time (s): cpu = 00:00:08 ; elapsed = 00:00:17 . Memory (MB): peak = 1226.312 ; gain = 0.000
run all
blk_mem_gen_v8_4_5 collision detected at time: 10000485000, Instance: tb_finalproject.dut.u_data_mem.inst.\native_mem_module.blk_mem_gen_v8_4_5_inst , A write address: 6, B  read address: 6
blk_mem_gen_v8_4_5 collision detected at time: 10010795000, Instance: tb_finalproject.dut.u_data_mem.inst.\native_mem_module.blk_mem_gen_v8_4_5_inst , A write address: 6, B  read address: 6
blk_mem_gen_v8_4_5 collision detected at time: 10032445000, Instance: tb_finalproject.dut.u_data_mem.inst.\native_mem_module.blk_mem_gen_v8_4_5_inst , A write address: 6, B  read address: 6
blk_mem_gen_v8_4_5 collision detected at time: 10032465000, Instance: tb_finalproject.dut.u_data_mem.inst.\native_mem_module.blk_mem_gen_v8_4_5_inst , A read address: 6, B write address: 6
blk_mem_gen_v8_4_5 collision detected at time: 10052975000, Instance: tb_finalproject.dut.u_data_mem.inst.\native_mem_module.blk_mem_gen_v8_4_5_inst , A write address: 6, B  read address: 6
blk_mem_gen_v8_4_5 collision detected at time: 10063285000, Instance: tb_finalproject.dut.u_data_mem.inst.\native_mem_module.blk_mem_gen_v8_4_5_inst , A write address: 6, B  read address: 6
blk_mem_gen_v8_4_5 collision detected at time: 10084935000, Instance: tb_finalproject.dut.u_data_mem.inst.\native_mem_module.blk_mem_gen_v8_4_5_inst , A write address: 6, B  read address: 6
blk_mem_gen_v8_4_5 collision detected at time: 10084955000, Instance: tb_finalproject.dut.u_data_mem.inst.\native_mem_module.blk_mem_gen_v8_4_5_inst , A read address: 6, B write address: 6
blk_mem_gen_v8_4_5 collision detected at time: 10117115000, Instance: tb_finalproject.dut.u_data_mem.inst.\native_mem_module.blk_mem_gen_v8_4_5_inst , A write address: 6, B  read address: 6
blk_mem_gen_v8_4_5 collision detected at time: 10127425000, Instance: tb_finalproject.dut.u_data_mem.inst.\native_mem_module.blk_mem_gen_v8_4_5_inst , A write address: 6, B  read address: 6
blk_mem_gen_v8_4_5 collision detected at time: 10149075000, Instance: tb_finalproject.dut.u_data_mem.inst.\native_mem_module.blk_mem_gen_v8_4_5_inst , A write address: 6, B  read address: 6
blk_mem_gen_v8_4_5 collision detected at time: 10149095000, Instance: tb_finalproject.dut.u_data_mem.inst.\native_mem_module.blk_mem_gen_v8_4_5_inst , A read address: 6, B write address: 6
blk_mem_gen_v8_4_5 collision detected at time: 10196125000, Instance: tb_finalproject.dut.u_data_mem.inst.\native_mem_module.blk_mem_gen_v8_4_5_inst , A write address: 6, B  read address: 6
blk_mem_gen_v8_4_5 collision detected at time: 10206435000, Instance: tb_finalproject.dut.u_data_mem.inst.\native_mem_module.blk_mem_gen_v8_4_5_inst , A write address: 6, B  read address: 6
blk_mem_gen_v8_4_5 collision detected at time: 10228085000, Instance: tb_finalproject.dut.u_data_mem.inst.\native_mem_module.blk_mem_gen_v8_4_5_inst , A write address: 6, B  read address: 6
blk_mem_gen_v8_4_5 collision detected at time: 10228105000, Instance: tb_finalproject.dut.u_data_mem.inst.\native_mem_module.blk_mem_gen_v8_4_5_inst , A read address: 6, B write address: 6
blk_mem_gen_v8_4_5 collision detected at time: 10292745000, Instance: tb_finalproject.dut.u_data_mem.inst.\native_mem_module.blk_mem_gen_v8_4_5_inst , A write address: 6, B  read address: 6
blk_mem_gen_v8_4_5 collision detected at time: 10303055000, Instance: tb_finalproject.dut.u_data_mem.inst.\native_mem_module.blk_mem_gen_v8_4_5_inst , A write address: 6, B  read address: 6
blk_mem_gen_v8_4_5 collision detected at time: 10324705000, Instance: tb_finalproject.dut.u_data_mem.inst.\native_mem_module.blk_mem_gen_v8_4_5_inst , A write address: 6, B  read address: 6
blk_mem_gen_v8_4_5 collision detected at time: 10324725000, Instance: tb_finalproject.dut.u_data_mem.inst.\native_mem_module.blk_mem_gen_v8_4_5_inst , A read address: 6, B write address: 6
blk_mem_gen_v8_4_5 collision detected at time: 10410195000, Instance: tb_finalproject.dut.u_data_mem.inst.\native_mem_module.blk_mem_gen_v8_4_5_inst , A write address: 6, B  read address: 6
blk_mem_gen_v8_4_5 collision detected at time: 10420505000, Instance: tb_finalproject.dut.u_data_mem.inst.\native_mem_module.blk_mem_gen_v8_4_5_inst , A write address: 6, B  read address: 6
blk_mem_gen_v8_4_5 collision detected at time: 10442155000, Instance: tb_finalproject.dut.u_data_mem.inst.\native_mem_module.blk_mem_gen_v8_4_5_inst , A write address: 6, B  read address: 6
blk_mem_gen_v8_4_5 collision detected at time: 10442175000, Instance: tb_finalproject.dut.u_data_mem.inst.\native_mem_module.blk_mem_gen_v8_4_5_inst , A read address: 6, B write address: 6
blk_mem_gen_v8_4_5 collision detected at time: 10551215000, Instance: tb_finalproject.dut.u_data_mem.inst.\native_mem_module.blk_mem_gen_v8_4_5_inst , A write address: 6, B  read address: 6
blk_mem_gen_v8_4_5 collision detected at time: 10561525000, Instance: tb_finalproject.dut.u_data_mem.inst.\native_mem_module.blk_mem_gen_v8_4_5_inst , A write address: 6, B  read address: 6
blk_mem_gen_v8_4_5 collision detected at time: 10583175000, Instance: tb_finalproject.dut.u_data_mem.inst.\native_mem_module.blk_mem_gen_v8_4_5_inst , A write address: 6, B  read address: 6
blk_mem_gen_v8_4_5 collision detected at time: 10583195000, Instance: tb_finalproject.dut.u_data_mem.inst.\native_mem_module.blk_mem_gen_v8_4_5_inst , A read address: 6, B write address: 6
blk_mem_gen_v8_4_5 collision detected at time: 10719025000, Instance: tb_finalproject.dut.u_data_mem.inst.\native_mem_module.blk_mem_gen_v8_4_5_inst , A write address: 6, B  read address: 6
blk_mem_gen_v8_4_5 collision detected at time: 10729335000, Instance: tb_finalproject.dut.u_data_mem.inst.\native_mem_module.blk_mem_gen_v8_4_5_inst , A write address: 6, B  read address: 6
blk_mem_gen_v8_4_5 collision detected at time: 10750985000, Instance: tb_finalproject.dut.u_data_mem.inst.\native_mem_module.blk_mem_gen_v8_4_5_inst , A write address: 6, B  read address: 6
blk_mem_gen_v8_4_5 collision detected at time: 10751005000, Instance: tb_finalproject.dut.u_data_mem.inst.\native_mem_module.blk_mem_gen_v8_4_5_inst , A read address: 6, B write address: 6
blk_mem_gen_v8_4_5 collision detected at time: 10916365000, Instance: tb_finalproject.dut.u_data_mem.inst.\native_mem_module.blk_mem_gen_v8_4_5_inst , A write address: 6, B  read address: 6
blk_mem_gen_v8_4_5 collision detected at time: 10926675000, Instance: tb_finalproject.dut.u_data_mem.inst.\native_mem_module.blk_mem_gen_v8_4_5_inst , A write address: 6, B  read address: 6
blk_mem_gen_v8_4_5 collision detected at time: 10948325000, Instance: tb_finalproject.dut.u_data_mem.inst.\native_mem_module.blk_mem_gen_v8_4_5_inst , A write address: 6, B  read address: 6
blk_mem_gen_v8_4_5 collision detected at time: 10948345000, Instance: tb_finalproject.dut.u_data_mem.inst.\native_mem_module.blk_mem_gen_v8_4_5_inst , A read address: 6, B write address: 6
blk_mem_gen_v8_4_5 collision detected at time: 11146455000, Instance: tb_finalproject.dut.u_data_mem.inst.\native_mem_module.blk_mem_gen_v8_4_5_inst , A write address: 6, B  read address: 6
blk_mem_gen_v8_4_5 collision detected at time: 11156765000, Instance: tb_finalproject.dut.u_data_mem.inst.\native_mem_module.blk_mem_gen_v8_4_5_inst , A write address: 6, B  read address: 6
blk_mem_gen_v8_4_5 collision detected at time: 11178415000, Instance: tb_finalproject.dut.u_data_mem.inst.\native_mem_module.blk_mem_gen_v8_4_5_inst , A write address: 6, B  read address: 6
blk_mem_gen_v8_4_5 collision detected at time: 11178435000, Instance: tb_finalproject.dut.u_data_mem.inst.\native_mem_module.blk_mem_gen_v8_4_5_inst , A read address: 6, B write address: 6
result_valid = 7fff
result_pass  = 7fff
cycle_count  = 30712
addr13       = 00000401
FINALPROJECT_RTL_PASS
$finish called at time : 11492125 ns : File "C:/Users/User/DSD_Lab/Final/DSD_final_project/tb/tb_finalproject.v" Line 60
run: Time (s): cpu = 00:00:06 ; elapsed = 00:00:13 . Memory (MB): peak = 1226.312 ; gain = 0.000
launch_runs impl_1 -jobs 16
[Sat May 16 01:40:07 2026] Launched impl_1...
Run output will be captured here: C:/Users/User/DSD_Lab/Final/DSD_final_project/final/final.runs/impl_1/runme.log
launch_runs impl_1 -to_step write_bitstream -jobs 16
[Sat May 16 01:46:59 2026] Launched impl_1...
Run output will be captured here: C:/Users/User/DSD_Lab/Final/DSD_final_project/final/final.runs/impl_1/runme.log
open_hw_manager
connect_hw_server -allow_non_jtag
INFO: [Labtools 27-2285] Connecting to hw_server url TCP:localhost:3121
INFO: [Labtools 27-2222] Launching hw_server...
INFO: [Labtools 27-2221] Launch Output:

****** Xilinx hw_server v2022.1
  **** Build date : Apr 18 2022 at 16:02:36
    ** Copyright 1986-2022 Xilinx, Inc. All Rights Reserved.


INFO: [Labtools 27-3415] Connecting to cs_server url TCP:localhost:3042
INFO: [Labtools 27-3417] Launching cs_server...
INFO: [Labtools 27-2221] Launch Output:


******** Xilinx cs_server v2022.1.0
  ****** Build date   : Apr 13 2022-03:12:08
    **** Build number : 2022.1.1649790728
      ** Copyright 2017-2026 Xilinx, Inc. All Rights Reserved.



connect_hw_server: Time (s): cpu = 00:00:01 ; elapsed = 00:00:08 . Memory (MB): peak = 1226.312 ; gain = 0.000
open_hw_target
INFO: [Labtoolstcl 44-466] Opening hw_target localhost:3121/xilinx_tcf/Xilinx/1234-tulA
open_hw_target: Time (s): cpu = 00:00:05 ; elapsed = 00:00:05 . Memory (MB): peak = 3314.289 ; gain = 2087.977
set_property PROGRAM.FILE {C:/Users/User/DSD_Lab/Final/DSD_final_project/final/final.runs/impl_1/RISCV_CNN.bit} [get_hw_devices xc7a35t_0]
current_hw_device [get_hw_devices xc7a35t_0]
refresh_hw_device -update_hw_probes false [lindex [get_hw_devices xc7a35t_0] 0]
INFO: [Labtools 27-1434] Device xc7a35t (JTAG device index = 0) is programmed with a design that has no supported debug core(s) in it.
set_property PROBES.FILE {} [get_hw_devices xc7a35t_0]
set_property FULL_PROBES.FILE {} [get_hw_devices xc7a35t_0]
set_property PROGRAM.FILE {C:/Users/User/DSD_Lab/Final/DSD_final_project/final/final.runs/impl_1/RISCV_CNN.bit} [get_hw_devices xc7a35t_0]
program_hw_devices [get_hw_devices xc7a35t_0]
INFO: [Labtools 27-3164] End of startup status: HIGH
refresh_hw_device [lindex [get_hw_devices xc7a35t_0] 0]
INFO: [Labtools 27-1434] Device xc7a35t (JTAG device index = 0) is programmed with a design that has no supported debug core(s) in it.
ERROR: [Labtoolstcl 44-513] HW Target shutdown. Closing target: localhost:3121/xilinx_tcf/Xilinx/1234-tulA
close_sim
INFO: xsimkernel Simulation Memory Usage: 20844 KB (Peak: 20844 KB), Simulation CPU Usage: 11655 ms
INFO: [Simtcl 6-16] Simulation closed
exit
INFO: [Common 17-206] Exiting Vivado at Sat May 16 01:52:12 2026...
