#-----------------------------------------------------------
# Vivado v2022.1 (64-bit)
# SW Build 3526262 on Mon Apr 18 15:48:16 MDT 2022
# IP Build 3524634 on Mon Apr 18 20:55:01 MDT 2022
# Start of session at: Sun May 17 15:26:09 2026
# Process ID: 61760
# Current directory: C:/Users/User/DSD_Lab/Final/DSD_final_project/final
# Command line: vivado.exe -gui_launcher_event rodinguilauncherevent61560 C:\Users\User\DSD_Lab\Final\DSD_final_project\final\final.xpr
# Log file: C:/Users/User/DSD_Lab/Final/DSD_final_project/final/vivado.log
# Journal file: C:/Users/User/DSD_Lab/Final/DSD_final_project/final\vivado.jou
# Running On: MSI, OS: Windows, CPU Frequency: 1797 MHz, CPU Physical cores: 16, Host memory: 33677 MB
#-----------------------------------------------------------
start_gui
open_project C:/Users/User/DSD_Lab/Final/DSD_final_project/final/final.xpr
update_compile_order -fileset sources_1
launch_runs impl_1 -to_step write_bitstream -jobs 16
wait_on_run impl_1
open_hw_manager
connect_hw_server -allow_non_jtag
open_hw_target
set_property PROGRAM.FILE {C:/Users/User/DSD_Lab/Final/DSD_final_project/final/final.runs/impl_1/RISCV_CNN.bit} [get_hw_devices xc7a35t_0]
current_hw_device [get_hw_devices xc7a35t_0]
refresh_hw_device -update_hw_probes false [lindex [get_hw_devices xc7a35t_0] 0]
set_property PROBES.FILE {} [get_hw_devices xc7a35t_0]
set_property FULL_PROBES.FILE {} [get_hw_devices xc7a35t_0]
set_property PROGRAM.FILE {C:/Users/User/DSD_Lab/Final/DSD_final_project/final/final.runs/impl_1/RISCV_CNN.bit} [get_hw_devices xc7a35t_0]
program_hw_devices [get_hw_devices xc7a35t_0]
refresh_hw_device [lindex [get_hw_devices xc7a35t_0] 0]
