
*** Running vivado
    with args -log RISCV_CNN.vds -m64 -product Vivado -mode batch -messageDb vivado.pb -notrace -source RISCV_CNN.tcl



****** Vivado v2022.1 (64-bit)
  **** SW Build 3526262 on Mon Apr 18 15:48:16 MDT 2022
  **** IP Build 3524634 on Mon Apr 18 20:55:01 MDT 2022
    ** Copyright 1986-2022 Xilinx, Inc. All Rights Reserved.

source RISCV_CNN.tcl -notrace
Command: synth_design -top RISCV_CNN -part xc7a35tcsg324-1
Starting synth_design
Attempting to get a license for feature 'Synthesis' and/or device 'xc7a35t'
INFO: [Common 17-349] Got license for feature 'Synthesis' and/or device 'xc7a35t'
INFO: [Device 21-403] Loading part xc7a35tcsg324-1
INFO: [Synth 8-7079] Multithreading enabled for synth_design using a maximum of 2 processes.
INFO: [Synth 8-7078] Launching helper process for spawning children vivado processes
INFO: [Synth 8-7075] Helper process launched with PID 141300
---------------------------------------------------------------------------------
Starting RTL Elaboration : Time (s): cpu = 00:00:05 ; elapsed = 00:00:05 . Memory (MB): peak = 1285.172 ; gain = 0.000
---------------------------------------------------------------------------------
INFO: [Synth 8-6157] synthesizing module 'RISCV_CNN' [C:/Users/User/DSD_Lab/Final/DSD_final_project/RISCV_CNN.v:3]
INFO: [Synth 8-6157] synthesizing module 'test_circuit' [C:/Users/User/DSD_Lab/Final/DSD_final_project/test_circuit_bram_ip.v:1]
INFO: [Synth 8-226] default block is never used [C:/Users/User/DSD_Lab/Final/DSD_final_project/test_circuit_bram_ip.v:793]
INFO: [Synth 8-226] default block is never used [C:/Users/User/DSD_Lab/Final/DSD_final_project/test_circuit_bram_ip.v:891]
INFO: [Synth 8-226] default block is never used [C:/Users/User/DSD_Lab/Final/DSD_final_project/test_circuit_bram_ip.v:845]
INFO: [Synth 8-6157] synthesizing module 'init_rom' [C:/Users/User/DSD_Lab/Final/DSD_final_project/final/final.runs/synth_1/.Xil/Vivado-138652-MSI/realtime/init_rom_stub.v:5]
INFO: [Synth 8-6155] done synthesizing module 'init_rom' (0#1) [C:/Users/User/DSD_Lab/Final/DSD_final_project/final/final.runs/synth_1/.Xil/Vivado-138652-MSI/realtime/init_rom_stub.v:5]
INFO: [Synth 8-6157] synthesizing module 'golden_rom' [C:/Users/User/DSD_Lab/Final/DSD_final_project/final/final.runs/synth_1/.Xil/Vivado-138652-MSI/realtime/golden_rom_stub.v:5]
INFO: [Synth 8-6155] done synthesizing module 'golden_rom' (0#1) [C:/Users/User/DSD_Lab/Final/DSD_final_project/final/final.runs/synth_1/.Xil/Vivado-138652-MSI/realtime/golden_rom_stub.v:5]
INFO: [Synth 8-6155] done synthesizing module 'test_circuit' (0#1) [C:/Users/User/DSD_Lab/Final/DSD_final_project/test_circuit_bram_ip.v:1]
INFO: [Synth 8-6157] synthesizing module 'Simple_CPU' [C:/Users/User/DSD_Lab/Final/DSD_final_project/RISCV_CNN.v:120]
INFO: [Synth 8-6157] synthesizing module 'Instruction_Memory' [C:/Users/User/DSD_Lab/Final/DSD_final_project/final/final.runs/synth_1/.Xil/Vivado-138652-MSI/realtime/Instruction_Memory_stub.v:5]
INFO: [Synth 8-6155] done synthesizing module 'Instruction_Memory' (0#1) [C:/Users/User/DSD_Lab/Final/DSD_final_project/final/final.runs/synth_1/.Xil/Vivado-138652-MSI/realtime/Instruction_Memory_stub.v:5]
INFO: [Synth 8-6155] done synthesizing module 'Simple_CPU' (0#1) [C:/Users/User/DSD_Lab/Final/DSD_final_project/RISCV_CNN.v:120]
INFO: [Synth 8-6157] synthesizing module 'CNN' [C:/Users/User/DSD_Lab/Final/DSD_final_project/RISCV_CNN.v:278]
INFO: [Synth 8-6155] done synthesizing module 'CNN' (0#1) [C:/Users/User/DSD_Lab/Final/DSD_final_project/RISCV_CNN.v:278]
INFO: [Synth 8-6157] synthesizing module 'Data_mem' [C:/Users/User/DSD_Lab/Final/DSD_final_project/final/final.runs/synth_1/.Xil/Vivado-138652-MSI/realtime/Data_mem_stub.v:5]
INFO: [Synth 8-6155] done synthesizing module 'Data_mem' (0#1) [C:/Users/User/DSD_Lab/Final/DSD_final_project/final/final.runs/synth_1/.Xil/Vivado-138652-MSI/realtime/Data_mem_stub.v:5]
INFO: [Synth 8-6155] done synthesizing module 'RISCV_CNN' (0#1) [C:/Users/User/DSD_Lab/Final/DSD_final_project/RISCV_CNN.v:3]
WARNING: [Synth 8-6014] Unused sequential element captured_addr13_reg was removed.  [C:/Users/User/DSD_Lab/Final/DSD_final_project/test_circuit_bram_ip.v:267]
WARNING: [Synth 8-3936] Found unconnected internal register 'ofmap_elem_count_ext_reg' and it is trimmed from '12' to '10' bits. [C:/Users/User/DSD_Lab/Final/DSD_final_project/test_circuit_bram_ip.v:721]
WARNING: [Synth 8-3936] Found unconnected internal register 'final_ofmap_size_ext_reg' and it is trimmed from '12' to '10' bits. [C:/Users/User/DSD_Lab/Final/DSD_final_project/test_circuit_bram_ip.v:720]
WARNING: [Synth 8-6014] Unused sequential element row_reg was removed.  [C:/Users/User/DSD_Lab/Final/DSD_final_project/RISCV_CNN.v:569]
WARNING: [Synth 8-6014] Unused sequential element cache_valid_reg was removed.  [C:/Users/User/DSD_Lab/Final/DSD_final_project/RISCV_CNN.v:586]
WARNING: [Synth 8-6014] Unused sequential element cache_lane_reg[0] was removed.  [C:/Users/User/DSD_Lab/Final/DSD_final_project/RISCV_CNN.v:595]
WARNING: [Synth 8-6014] Unused sequential element cache_lane_reg[1] was removed.  [C:/Users/User/DSD_Lab/Final/DSD_final_project/RISCV_CNN.v:595]
WARNING: [Synth 8-6014] Unused sequential element cache_lane_reg[2] was removed.  [C:/Users/User/DSD_Lab/Final/DSD_final_project/RISCV_CNN.v:595]
WARNING: [Synth 8-6014] Unused sequential element cache_word0_reg[0] was removed.  [C:/Users/User/DSD_Lab/Final/DSD_final_project/RISCV_CNN.v:593]
WARNING: [Synth 8-6014] Unused sequential element cache_word0_reg[1] was removed.  [C:/Users/User/DSD_Lab/Final/DSD_final_project/RISCV_CNN.v:593]
WARNING: [Synth 8-6014] Unused sequential element cache_word0_reg[2] was removed.  [C:/Users/User/DSD_Lab/Final/DSD_final_project/RISCV_CNN.v:593]
WARNING: [Synth 8-6014] Unused sequential element cache_word1_reg[0] was removed.  [C:/Users/User/DSD_Lab/Final/DSD_final_project/RISCV_CNN.v:594]
WARNING: [Synth 8-6014] Unused sequential element cache_word1_reg[1] was removed.  [C:/Users/User/DSD_Lab/Final/DSD_final_project/RISCV_CNN.v:594]
WARNING: [Synth 8-6014] Unused sequential element cache_word1_reg[2] was removed.  [C:/Users/User/DSD_Lab/Final/DSD_final_project/RISCV_CNN.v:594]
---------------------------------------------------------------------------------
Finished RTL Elaboration : Time (s): cpu = 00:00:07 ; elapsed = 00:00:08 . Memory (MB): peak = 1285.172 ; gain = 0.000
---------------------------------------------------------------------------------
---------------------------------------------------------------------------------
Start Handling Custom Attributes
---------------------------------------------------------------------------------
---------------------------------------------------------------------------------
Finished Handling Custom Attributes : Time (s): cpu = 00:00:08 ; elapsed = 00:00:08 . Memory (MB): peak = 1285.172 ; gain = 0.000
---------------------------------------------------------------------------------
---------------------------------------------------------------------------------
Finished RTL Optimization Phase 1 : Time (s): cpu = 00:00:08 ; elapsed = 00:00:08 . Memory (MB): peak = 1285.172 ; gain = 0.000
---------------------------------------------------------------------------------
Netlist sorting complete. Time (s): cpu = 00:00:00 ; elapsed = 00:00:00.049 . Memory (MB): peak = 1285.172 ; gain = 0.000
INFO: [Project 1-570] Preparing netlist for logic optimization

Processing XDC Constraints
Initializing timing engine
Parsing XDC File [c:/Users/User/DSD_Lab/Final/DSD_final_project/final/final.gen/sources_1/ip/Data_mem/Data_mem/Data_mem_in_context.xdc] for cell 'u_data_mem'
Finished Parsing XDC File [c:/Users/User/DSD_Lab/Final/DSD_final_project/final/final.gen/sources_1/ip/Data_mem/Data_mem/Data_mem_in_context.xdc] for cell 'u_data_mem'
Parsing XDC File [c:/Users/User/DSD_Lab/Final/DSD_final_project/final/final.gen/sources_1/ip/golden_rom/golden_rom/golden_rom_in_context.xdc] for cell 'u_test_circuit/golden_rom_inst'
Finished Parsing XDC File [c:/Users/User/DSD_Lab/Final/DSD_final_project/final/final.gen/sources_1/ip/golden_rom/golden_rom/golden_rom_in_context.xdc] for cell 'u_test_circuit/golden_rom_inst'
Parsing XDC File [c:/Users/User/DSD_Lab/Final/DSD_final_project/final/final.gen/sources_1/ip/init_rom/init_rom/init_rom_in_context.xdc] for cell 'u_test_circuit/init_rom_inst'
Finished Parsing XDC File [c:/Users/User/DSD_Lab/Final/DSD_final_project/final/final.gen/sources_1/ip/init_rom/init_rom/init_rom_in_context.xdc] for cell 'u_test_circuit/init_rom_inst'
Parsing XDC File [c:/Users/User/DSD_Lab/Final/DSD_final_project/final/final.gen/sources_1/ip/Instruction_Memory/Instruction_Memory/Instruction_Memory_in_context.xdc] for cell 'u_cpu/u_Instruction_Memory'
Finished Parsing XDC File [c:/Users/User/DSD_Lab/Final/DSD_final_project/final/final.gen/sources_1/ip/Instruction_Memory/Instruction_Memory/Instruction_Memory_in_context.xdc] for cell 'u_cpu/u_Instruction_Memory'
Parsing XDC File [C:/Users/User/DSD_Lab/Final/DSD_final_project/constraints/RISCV_CNN.xdc]
Finished Parsing XDC File [C:/Users/User/DSD_Lab/Final/DSD_final_project/constraints/RISCV_CNN.xdc]
INFO: [Project 1-236] Implementation specific constraints were found while reading constraint file [C:/Users/User/DSD_Lab/Final/DSD_final_project/constraints/RISCV_CNN.xdc]. These constraints will be ignored for synthesis but will be used in implementation. Impacted constraints are listed in the file [.Xil/RISCV_CNN_propImpl.xdc].
Resolution: To avoid this warning, move constraints listed in [.Xil/RISCV_CNN_propImpl.xdc] to another XDC file and exclude this new file from synthesis with the used_in_synthesis property (File Properties dialog in GUI) and re-run elaboration/synthesis.
Completed Processing XDC Constraints

Netlist sorting complete. Time (s): cpu = 00:00:00 ; elapsed = 00:00:00.001 . Memory (MB): peak = 1375.164 ; gain = 0.000
INFO: [Project 1-111] Unisim Transformation Summary:
No Unisim elements were transformed.

Constraint Validation Runtime : Time (s): cpu = 00:00:00 ; elapsed = 00:00:00.020 . Memory (MB): peak = 1375.164 ; gain = 0.000
WARNING: [Timing 38-316] Clock period '20.000' specified during out-of-context synthesis of instance 'u_data_mem' at clock pin 'clka' is different from the actual clock period '10.000', this can lead to different synthesis results.
WARNING: [Timing 38-316] Clock period '20.000' specified during out-of-context synthesis of instance 'u_cpu/u_Instruction_Memory' at clock pin 'clka' is different from the actual clock period '10.000', this can lead to different synthesis results.
WARNING: [Timing 38-316] Clock period '20.000' specified during out-of-context synthesis of instance 'u_test_circuit/golden_rom_inst' at clock pin 'clka' is different from the actual clock period '10.000', this can lead to different synthesis results.
WARNING: [Timing 38-316] Clock period '20.000' specified during out-of-context synthesis of instance 'u_test_circuit/init_rom_inst' at clock pin 'clka' is different from the actual clock period '10.000', this can lead to different synthesis results.
---------------------------------------------------------------------------------
Finished Constraint Validation : Time (s): cpu = 00:00:16 ; elapsed = 00:00:16 . Memory (MB): peak = 1378.387 ; gain = 93.215
---------------------------------------------------------------------------------
---------------------------------------------------------------------------------
Start Loading Part and Timing Information
---------------------------------------------------------------------------------
Loading part: xc7a35tcsg324-1
---------------------------------------------------------------------------------
Finished Loading Part and Timing Information : Time (s): cpu = 00:00:16 ; elapsed = 00:00:16 . Memory (MB): peak = 1378.387 ; gain = 93.215
---------------------------------------------------------------------------------
---------------------------------------------------------------------------------
Start Applying 'set_property' XDC Constraints
---------------------------------------------------------------------------------
Applied set_property KEEP_HIERARCHY = SOFT for u_data_mem. (constraint file  auto generated constraint).
Applied set_property KEEP_HIERARCHY = SOFT for u_test_circuit/golden_rom_inst. (constraint file  auto generated constraint).
Applied set_property KEEP_HIERARCHY = SOFT for u_test_circuit/init_rom_inst. (constraint file  auto generated constraint).
Applied set_property KEEP_HIERARCHY = SOFT for u_cpu/u_Instruction_Memory. (constraint file  auto generated constraint).
---------------------------------------------------------------------------------
Finished applying 'set_property' XDC Constraints : Time (s): cpu = 00:00:16 ; elapsed = 00:00:17 . Memory (MB): peak = 1378.387 ; gain = 93.215
---------------------------------------------------------------------------------
INFO: [Synth 8-802] inferred FSM for state register 'state_reg' in module 'Simple_CPU'
---------------------------------------------------------------------------------------------------
                   State |                     New Encoding |                Previous Encoding 
---------------------------------------------------------------------------------------------------
            S_FETCH_ADDR |                          0000001 |                            00000
            S_FETCH_WAIT |                          0000010 |                            00001
             S_FETCH_CAP |                          0000100 |                            00110
                S_DECODE |                          0001000 |                            00010
             S_LOAD_WAIT |                          0010000 |                            00011
               S_LOAD_WB |                          0100000 |                            00100
                 S_STORE |                          1000000 |                            00101
---------------------------------------------------------------------------------------------------
INFO: [Synth 8-3354] encoded FSM with state register 'state_reg' using encoding 'one-hot' in module 'Simple_CPU'
---------------------------------------------------------------------------------
Finished RTL Optimization Phase 2 : Time (s): cpu = 00:00:19 ; elapsed = 00:00:20 . Memory (MB): peak = 1378.387 ; gain = 93.215
---------------------------------------------------------------------------------
---------------------------------------------------------------------------------
Start RTL Component Statistics 
---------------------------------------------------------------------------------
Detailed RTL Component Info : 
+---Adders : 
	   2 Input   32 Bit       Adders := 5     
	   3 Input   32 Bit       Adders := 1     
	   2 Input   20 Bit       Adders := 1     
	   2 Input   14 Bit       Adders := 1     
	   4 Input   12 Bit       Adders := 1     
	   2 Input   12 Bit       Adders := 8     
	   3 Input   12 Bit       Adders := 2     
	   2 Input   11 Bit       Adders := 1     
	   2 Input   10 Bit       Adders := 8     
	   2 Input    8 Bit       Adders := 2     
	   4 Input    8 Bit       Adders := 1     
	   2 Input    6 Bit       Adders := 4     
	   2 Input    4 Bit       Adders := 2     
	  15 Input    4 Bit       Adders := 1     
	  10 Input    4 Bit       Adders := 1     
	   5 Input    4 Bit       Adders := 1     
	   2 Input    2 Bit       Adders := 1     
+---Registers : 
	               32 Bit    Registers := 45    
	               20 Bit    Registers := 1     
	               16 Bit    Registers := 1     
	               15 Bit    Registers := 2     
	               12 Bit    Registers := 3     
	               10 Bit    Registers := 10    
	                8 Bit    Registers := 26    
	                7 Bit    Registers := 2     
	                6 Bit    Registers := 4     
	                5 Bit    Registers := 2     
	                4 Bit    Registers := 6     
	                2 Bit    Registers := 4     
	                1 Bit    Registers := 18    
+---Muxes : 
	  22 Input   32 Bit        Muxes := 4     
	   2 Input   32 Bit        Muxes := 7     
	  15 Input   32 Bit        Muxes := 1     
	   7 Input   32 Bit        Muxes := 2     
	  28 Input   32 Bit        Muxes := 2     
	   4 Input   32 Bit        Muxes := 2     
	   2 Input   20 Bit        Muxes := 2     
	   2 Input   16 Bit        Muxes := 2     
	   2 Input   15 Bit        Muxes := 1     
	   7 Input   15 Bit        Muxes := 3     
	  22 Input   15 Bit        Muxes := 1     
	   2 Input   12 Bit        Muxes := 3     
	  28 Input   12 Bit        Muxes := 2     
	   3 Input   12 Bit        Muxes := 1     
	  22 Input   10 Bit        Muxes := 3     
	   2 Input   10 Bit        Muxes := 5     
	   5 Input   10 Bit        Muxes := 1     
	   7 Input   10 Bit        Muxes := 1     
	  28 Input   10 Bit        Muxes := 3     
	  22 Input    8 Bit        Muxes := 3     
	   2 Input    8 Bit        Muxes := 7     
	   4 Input    8 Bit        Muxes := 2     
	   5 Input    8 Bit        Muxes := 1     
	  22 Input    7 Bit        Muxes := 1     
	   2 Input    7 Bit        Muxes := 1     
	   7 Input    7 Bit        Muxes := 1     
	   6 Input    7 Bit        Muxes := 1     
	  28 Input    6 Bit        Muxes := 1     
	   2 Input    6 Bit        Muxes := 1     
	   2 Input    5 Bit        Muxes := 8     
	   2 Input    4 Bit        Muxes := 4     
	  22 Input    4 Bit        Muxes := 1     
	   4 Input    4 Bit        Muxes := 2     
	  28 Input    4 Bit        Muxes := 1     
	  15 Input    3 Bit        Muxes := 1     
	   5 Input    3 Bit        Muxes := 1     
	  22 Input    2 Bit        Muxes := 1     
	  28 Input    2 Bit        Muxes := 2     
	   2 Input    2 Bit        Muxes := 1     
	  22 Input    1 Bit        Muxes := 16    
	   4 Input    1 Bit        Muxes := 2     
	   2 Input    1 Bit        Muxes := 139   
	  15 Input    1 Bit        Muxes := 1     
	   6 Input    1 Bit        Muxes := 45    
	   7 Input    1 Bit        Muxes := 34    
	  28 Input    1 Bit        Muxes := 26    
---------------------------------------------------------------------------------
Finished RTL Component Statistics 
---------------------------------------------------------------------------------
---------------------------------------------------------------------------------
Start Part Resource Summary
---------------------------------------------------------------------------------
Part Resources:
DSPs: 90 (col length:60)
BRAMs: 100 (col length: RAMB18 60 RAMB36 30)
---------------------------------------------------------------------------------
Finished Part Resource Summary
---------------------------------------------------------------------------------
---------------------------------------------------------------------------------
Start Cross Boundary and Area Optimization
---------------------------------------------------------------------------------
WARNING: [Synth 8-7080] Parallel synthesis criteria is not met
DSP Report: Generating DSP ofmap_word_count_q1, operation Mode is: (C:0x3)+(D+(A:0x3ffffffc))*B.
DSP Report: operator ofmap_word_count_q1 is absorbed into DSP ofmap_word_count_q1.
DSP Report: operator ofmap_word_count_q2 is absorbed into DSP ofmap_word_count_q1.
DSP Report: operator ofmap_word_count_q3 is absorbed into DSP ofmap_word_count_q1.
DSP Report: Generating DSP u_cnn/last_pixel0, operation Mode is: (C:0xffffffffffff)+(A*B)'.
DSP Report: register u_cnn/total_pixels_reg is absorbed into DSP u_cnn/last_pixel0.
DSP Report: operator u_cnn/last_pixel0 is absorbed into DSP u_cnn/last_pixel0.
DSP Report: operator total_pixels0 is absorbed into DSP u_cnn/last_pixel0.
---------------------------------------------------------------------------------
Finished Cross Boundary and Area Optimization : Time (s): cpu = 00:01:30 ; elapsed = 00:01:32 . Memory (MB): peak = 1388.676 ; gain = 103.504
---------------------------------------------------------------------------------
---------------------------------------------------------------------------------
Start ROM, RAM, DSP, Shift Register and Retiming Reporting
---------------------------------------------------------------------------------

DSP: Preliminary Mapping Report (see note below. The ' indicates corresponding REG is set)
+-------------+------------------------------+--------+--------+--------+--------+--------+------+------+------+------+-------+------+------+
|Module Name  | DSP Mapping                  | A Size | B Size | C Size | D Size | P Size | AREG | BREG | CREG | DREG | ADREG | MREG | PREG | 
+-------------+------------------------------+--------+--------+--------+--------+--------+------+------+------+------+-------+------+------+
|test_circuit | (C:0x3)+(D+(A:0x3ffffffc))*B | 4      | 10     | 2      | 6      | 10     | 0    | 0    | 0    | 0    | 0     | 0    | 0    | 
|CNN          | (C:0xffffffffffff)+(A*B)'    | 12     | 12     | 12     | -      | 12     | 0    | 0    | 0    | -    | -     | 1    | 0    | 
+-------------+------------------------------+--------+--------+--------+--------+--------+------+------+------+------+-------+------+------+

Note: The table above is a preliminary report that shows the DSPs inferred at the current stage of the synthesis flow. Some DSP may be reimplemented as non DSP primitives later in the synthesis flow. Multiple instantiated DSPs are reported only once.
---------------------------------------------------------------------------------
Finished ROM, RAM, DSP, Shift Register and Retiming Reporting
---------------------------------------------------------------------------------
---------------------------------------------------------------------------------
Start Applying XDC Timing Constraints
---------------------------------------------------------------------------------
---------------------------------------------------------------------------------
Finished Applying XDC Timing Constraints : Time (s): cpu = 00:01:39 ; elapsed = 00:01:41 . Memory (MB): peak = 1388.676 ; gain = 103.504
---------------------------------------------------------------------------------
---------------------------------------------------------------------------------
Start Timing Optimization
---------------------------------------------------------------------------------
---------------------------------------------------------------------------------
Finished Timing Optimization : Time (s): cpu = 00:01:43 ; elapsed = 00:01:45 . Memory (MB): peak = 1403.285 ; gain = 118.113
---------------------------------------------------------------------------------
---------------------------------------------------------------------------------
Start Technology Mapping
---------------------------------------------------------------------------------
---------------------------------------------------------------------------------
Finished Technology Mapping : Time (s): cpu = 00:01:46 ; elapsed = 00:01:48 . Memory (MB): peak = 1418.672 ; gain = 133.500
---------------------------------------------------------------------------------
---------------------------------------------------------------------------------
Start IO Insertion
---------------------------------------------------------------------------------
---------------------------------------------------------------------------------
Start Flattening Before IO Insertion
---------------------------------------------------------------------------------
---------------------------------------------------------------------------------
Finished Flattening Before IO Insertion
---------------------------------------------------------------------------------
---------------------------------------------------------------------------------
Start Final Netlist Cleanup
---------------------------------------------------------------------------------
---------------------------------------------------------------------------------
Finished Final Netlist Cleanup
---------------------------------------------------------------------------------
---------------------------------------------------------------------------------
Finished IO Insertion : Time (s): cpu = 00:01:52 ; elapsed = 00:01:54 . Memory (MB): peak = 1432.500 ; gain = 147.328
---------------------------------------------------------------------------------
---------------------------------------------------------------------------------
Start Renaming Generated Instances
---------------------------------------------------------------------------------
---------------------------------------------------------------------------------
Finished Renaming Generated Instances : Time (s): cpu = 00:01:52 ; elapsed = 00:01:54 . Memory (MB): peak = 1432.500 ; gain = 147.328
---------------------------------------------------------------------------------
---------------------------------------------------------------------------------
Start Rebuilding User Hierarchy
---------------------------------------------------------------------------------
---------------------------------------------------------------------------------
Finished Rebuilding User Hierarchy : Time (s): cpu = 00:01:52 ; elapsed = 00:01:54 . Memory (MB): peak = 1432.500 ; gain = 147.328
---------------------------------------------------------------------------------
---------------------------------------------------------------------------------
Start Renaming Generated Ports
---------------------------------------------------------------------------------
---------------------------------------------------------------------------------
Finished Renaming Generated Ports : Time (s): cpu = 00:01:52 ; elapsed = 00:01:54 . Memory (MB): peak = 1432.500 ; gain = 147.328
---------------------------------------------------------------------------------
---------------------------------------------------------------------------------
Start Handling Custom Attributes
---------------------------------------------------------------------------------
---------------------------------------------------------------------------------
Finished Handling Custom Attributes : Time (s): cpu = 00:01:52 ; elapsed = 00:01:54 . Memory (MB): peak = 1432.500 ; gain = 147.328
---------------------------------------------------------------------------------
---------------------------------------------------------------------------------
Start Renaming Generated Nets
---------------------------------------------------------------------------------
---------------------------------------------------------------------------------
Finished Renaming Generated Nets : Time (s): cpu = 00:01:52 ; elapsed = 00:01:54 . Memory (MB): peak = 1432.500 ; gain = 147.328
---------------------------------------------------------------------------------
---------------------------------------------------------------------------------
Start Writing Synthesis Report
---------------------------------------------------------------------------------

DSP Final Report (the ' indicates corresponding REG is set)
+-------------+-------------+--------+--------+--------+--------+--------+------+------+------+------+-------+------+------+
|Module Name  | DSP Mapping | A Size | B Size | C Size | D Size | P Size | AREG | BREG | CREG | DREG | ADREG | MREG | PREG | 
+-------------+-------------+--------+--------+--------+--------+--------+------+------+------+------+-------+------+------+
|CNN          | (C+A*B)'    | 12     | 12     | 48     | -      | 12     | 0    | 0    | 0    | -    | -     | 0    | 1    | 
|test_circuit | C+D+A*B     | 30     | 5      | 2      | 6      | 10     | 0    | 0    | 0    | 0    | 0     | 0    | 0    | 
+-------------+-------------+--------+--------+--------+--------+--------+------+------+------+------+-------+------+------+


Report BlackBoxes: 
+------+-------------------+----------+
|      |BlackBox name      |Instances |
+------+-------------------+----------+
|1     |Data_mem           |         1|
|2     |Instruction_Memory |         1|
|3     |init_rom           |         1|
|4     |golden_rom         |         1|
+------+-------------------+----------+

Report Cell Usage: 
+------+-------------------+------+
|      |Cell               |Count |
+------+-------------------+------+
|1     |Data_mem           |     1|
|2     |Instruction_Memory |     1|
|3     |golden_rom         |     1|
|4     |init_rom           |     1|
|5     |BUFG               |     1|
|6     |CARRY4             |   160|
|7     |DSP48E1            |     2|
|9     |LUT1               |    19|
|10    |LUT2               |   436|
|11    |LUT3               |   210|
|12    |LUT4               |   384|
|13    |LUT5               |   372|
|14    |LUT6               |  1095|
|15    |MUXF7              |   261|
|16    |MUXF8              |     2|
|17    |FDCE               |   293|
|18    |FDPE               |     1|
|19    |FDRE               |  1561|
|20    |FDSE               |     1|
|21    |IBUF               |     8|
|22    |OBUF               |    11|
+------+-------------------+------+
---------------------------------------------------------------------------------
Finished Writing Synthesis Report : Time (s): cpu = 00:01:52 ; elapsed = 00:01:54 . Memory (MB): peak = 1432.500 ; gain = 147.328
---------------------------------------------------------------------------------
Synthesis finished with 0 errors, 0 critical warnings and 1 warnings.
Synthesis Optimization Runtime : Time (s): cpu = 00:01:42 ; elapsed = 00:01:52 . Memory (MB): peak = 1432.500 ; gain = 54.113
Synthesis Optimization Complete : Time (s): cpu = 00:01:52 ; elapsed = 00:01:55 . Memory (MB): peak = 1432.500 ; gain = 147.328
INFO: [Project 1-571] Translating synthesized netlist
Netlist sorting complete. Time (s): cpu = 00:00:00 ; elapsed = 00:00:00.030 . Memory (MB): peak = 1444.586 ; gain = 0.000
INFO: [Netlist 29-17] Analyzing 425 Unisim elements for replacement
INFO: [Netlist 29-28] Unisim Transformation completed in 0 CPU seconds
INFO: [Project 1-570] Preparing netlist for logic optimization
INFO: [Opt 31-138] Pushed 0 inverter(s) to 0 load pin(s).
Netlist sorting complete. Time (s): cpu = 00:00:00 ; elapsed = 00:00:00.001 . Memory (MB): peak = 1450.227 ; gain = 0.000
INFO: [Project 1-111] Unisim Transformation Summary:
No Unisim elements were transformed.

Synth Design complete, checksum: f881cca5
INFO: [Common 17-83] Releasing license: Synthesis
36 Infos, 19 Warnings, 0 Critical Warnings and 0 Errors encountered.
synth_design completed successfully
synth_design: Time (s): cpu = 00:01:57 ; elapsed = 00:02:01 . Memory (MB): peak = 1450.227 ; gain = 165.055
INFO: [Common 17-1381] The checkpoint 'C:/Users/User/DSD_Lab/Final/DSD_final_project/final/final.runs/synth_1/RISCV_CNN.dcp' has been generated.
INFO: [runtcl-4] Executing : report_utilization -file RISCV_CNN_utilization_synth.rpt -pb RISCV_CNN_utilization_synth.pb
INFO: [Common 17-206] Exiting Vivado at Sun May 24 15:48:25 2026...
